Archive member included to satisfy reference by file (symbol)

c:/program files (x86)/atmel/studio/7.0/toolchain/arm/arm-gnu-toolchain/bin/../lib/gcc/arm-none-eabi/6.3.1/thumb/v6-m\libgcc.a(_udivsi3.o)
                              src/ASF/sam0/drivers/system/clock/clock_samd21_r21_da_ha1/clock.o (__aeabi_uidiv)
c:/program files (x86)/atmel/studio/7.0/toolchain/arm/arm-gnu-toolchain/bin/../lib/gcc/arm-none-eabi/6.3.1/thumb/v6-m\libgcc.a(_dvmd_tls.o)
                              c:/program files (x86)/atmel/studio/7.0/toolchain/arm/arm-gnu-toolchain/bin/../lib/gcc/arm-none-eabi/6.3.1/thumb/v6-m\libgcc.a(_udivsi3.o) (__aeabi_idiv0)
c:/program files (x86)/atmel/studio/7.0/toolchain/arm/arm-gnu-toolchain/bin/../lib/gcc/arm-none-eabi/6.3.1/thumb/v6-m\libgcc.a(_muldi3.o)
                              src/ASF/sam0/drivers/sercom/sercom.o (__aeabi_lmul)
c:/program files (x86)/atmel/studio/7.0/toolchain/arm/arm-gnu-toolchain/bin/../lib/gcc/arm-none-eabi/6.3.1/../../../../arm-none-eabi/lib/thumb/v6-m\libc_nano.a(lib_a-exit.o)
                              c:/program files (x86)/atmel/studio/7.0/toolchain/arm/arm-gnu-toolchain/bin/../lib/gcc/arm-none-eabi/6.3.1/../../../../arm-none-eabi/lib/thumb/v6-m/crt0.o (exit)
c:/program files (x86)/atmel/studio/7.0/toolchain/arm/arm-gnu-toolchain/bin/../lib/gcc/arm-none-eabi/6.3.1/../../../../arm-none-eabi/lib/thumb/v6-m\libc_nano.a(lib_a-impure.o)
                              c:/program files (x86)/atmel/studio/7.0/toolchain/arm/arm-gnu-toolchain/bin/../lib/gcc/arm-none-eabi/6.3.1/../../../../arm-none-eabi/lib/thumb/v6-m\libc_nano.a(lib_a-exit.o) (_global_impure_ptr)
c:/program files (x86)/atmel/studio/7.0/toolchain/arm/arm-gnu-toolchain/bin/../lib/gcc/arm-none-eabi/6.3.1/../../../../arm-none-eabi/lib/thumb/v6-m\libc_nano.a(lib_a-init.o)
                              c:/program files (x86)/atmel/studio/7.0/toolchain/arm/arm-gnu-toolchain/bin/../lib/gcc/arm-none-eabi/6.3.1/../../../../arm-none-eabi/lib/thumb/v6-m/crt0.o (__libc_init_array)
c:/program files (x86)/atmel/studio/7.0/toolchain/arm/arm-gnu-toolchain/bin/../lib/gcc/arm-none-eabi/6.3.1/../../../../arm-none-eabi/lib/thumb/v6-m\libc_nano.a(lib_a-memset.o)
                              c:/program files (x86)/atmel/studio/7.0/toolchain/arm/arm-gnu-toolchain/bin/../lib/gcc/arm-none-eabi/6.3.1/../../../../arm-none-eabi/lib/thumb/v6-m/crt0.o (memset)

Allocating common symbols
Common symbol       size              file

usart_instance      0x34              src/main.o
rx_buffer           0x5               src/main.o
_sercom_instances   0x18              src/ASF/sam0/drivers/sercom/sercom_interrupt.o

Discarded input sections

 .text          0x00000000        0x0 c:/program files (x86)/atmel/studio/7.0/toolchain/arm/arm-gnu-toolchain/bin/../lib/gcc/arm-none-eabi/6.3.1/thumb/v6-m/crti.o
 .data          0x00000000        0x0 c:/program files (x86)/atmel/studio/7.0/toolchain/arm/arm-gnu-toolchain/bin/../lib/gcc/arm-none-eabi/6.3.1/thumb/v6-m/crti.o
 .bss           0x00000000        0x0 c:/program files (x86)/atmel/studio/7.0/toolchain/arm/arm-gnu-toolchain/bin/../lib/gcc/arm-none-eabi/6.3.1/thumb/v6-m/crti.o
 .data          0x00000000        0x4 c:/program files (x86)/atmel/studio/7.0/toolchain/arm/arm-gnu-toolchain/bin/../lib/gcc/arm-none-eabi/6.3.1/thumb/v6-m/crtbegin.o
 .text          0x00000000       0x78 c:/program files (x86)/atmel/studio/7.0/toolchain/arm/arm-gnu-toolchain/bin/../lib/gcc/arm-none-eabi/6.3.1/../../../../arm-none-eabi/lib/thumb/v6-m/crt0.o
 .data          0x00000000        0x0 c:/program files (x86)/atmel/studio/7.0/toolchain/arm/arm-gnu-toolchain/bin/../lib/gcc/arm-none-eabi/6.3.1/../../../../arm-none-eabi/lib/thumb/v6-m/crt0.o
 .bss           0x00000000        0x0 c:/program files (x86)/atmel/studio/7.0/toolchain/arm/arm-gnu-toolchain/bin/../lib/gcc/arm-none-eabi/6.3.1/../../../../arm-none-eabi/lib/thumb/v6-m/crt0.o
 .ARM.extab     0x00000000        0x0 c:/program files (x86)/atmel/studio/7.0/toolchain/arm/arm-gnu-toolchain/bin/../lib/gcc/arm-none-eabi/6.3.1/../../../../arm-none-eabi/lib/thumb/v6-m/crt0.o
 .ARM.exidx     0x00000000        0x8 c:/program files (x86)/atmel/studio/7.0/toolchain/arm/arm-gnu-toolchain/bin/../lib/gcc/arm-none-eabi/6.3.1/../../../../arm-none-eabi/lib/thumb/v6-m/crt0.o
 .ARM.attributes
                0x00000000       0x1b c:/program files (x86)/atmel/studio/7.0/toolchain/arm/arm-gnu-toolchain/bin/../lib/gcc/arm-none-eabi/6.3.1/../../../../arm-none-eabi/lib/thumb/v6-m/crt0.o
 .group         0x00000000        0x8 src/ASF/common2/boards/user_board/init.o
 .group         0x00000000        0x8 src/ASF/common2/boards/user_board/init.o
 .group         0x00000000        0x8 src/ASF/common2/boards/user_board/init.o
 .group         0x00000000        0x8 src/ASF/common2/boards/user_board/init.o
 .group         0x00000000        0x8 src/ASF/common2/boards/user_board/init.o
 .group         0x00000000        0x8 src/ASF/common2/boards/user_board/init.o
[...]
Memory Configuration

Name             Origin             Length             Attributes
rom              0x00000000         0x00040000         xr
ram              0x20000000         0x00008000         xrw
*default*        0x00000000         0xffffffff

Linker script and memory map

LOAD c:/program files (x86)/atmel/studio/7.0/toolchain/arm/arm-gnu-toolchain/bin/../lib/gcc/arm-none-eabi/6.3.1/thumb/v6-m/crti.o
LOAD c:/program files (x86)/atmel/studio/7.0/toolchain/arm/arm-gnu-toolchain/bin/../lib/gcc/arm-none-eabi/6.3.1/thumb/v6-m/crtbegin.o
LOAD c:/program files (x86)/atmel/studio/7.0/toolchain/arm/arm-gnu-toolchain/bin/../lib/gcc/arm-none-eabi/6.3.1/../../../../arm-none-eabi/lib/thumb/v6-m/crt0.o
LOAD src/ASF/common2/boards/user_board/init.o
LOAD src/ASF/common/utils/interrupt/interrupt_sam_nvic.o
LOAD src/ASF/sam0/drivers/sercom/sercom.o
LOAD src/ASF/sam0/drivers/sercom/sercom_interrupt.o
LOAD src/ASF/sam0/drivers/sercom/usart/usart.o
LOAD src/ASF/sam0/drivers/sercom/usart/usart_interrupt.o
LOAD src/ASF/sam0/drivers/system/clock/clock_samd21_r21_da_ha1/clock.o
LOAD src/ASF/sam0/drivers/system/clock/clock_samd21_r21_da_ha1/gclk.o
LOAD src/ASF/sam0/drivers/system/interrupt/system_interrupt.o
LOAD src/ASF/sam0/drivers/system/pinmux/pinmux.o
LOAD src/ASF/sam0/drivers/system/system.o
LOAD src/ASF/sam0/utils/cmsis/samd21/source/gcc/startup_samd21.o
LOAD src/ASF/sam0/utils/cmsis/samd21/source/system_samd21.o
LOAD src/ASF/sam0/utils/syscalls/gcc/syscalls.o
LOAD src/main.o
START GROUP
LOAD ../src/ASF/thirdparty/CMSIS/Lib/GCC\libarm_cortexM0l_math.a
LOAD c:/program files (x86)/atmel/studio/7.0/toolchain/arm/arm-gnu-toolchain/bin/../lib/gcc/arm-none-eabi/6.3.1/../../../../arm-none-eabi/lib/thumb/v6-m\libm.a
END GROUP
START GROUP
LOAD c:/program files (x86)/atmel/studio/7.0/toolchain/arm/arm-gnu-toolchain/bin/../lib/gcc/arm-none-eabi/6.3.1/thumb/v6-m\libgcc.a
LOAD c:/program files (x86)/atmel/studio/7.0/toolchain/arm/arm-gnu-toolchain/bin/../lib/gcc/arm-none-eabi/6.3.1/../../../../arm-none-eabi/lib/thumb/v6-m\libc_nano.a
END GROUP
START GROUP
LOAD c:/program files (x86)/atmel/studio/7.0/toolchain/arm/arm-gnu-toolchain/bin/../lib/gcc/arm-none-eabi/6.3.1/thumb/v6-m\libgcc.a
LOAD c:/program files (x86)/atmel/studio/7.0/toolchain/arm/arm-gnu-toolchain/bin/../lib/gcc/arm-none-eabi/6.3.1/../../../../arm-none-eabi/lib/thumb/v6-m\libc_nano.a
END GROUP
LOAD c:/program files (x86)/atmel/studio/7.0/toolchain/arm/arm-gnu-toolchain/bin/../lib/gcc/arm-none-eabi/6.3.1/thumb/v6-m/crtend.o
LOAD c:/program files (x86)/atmel/studio/7.0/toolchain/arm/arm-gnu-toolchain/bin/../lib/gcc/arm-none-eabi/6.3.1/thumb/v6-m/crtn.o
                0x00002000                STACK_SIZE = DEFINED (STACK_SIZE)?STACK_SIZE:DEFINED (__stack_size__)?__stack_size__:0x2000

.text           0x00000000     0x16b4
                0x00000000                . = ALIGN (0x4)
                0x00000000                _sfixed = .
 *(.vectors .vectors.*)
 .vectors       0x00000000       0xb4 src/ASF/sam0/utils/cmsis/samd21/source/gcc/startup_samd21.o
                0x00000000                exception_table
 *(.text .text.* .gnu.linkonce.t.*)
 .text          0x000000b4       0x60 c:/program files (x86)/atmel/studio/7.0/toolchain/arm/arm-gnu-toolchain/bin/../lib/gcc/arm-none-eabi/6.3.1/thumb/v6-m/crtbegin.o
 .text.system_board_init
                0x00000114        0x2 src/ASF/common2/boards/user_board/init.o
                0x00000114                board_init
                0x00000114                system_board_init
 *fill*         0x00000116        0x2 
 .text.cpu_irq_enter_critical
                0x00000118       0x40 src/ASF/common/utils/interrupt/interrupt_sam_nvic.o
                0x00000118                cpu_irq_enter_critical
 .text.cpu_irq_leave_critical
                0x00000158       0x30 src/ASF/common/utils/interrupt/interrupt_sam_nvic.o
                0x00000158                cpu_irq_leave_critical
 .text.long_division
                0x00000188       0xba src/ASF/sam0/drivers/sercom/sercom.o
 .text._sercom_get_sync_baud_val
                0x00000242       0x28 src/ASF/sam0/drivers/sercom/sercom.o
                0x00000242                _sercom_get_sync_baud_val
 *fill*         0x0000026a        0x2 
 .text._sercom_get_async_baud_val
                0x0000026c       0x94 src/ASF/sam0/drivers/sercom/sercom.o
                0x0000026c                _sercom_get_async_baud_val
 .text.sercom_set_gclk_generator
                0x00000300       0x4c src/ASF/sam0/drivers/sercom/sercom.o
                0x00000300                sercom_set_gclk_generator
 .text._sercom_get_default_pad
                0x0000034c      0x178 src/ASF/sam0/drivers/sercom/sercom.o
                0x0000034c                _sercom_get_default_pad
 .text._sercom_get_sercom_inst_index
                0x000004c4       0x38 src/ASF/sam0/drivers/sercom/sercom.o
                0x000004c4                _sercom_get_sercom_inst_index
 .text._sercom_default_handler
                0x000004fc        0x2 src/ASF/sam0/drivers/sercom/sercom_interrupt.o
 *fill*         0x000004fe        0x2 
 .text._sercom_set_handler
                0x00000500       0x3c src/ASF/sam0/drivers/sercom/sercom_interrupt.o
                0x00000500                _sercom_set_handler
 .text._sercom_get_interrupt_vector
                0x0000053c       0x30 src/ASF/sam0/drivers/sercom/sercom_interrupt.o
                0x0000053c                _sercom_get_interrupt_vector
 .text.SERCOM0_Handler
                0x0000056c       0x10 src/ASF/sam0/drivers/sercom/sercom_interrupt.o
                0x0000056c                SERCOM0_Handler
 .text.SERCOM1_Handler
                0x0000057c       0x10 src/ASF/sam0/drivers/sercom/sercom_interrupt.o
                0x0000057c                SERCOM1_Handler
 .text.SERCOM2_Handler
                0x0000058c       0x10 src/ASF/sam0/drivers/sercom/sercom_interrupt.o
                0x0000058c                SERCOM2_Handler
 .text.SERCOM3_Handler
                0x0000059c       0x10 src/ASF/sam0/drivers/sercom/sercom_interrupt.o
                0x0000059c                SERCOM3_Handler
 .text.SERCOM4_Handler
                0x000005ac       0x10 src/ASF/sam0/drivers/sercom/sercom_interrupt.o
                0x000005ac                SERCOM4_Handler
 .text.SERCOM5_Handler
                0x000005bc       0x10 src/ASF/sam0/drivers/sercom/sercom_interrupt.o
                0x000005bc                SERCOM5_Handler
 .text.usart_init
                0x000005cc      0x344 src/ASF/sam0/drivers/sercom/usart/usart.o
                0x000005cc                usart_init
 .text.usart_write_wait
                0x00000910       0x2c src/ASF/sam0/drivers/sercom/usart/usart.o
                0x00000910                usart_write_wait
 .text.usart_write_buffer_wait
                0x0000093c       0xc0 src/ASF/sam0/drivers/sercom/usart/usart.o
                0x0000093c                usart_write_buffer_wait
 .text._usart_write_buffer
                0x000009fc       0x3c src/ASF/sam0/drivers/sercom/usart/usart_interrupt.o
                0x000009fc                _usart_write_buffer
 .text._usart_read_buffer
                0x00000a38       0x50 src/ASF/sam0/drivers/sercom/usart/usart_interrupt.o
                0x00000a38                _usart_read_buffer
 .text.usart_register_callback
                0x00000a88       0x18 src/ASF/sam0/drivers/sercom/usart/usart_interrupt.o
                0x00000a88                usart_register_callback
 .text.usart_write_buffer_job
                0x00000aa0       0x20 src/ASF/sam0/drivers/sercom/usart/usart_interrupt.o
                0x00000aa0                usart_write_buffer_job
 .text.usart_read_buffer_job
                0x00000ac0       0x20 src/ASF/sam0/drivers/sercom/usart/usart_interrupt.o
                0x00000ac0                usart_read_buffer_job
 .text._usart_interrupt_handler
                0x00000ae0      0x194 src/ASF/sam0/drivers/sercom/usart/usart_interrupt.o
                0x00000ae0                _usart_interrupt_handler
 .text.system_clock_source_get_hz
                0x00000c74       0x90 src/ASF/sam0/drivers/system/clock/clock_samd21_r21_da_ha1/clock.o
                0x00000c74                system_clock_source_get_hz
 .text.system_clock_source_osc8m_set_config
                0x00000d04       0x3c src/ASF/sam0/drivers/system/clock/clock_samd21_r21_da_ha1/clock.o
                0x00000d04                system_clock_source_osc8m_set_config
 .text.system_clock_source_enable
                0x00000d40       0xa8 src/ASF/sam0/drivers/system/clock/clock_samd21_r21_da_ha1/clock.o
                0x00000d40                system_clock_source_enable
 .text.system_clock_init
                0x00000de8       0x98 src/ASF/sam0/drivers/system/clock/clock_samd21_r21_da_ha1/clock.o
                0x00000de8                system_clock_init
 .text.system_gclk_init
                0x00000e80       0x24 src/ASF/sam0/drivers/system/clock/clock_samd21_r21_da_ha1/gclk.o
                0x00000e80                system_gclk_init
 .text.system_gclk_gen_set_config
                0x00000ea4       0xb8 src/ASF/sam0/drivers/system/clock/clock_samd21_r21_da_ha1/gclk.o
                0x00000ea4                system_gclk_gen_set_config
 .text.system_gclk_gen_enable
                0x00000f5c       0x44 src/ASF/sam0/drivers/system/clock/clock_samd21_r21_da_ha1/gclk.o
                0x00000f5c                system_gclk_gen_enable
 .text.system_gclk_gen_get_hz
                0x00000fa0       0x8c src/ASF/sam0/drivers/system/clock/clock_samd21_r21_da_ha1/gclk.o
                0x00000fa0                system_gclk_gen_get_hz
 .text.system_gclk_chan_enable
                0x0000102c       0x30 src/ASF/sam0/drivers/system/clock/clock_samd21_r21_da_ha1/gclk.o
                0x0000102c                system_gclk_chan_enable
 .text.system_gclk_chan_disable
                0x0000105c       0x5c src/ASF/sam0/drivers/system/clock/clock_samd21_r21_da_ha1/gclk.o
                0x0000105c                system_gclk_chan_disable
 .text.system_gclk_chan_set_config
                0x000010b8       0x1c src/ASF/sam0/drivers/system/clock/clock_samd21_r21_da_ha1/gclk.o
                0x000010b8                system_gclk_chan_set_config
 .text.system_gclk_chan_get_hz
                0x000010d4       0x34 src/ASF/sam0/drivers/system/clock/clock_samd21_r21_da_ha1/gclk.o
                0x000010d4                system_gclk_chan_get_hz
 .text._system_pinmux_config
                0x00001108       0xa8 src/ASF/sam0/drivers/system/pinmux/pinmux.o
 .text.system_pinmux_pin_set_config
                0x000011b0       0x30 src/ASF/sam0/drivers/system/pinmux/pinmux.o
                0x000011b0                system_pinmux_pin_set_config
 .text._system_dummy_init
                0x000011e0        0x2 src/ASF/sam0/drivers/system/system.o
                0x000011e0                _system_extint_init
                0x000011e0                _system_events_init
                0x000011e0                _system_dummy_init
                0x000011e0                _system_divas_init
 *fill*         0x000011e2        0x2 
 .text.system_init
                0x000011e4       0x2c src/ASF/sam0/drivers/system/system.o
                0x000011e4                system_init
 .text.Dummy_Handler
                0x00001210        0x2 src/ASF/sam0/utils/cmsis/samd21/source/gcc/startup_samd21.o
                0x00001210                DMAC_Handler
                0x00001210                HardFault_Handler
                0x00001210                AC_Handler
                0x00001210                SysTick_Handler
                0x00001210                PendSV_Handler
                0x00001210                NMI_Handler
                0x00001210                ADC_Handler
                0x00001210                TCC1_Handler
                0x00001210                TCC0_Handler
                0x00001210                RTC_Handler
                0x00001210                EIC_Handler
                0x00001210                WDT_Handler
                0x00001210                TC4_Handler
                0x00001210                USB_Handler
                0x00001210                TC3_Handler
                0x00001210                Dummy_Handler
                0x00001210                PM_Handler
                0x00001210                SVC_Handler
                0x00001210                TCC2_Handler
                0x00001210                EVSYS_Handler
                0x00001210                I2S_Handler
                0x00001210                NVMCTRL_Handler
                0x00001210                DAC_Handler
                0x00001210                PTC_Handler
                0x00001210                TC5_Handler
                0x00001210                SYSCTRL_Handler
 *fill*         0x00001212        0x2 
 .text.Reset_Handler
                0x00001214       0xe4 src/ASF/sam0/utils/cmsis/samd21/source/gcc/startup_samd21.o
                0x00001214                Reset_Handler
 .text.usart_write_callback
                0x000012f8        0x2 src/main.o
                0x000012f8                usart_write_callback
 *fill*         0x000012fa        0x2 
 .text.usart_read_callback
                0x000012fc       0x1c src/main.o
                0x000012fc                usart_read_callback
 .text.configure_usart
                0x00001318       0xb8 src/main.o
                0x00001318                configure_usart
 .text.configure_usart_callbacks
                0x000013d0       0x34 src/main.o
                0x000013d0                configure_usart_callbacks
 .text.main     0x00001404       0x6c src/main.o
                0x00001404                main
 .text          0x00001470      0x114 c:/program files (x86)/atmel/studio/7.0/toolchain/arm/arm-gnu-toolchain/bin/../lib/gcc/arm-none-eabi/6.3.1/thumb/v6-m\libgcc.a(_udivsi3.o)
                0x00001470                __aeabi_uidiv
                0x00001470                __udivsi3
                0x0000157c                __aeabi_uidivmod
 .text          0x00001584        0x4 c:/program files (x86)/atmel/studio/7.0/toolchain/arm/arm-gnu-toolchain/bin/../lib/gcc/arm-none-eabi/6.3.1/thumb/v6-m\libgcc.a(_dvmd_tls.o)
                0x00001584                __aeabi_idiv0
                0x00001584                __aeabi_ldiv0
 .text          0x00001588       0x54 c:/program files (x86)/atmel/studio/7.0/toolchain/arm/arm-gnu-toolchain/bin/../lib/gcc/arm-none-eabi/6.3.1/thumb/v6-m\libgcc.a(_muldi3.o)
                0x00001588                __muldi3
                0x00001588                __aeabi_lmul
 .text.__libc_init_array
                0x000015dc       0x48 c:/program files (x86)/atmel/studio/7.0/toolchain/arm/arm-gnu-toolchain/bin/../lib/gcc/arm-none-eabi/6.3.1/../../../../arm-none-eabi/lib/thumb/v6-m\libc_nano.a(lib_a-init.o)
                0x000015dc                __libc_init_array
 *(.glue_7t)
 .glue_7t       0x00001624        0x0 linker stubs
 *(.glue_7)
 .glue_7        0x00001624        0x0 linker stubs
 *(.rodata .rodata* .gnu.linkonce.r.*)
 .rodata        0x00001624       0x18 src/ASF/sam0/drivers/sercom/sercom.o
 .rodata.system_clock_source_get_hz
                0x0000163c       0x24 src/ASF/sam0/drivers/system/clock/clock_samd21_r21_da_ha1/clock.o
 .rodata.system_clock_source_enable
                0x00001660       0x24 src/ASF/sam0/drivers/system/clock/clock_samd21_r21_da_ha1/clock.o
 .rodata.main.str1.4
                0x00001684       0x10 src/main.o
                                  0xf (size before relaxing)
 *(.ARM.extab* .gnu.linkonce.armextab.*)
                0x00001694                . = ALIGN (0x4)
 *(.init)
 .init          0x00001694        0x4 c:/program files (x86)/atmel/studio/7.0/toolchain/arm/arm-gnu-toolchain/bin/../lib/gcc/arm-none-eabi/6.3.1/thumb/v6-m/crti.o
                0x00001694                _init
 .init          0x00001698        0x8 c:/program files (x86)/atmel/studio/7.0/toolchain/arm/arm-gnu-toolchain/bin/../lib/gcc/arm-none-eabi/6.3.1/thumb/v6-m/crtn.o
                0x000016a0                . = ALIGN (0x4)
                0x000016a0                __preinit_array_start = .
 *(.preinit_array)
                0x000016a0                __preinit_array_end = .
                0x000016a0                . = ALIGN (0x4)
                0x000016a0                __init_array_start = .
 *(SORT(.init_array.*))
 *(.init_array)
 .init_array    0x000016a0        0x4 c:/program files (x86)/atmel/studio/7.0/toolchain/arm/arm-gnu-toolchain/bin/../lib/gcc/arm-none-eabi/6.3.1/thumb/v6-m/crtbegin.o
                0x000016a4                __init_array_end = .
                0x000016a4                . = ALIGN (0x4)
 *crtbegin.o(.ctors)
 *(EXCLUDE_FILE(*crtend.o) .ctors)
 *(SORT(.ctors.*))
 *crtend.o(.ctors)
                0x000016a4                . = ALIGN (0x4)
 *(.fini)
 .fini          0x000016a4        0x4 c:/program files (x86)/atmel/studio/7.0/toolchain/arm/arm-gnu-toolchain/bin/../lib/gcc/arm-none-eabi/6.3.1/thumb/v6-m/crti.o
                0x000016a4                _fini
 .fini          0x000016a8        0x8 c:/program files (x86)/atmel/studio/7.0/toolchain/arm/arm-gnu-toolchain/bin/../lib/gcc/arm-none-eabi/6.3.1/thumb/v6-m/crtn.o
                0x000016b0                . = ALIGN (0x4)
                0x000016b0                __fini_array_start = .
 *(.fini_array)
 .fini_array    0x000016b0        0x4 c:/program files (x86)/atmel/studio/7.0/toolchain/arm/arm-gnu-toolchain/bin/../lib/gcc/arm-none-eabi/6.3.1/thumb/v6-m/crtbegin.o
 *(SORT(.fini_array.*))
                0x000016b4                __fini_array_end = .
 *crtbegin.o(.dtors)
 *(EXCLUDE_FILE(*crtend.o) .dtors)
 *(SORT(.dtors.*))
 *crtend.o(.dtors)
                0x000016b4                . = ALIGN (0x4)
                0x000016b4                _efixed = .
                [!provide]                PROVIDE (__exidx_start, .)

.vfp11_veneer   0x000016b4        0x0
 .vfp11_veneer  0x000016b4        0x0 linker stubs

.v4_bx          0x000016b4        0x0
 .v4_bx         0x000016b4        0x0 linker stubs

.iplt           0x000016b4        0x0
 .iplt          0x000016b4        0x0 c:/program files (x86)/atmel/studio/7.0/toolchain/arm/arm-gnu-toolchain/bin/../lib/gcc/arm-none-eabi/6.3.1/thumb/v6-m/crtbegin.o

.eh_frame       0x000016b4        0x0
 .eh_frame      0x000016b4        0x0 c:/program files (x86)/atmel/studio/7.0/toolchain/arm/arm-gnu-toolchain/bin/../lib/gcc/arm-none-eabi/6.3.1/thumb/v6-m/crtbegin.o

.rel.dyn        0x000016b4        0x0
 .rel.iplt      0x000016b4        0x0 c:/program files (x86)/atmel/studio/7.0/toolchain/arm/arm-gnu-toolchain/bin/../lib/gcc/arm-none-eabi/6.3.1/thumb/v6-m/crtbegin.o

.jcr            0x000016b4        0x0
 .jcr           0x000016b4        0x0 c:/program files (x86)/atmel/studio/7.0/toolchain/arm/arm-gnu-toolchain/bin/../lib/gcc/arm-none-eabi/6.3.1/thumb/v6-m/crtbegin.o

.igot.plt       0x000016b4        0x0
 .igot.plt      0x000016b4        0x0 c:/program files (x86)/atmel/studio/7.0/toolchain/arm/arm-gnu-toolchain/bin/../lib/gcc/arm-none-eabi/6.3.1/thumb/v6-m/crtbegin.o

.ARM.exidx
 *(.ARM.exidx* .gnu.linkonce.armexidx.*)
                [!provide]                PROVIDE (__exidx_end, .)
                0x000016b4                . = ALIGN (0x4)
                0x000016b4                _etext = .

.relocate       0x20000000        0x4 load address 0x000016b4
                0x20000000                . = ALIGN (0x4)
                0x20000000                _srelocate = .
 *(.ramfunc .ramfunc.*)
 *(.data .data.*)
 .data.g_interrupt_enabled
                0x20000000        0x1 src/ASF/common/utils/interrupt/interrupt_sam_nvic.o
                0x20000000                g_interrupt_enabled
                0x20000004                . = ALIGN (0x4)
 *fill*         0x20000001        0x3 
                0x20000004                _erelocate = .

.bss            0x20000004       0xac load address 0x000016b8
                0x20000004                . = ALIGN (0x4)
                0x20000004                _sbss = .
                0x20000004                _szero = .
 *(.bss .bss.*)
 .bss           0x20000004       0x1c c:/program files (x86)/atmel/studio/7.0/toolchain/arm/arm-gnu-toolchain/bin/../lib/gcc/arm-none-eabi/6.3.1/thumb/v6-m/crtbegin.o
 .bss.cpu_irq_critical_section_counter
                0x20000020        0x4 src/ASF/common/utils/interrupt/interrupt_sam_nvic.o
 .bss.cpu_irq_prev_interrupt_state
                0x20000024        0x1 src/ASF/common/utils/interrupt/interrupt_sam_nvic.o
 *fill*         0x20000025        0x3 
 .bss._sercom_config
                0x20000028        0x2 src/ASF/sam0/drivers/sercom/sercom.o
 .bss._handler_table_initialized
                0x2000002a        0x1 src/ASF/sam0/drivers/sercom/sercom_interrupt.o
 *fill*         0x2000002b        0x1 
 .bss._sercom_interrupt_handlers
                0x2000002c       0x18 src/ASF/sam0/drivers/sercom/sercom_interrupt.o
 .bss._system_clock_inst
                0x20000044       0x18 src/ASF/sam0/drivers/system/clock/clock_samd21_r21_da_ha1/clock.o
 *(COMMON)
 COMMON         0x2000005c       0x18 src/ASF/sam0/drivers/sercom/sercom_interrupt.o
                0x2000005c                _sercom_instances
 COMMON         0x20000074       0x39 src/main.o
                0x20000074                usart_instance
                0x200000a8                rx_buffer
                0x200000b0                . = ALIGN (0x4)
 *fill*         0x200000ad        0x3 
                0x200000b0                _ebss = .
                0x200000b0                _ezero = .

.stack          0x200000b0     0x2000 load address 0x00001764
                0x200000b0                . = ALIGN (0x8)
                0x200000b0                _sstack = .
                0x200020b0                . = (. + STACK_SIZE)
 *fill*         0x200000b0     0x2000 
                0x200020b0                . = ALIGN (0x8)
                0x200020b0                _estack = .
                0x200020b0                . = ALIGN (0x4)
                0x200020b0                _end = .
OUTPUT(roadwatcher_bootloader.elf elf32-littlearm)

.ARM.attributes
                0x00000000       0x28
 .ARM.attributes
                0x00000000       0x1e c:/program files (x86)/atmel/studio/7.0/toolchain/arm/arm-gnu-toolchain/bin/../lib/gcc/arm-none-eabi/6.3.1/thumb/v6-m/crti.o
 .ARM.attributes
                0x0000001e       0x2c c:/program files (x86)/atmel/studio/7.0/toolchain/arm/arm-gnu-toolchain/bin/../lib/gcc/arm-none-eabi/6.3.1/thumb/v6-m/crtbegin.o
 .ARM.attributes
                0x0000004a       0x32 src/ASF/common2/boards/user_board/init.o
 .ARM.attributes
                0x0000007c       0x32 src/ASF/common/utils/interrupt/interrupt_sam_nvic.o
 .ARM.attributes
                0x000000ae       0x32 src/ASF/sam0/drivers/sercom/sercom.o
 .ARM.attributes
                0x000000e0       0x32 src/ASF/sam0/drivers/sercom/sercom_interrupt.o
 .ARM.attributes
                0x00000112       0x32 src/ASF/sam0/drivers/sercom/usart/usart.o
 .ARM.attributes
                0x00000144       0x32 src/ASF/sam0/drivers/sercom/usart/usart_interrupt.o
 .ARM.attributes
                0x00000176       0x32 src/ASF/sam0/drivers/system/clock/clock_samd21_r21_da_ha1/clock.o
 .ARM.attributes
                0x000001a8       0x32 src/ASF/sam0/drivers/system/clock/clock_samd21_r21_da_ha1/gclk.o
 .ARM.attributes
                0x000001da       0x32 src/ASF/sam0/drivers/system/pinmux/pinmux.o
 .ARM.attributes
                0x0000020c       0x32 src/ASF/sam0/drivers/system/system.o
 .ARM.attributes
                0x0000023e       0x32 src/ASF/sam0/utils/cmsis/samd21/source/gcc/startup_samd21.o
 .ARM.attributes
                0x00000270       0x32 src/main.o
 .ARM.attributes
                0x000002a2       0x1e c:/program files (x86)/atmel/studio/7.0/toolchain/arm/arm-gnu-toolchain/bin/../lib/gcc/arm-none-eabi/6.3.1/thumb/v6-m\libgcc.a(_udivsi3.o)
 .ARM.attributes
                0x000002c0       0x1e c:/program files (x86)/atmel/studio/7.0/toolchain/arm/arm-gnu-toolchain/bin/../lib/gcc/arm-none-eabi/6.3.1/thumb/v6-m\libgcc.a(_dvmd_tls.o)
 .ARM.attributes
                0x000002de       0x2c c:/program files (x86)/atmel/studio/7.0/toolchain/arm/arm-gnu-toolchain/bin/../lib/gcc/arm-none-eabi/6.3.1/thumb/v6-m\libgcc.a(_muldi3.o)
 .ARM.attributes
                0x0000030a       0x2c c:/program files (x86)/atmel/studio/7.0/toolchain/arm/arm-gnu-toolchain/bin/../lib/gcc/arm-none-eabi/6.3.1/../../../../arm-none-eabi/lib/thumb/v6-m\libc_nano.a(lib_a-init.o)
 .ARM.attributes
                0x00000336       0x1e c:/program files (x86)/atmel/studio/7.0/toolchain/arm/arm-gnu-toolchain/bin/../lib/gcc/arm-none-eabi/6.3.1/thumb/v6-m/crtn.o

.comment        0x00000000       0x59
 .comment       0x00000000       0x59 src/ASF/common2/boards/user_board/init.o
                                 0x5a (size before relaxing)
 .comment       0x00000059       0x5a src/ASF/common/utils/interrupt/interrupt_sam_nvic.o
 .comment       0x00000059       0x5a src/ASF/sam0/drivers/sercom/sercom.o
 .comment       0x00000059       0x5a src/ASF/sam0/drivers/sercom/sercom_interrupt.o
 .comment       0x00000059       0x5a src/ASF/sam0/drivers/sercom/usart/usart.o
 .comment       0x00000059       0x5a src/ASF/sam0/drivers/sercom/usart/usart_interrupt.o
 .comment       0x00000059       0x5a src/ASF/sam0/drivers/system/clock/clock_samd21_r21_da_ha1/clock.o
 .comment       0x00000059       0x5a src/ASF/sam0/drivers/system/clock/clock_samd21_r21_da_ha1/gclk.o
 .comment       0x00000059       0x5a src/ASF/sam0/drivers/system/pinmux/pinmux.o
 .comment       0x00000059       0x5a src/ASF/sam0/drivers/system/system.o
 .comment       0x00000059       0x5a src/ASF/sam0/utils/cmsis/samd21/source/gcc/startup_samd21.o
 .comment       0x00000059       0x5a src/main.o

.debug_info     0x00000000    0x1ce14
 .debug_info    0x00000000      0xa5c src/ASF/common2/boards/user_board/init.o
 .debug_info    0x00000a5c      0xb07 src/ASF/common/utils/interrupt/interrupt_sam_nvic.o
 .debug_info    0x00001563     0x2dd8 src/ASF/sam0/drivers/sercom/sercom.o
 .debug_info    0x0000433b     0x2bd2 src/ASF/sam0/drivers/sercom/sercom_interrupt.o
 .debug_info    0x00006f0d     0x4ac0 src/ASF/sam0/drivers/sercom/usart/usart.o
 .debug_info    0x0000b9cd     0x304b src/ASF/sam0/drivers/sercom/usart/usart_interrupt.o
 .debug_info    0x0000ea18     0x37bf src/ASF/sam0/drivers/system/clock/clock_samd21_r21_da_ha1/clock.o
 .debug_info    0x000121d7     0x1ed1 src/ASF/sam0/drivers/system/clock/clock_samd21_r21_da_ha1/gclk.o
 .debug_info    0x000140a8     0x13f5 src/ASF/sam0/drivers/system/pinmux/pinmux.o
 .debug_info    0x0001549d      0xa73 src/ASF/sam0/drivers/system/system.o
 .debug_info    0x00015f10     0x3a49 src/ASF/sam0/utils/cmsis/samd21/source/gcc/startup_samd21.o
 .debug_info    0x00019959     0x34bb src/main.o

.debug_abbrev   0x00000000     0x26a2
 .debug_abbrev  0x00000000      0x1be src/ASF/common2/boards/user_board/init.o
 .debug_abbrev  0x000001be      0x22c src/ASF/common/utils/interrupt/interrupt_sam_nvic.o
 .debug_abbrev  0x000003ea      0x378 src/ASF/sam0/drivers/sercom/sercom.o
 .debug_abbrev  0x00000762      0x2d8 src/ASF/sam0/drivers/sercom/sercom_interrupt.o
 .debug_abbrev  0x00000a3a      0x477 src/ASF/sam0/drivers/sercom/usart/usart.o
 .debug_abbrev  0x00000eb1      0x416 src/ASF/sam0/drivers/sercom/usart/usart_interrupt.o
 .debug_abbrev  0x000012c7      0x465 src/ASF/sam0/drivers/system/clock/clock_samd21_r21_da_ha1/clock.o
 .debug_abbrev  0x0000172c      0x3f1 src/ASF/sam0/drivers/system/clock/clock_samd21_r21_da_ha1/gclk.o
 .debug_abbrev  0x00001b1d      0x37b src/ASF/sam0/drivers/system/pinmux/pinmux.o
 .debug_abbrev  0x00001e98      0x1e1 src/ASF/sam0/drivers/system/system.o
 .debug_abbrev  0x00002079      0x234 src/ASF/sam0/utils/cmsis/samd21/source/gcc/startup_samd21.o
 .debug_abbrev  0x000022ad      0x3f5 src/main.o

.debug_aranges  0x00000000      0x368
 .debug_aranges
                0x00000000       0x20 src/ASF/common2/boards/user_board/init.o
 .debug_aranges
                0x00000020       0x28 src/ASF/common/utils/interrupt/interrupt_sam_nvic.o
 .debug_aranges
                0x00000048       0x48 src/ASF/sam0/drivers/sercom/sercom.o
 .debug_aranges
                0x00000090       0x60 src/ASF/sam0/drivers/sercom/sercom_interrupt.o
 .debug_aranges
                0x000000f0       0x40 src/ASF/sam0/drivers/sercom/usart/usart.o
 .debug_aranges
                0x00000130       0x70 src/ASF/sam0/drivers/sercom/usart/usart_interrupt.o
 .debug_aranges
                0x000001a0       0x78 src/ASF/sam0/drivers/system/clock/clock_samd21_r21_da_ha1/clock.o
 .debug_aranges
                0x00000218       0x80 src/ASF/sam0/drivers/system/clock/clock_samd21_r21_da_ha1/gclk.o
 .debug_aranges
                0x00000298       0x40 src/ASF/sam0/drivers/system/pinmux/pinmux.o
 .debug_aranges
                0x000002d8       0x28 src/ASF/sam0/drivers/system/system.o
 .debug_aranges
                0x00000300       0x28 src/ASF/sam0/utils/cmsis/samd21/source/gcc/startup_samd21.o
 .debug_aranges
                0x00000328       0x40 src/main.o

.debug_ranges   0x00000000      0x3e8
 .debug_ranges  0x00000000       0x10 src/ASF/common2/boards/user_board/init.o
 .debug_ranges  0x00000010       0x18 src/ASF/common/utils/interrupt/interrupt_sam_nvic.o
 .debug_ranges  0x00000028       0x50 src/ASF/sam0/drivers/sercom/sercom.o
 .debug_ranges  0x00000078       0x50 src/ASF/sam0/drivers/sercom/sercom_interrupt.o
 .debug_ranges  0x000000c8      0x140 src/ASF/sam0/drivers/sercom/usart/usart.o
 .debug_ranges  0x00000208       0x60 src/ASF/sam0/drivers/sercom/usart/usart_interrupt.o
 .debug_ranges  0x00000268       0x68 src/ASF/sam0/drivers/system/clock/clock_samd21_r21_da_ha1/clock.o
 .debug_ranges  0x000002d0       0x88 src/ASF/sam0/drivers/system/clock/clock_samd21_r21_da_ha1/gclk.o
 .debug_ranges  0x00000358       0x30 src/ASF/sam0/drivers/system/pinmux/pinmux.o
 .debug_ranges  0x00000388       0x18 src/ASF/sam0/drivers/system/system.o
 .debug_ranges  0x000003a0       0x18 src/ASF/sam0/utils/cmsis/samd21/source/gcc/startup_samd21.o
 .debug_ranges  0x000003b8       0x30 src/main.o

.debug_macro    0x00000000    0x17ad5
 .debug_macro   0x00000000      0x5c4 src/ASF/common2/boards/user_board/init.o
 .debug_macro   0x000005c4      0x8b0 src/ASF/common2/boards/user_board/init.o
 .debug_macro   0x00000e74      0x16d src/ASF/common2/boards/user_board/init.o
 .debug_macro   0x00000fe1      0x64b src/ASF/common2/boards/user_board/init.o
 .debug_macro   0x0000162c       0x22 src/ASF/common2/boards/user_board/init.o
 .debug_macro   0x0000164e       0x87 src/ASF/common2/boards/user_board/init.o
 .debug_macro   0x000016d5       0x51 src/ASF/common2/boards/user_board/init.o
 .debug_macro   0x00001726       0xef src/ASF/common2/boards/user_board/init.o
 .debug_macro   0x00001815       0x6a src/ASF/common2/boards/user_board/init.o
 .debug_macro   0x0000187f      0x1df src/ASF/common2/boards/user_board/init.o
 .debug_macro   0x00001a5e       0x10 src/ASF/common2/boards/user_board/init.o
 .debug_macro   0x00001a6e       0x76 src/ASF/common2/boards/user_board/init.o
 .debug_macro   0x00001ae4       0x16 src/ASF/common2/boards/user_board/init.o
 .debug_macro   0x00001afa      0x6e5 src/ASF/common2/boards/user_board/init.o
 .debug_macro   0x000021df      0xde2 src/ASF/common2/boards/user_board/init.o
 .debug_macro   0x00002fc1       0x22 src/ASF/common2/boards/user_board/init.o
 .debug_macro   0x00002fe3       0x40 src/ASF/common2/boards/user_board/init.o
 .debug_macro   0x00003023       0x3a src/ASF/common2/boards/user_board/init.o
 .debug_macro   0x0000305d       0x1f src/ASF/common2/boards/user_board/init.o
 .debug_macro   0x0000307c      0x250 src/ASF/common2/boards/user_board/init.o
 .debug_macro   0x000032cc      0x682 src/ASF/common2/boards/user_board/init.o
 .debug_macro   0x0000394e      0x8bf src/ASF/common2/boards/user_board/init.o
 .debug_macro   0x0000420d      0x235 src/ASF/common2/boards/user_board/init.o
 .debug_macro   0x00004442      0xd6a src/ASF/common2/boards/user_board/init.o
 .debug_macro   0x000051ac      0x4ce src/ASF/common2/boards/user_board/init.o
 .debug_macro   0x0000567a      0x9f8 src/ASF/common2/boards/user_board/init.o
 .debug_macro   0x00006072      0x82b src/ASF/common2/boards/user_board/init.o
 .debug_macro   0x0000689d      0x45f src/ASF/common2/boards/user_board/init.o
 .debug_macro   0x00006cfc       0x5e src/ASF/common2/boards/user_board/init.o
 .debug_macro   0x00006d5a      0x906 src/ASF/common2/boards/user_board/init.o
 .debug_macro   0x00007660      0x225 src/ASF/common2/boards/user_board/init.o
 .debug_macro   0x00007885      0x963 src/ASF/common2/boards/user_board/init.o
 .debug_macro   0x000081e8       0x5e src/ASF/common2/boards/user_board/init.o
 .debug_macro   0x00008246      0x671 src/ASF/common2/boards/user_board/init.o
 .debug_macro   0x000088b7      0x3af src/ASF/common2/boards/user_board/init.o
 .debug_macro   0x00008c66      0xc7f src/ASF/common2/boards/user_board/init.o
 .debug_macro   0x000098e5     0x1092 src/ASF/common2/boards/user_board/init.o
 .debug_macro   0x0000a977      0xc4a src/ASF/common2/boards/user_board/init.o
 .debug_macro   0x0000b5c1      0x6bf src/ASF/common2/boards/user_board/init.o
 .debug_macro   0x0000bc80     0x1bc9 src/ASF/common2/boards/user_board/init.o
 .debug_macro   0x0000d849     0x144a src/ASF/common2/boards/user_board/init.o
 .debug_macro   0x0000ec93      0x34e src/ASF/common2/boards/user_board/init.o
 .debug_macro   0x0000efe1       0x7c src/ASF/common2/boards/user_board/init.o
 .debug_macro   0x0000f05d       0xa0 src/ASF/common2/boards/user_board/init.o
 .debug_macro   0x0000f0fd       0x4c src/ASF/common2/boards/user_board/init.o
 .debug_macro   0x0000f149       0xca src/ASF/common2/boards/user_board/init.o
 .debug_macro   0x0000f213       0x94 src/ASF/common2/boards/user_board/init.o
 .debug_macro   0x0000f2a7       0x58 src/ASF/common2/boards/user_board/init.o
 .debug_macro   0x0000f2ff      0x387 src/ASF/common2/boards/user_board/init.o
 .debug_macro   0x0000f686       0x82 src/ASF/common2/boards/user_board/init.o
 .debug_macro   0x0000f708      0x197 src/ASF/common2/boards/user_board/init.o
 .debug_macro   0x0000f89f       0xb8 src/ASF/common2/boards/user_board/init.o
 .debug_macro   0x0000f957       0xa0 src/ASF/common2/boards/user_board/init.o
 .debug_macro   0x0000f9f7       0xb8 src/ASF/common2/boards/user_board/init.o
 .debug_macro   0x0000faaf       0x1c src/ASF/common2/boards/user_board/init.o
 .debug_macro   0x0000facb       0x1c src/ASF/common2/boards/user_board/init.o
 .debug_macro   0x0000fae7       0x1c src/ASF/common2/boards/user_board/init.o
 .debug_macro   0x0000fb03       0x82 src/ASF/common2/boards/user_board/init.o
 .debug_macro   0x0000fb85      0x161 src/ASF/common2/boards/user_board/init.o
 .debug_macro   0x0000fce6       0xdc src/ASF/common2/boards/user_board/init.o
 .debug_macro   0x0000fdc2      0x12f src/ASF/common2/boards/user_board/init.o
 .debug_macro   0x0000fef1      0x12f src/ASF/common2/boards/user_board/init.o
 .debug_macro   0x00010020      0x12f src/ASF/common2/boards/user_board/init.o
 .debug_macro   0x0001014f      0x12f src/ASF/common2/boards/user_board/init.o
 .debug_macro   0x0001027e      0x12f src/ASF/common2/boards/user_board/init.o
 .debug_macro   0x000103ad      0x12f src/ASF/common2/boards/user_board/init.o
 .debug_macro   0x000104dc      0x124 src/ASF/common2/boards/user_board/init.o
 .debug_macro   0x00010600       0xe2 src/ASF/common2/boards/user_board/init.o
 .debug_macro   0x000106e2       0xe2 src/ASF/common2/boards/user_board/init.o
 .debug_macro   0x000107c4       0xe2 src/ASF/common2/boards/user_board/init.o
 .debug_macro   0x000108a6      0x133 src/ASF/common2/boards/user_board/init.o
 .debug_macro   0x000109d9      0x106 src/ASF/common2/boards/user_board/init.o
 .debug_macro   0x00010adf       0xfa src/ASF/common2/boards/user_board/init.o
 .debug_macro   0x00010bd9      0x40f src/ASF/common2/boards/user_board/init.o
 .debug_macro   0x00010fe8       0x40 src/ASF/common2/boards/user_board/init.o
 .debug_macro   0x00011028      0x361 src/ASF/common2/boards/user_board/init.o
 .debug_macro   0x00011389     0x16ed src/ASF/common2/boards/user_board/init.o
 .debug_macro   0x00012a76       0x6d src/ASF/common2/boards/user_board/init.o
 .debug_macro   0x00012ae3       0x58 src/ASF/common2/boards/user_board/init.o
 .debug_macro   0x00012b3b       0x35 src/ASF/common2/boards/user_board/init.o
 .debug_macro   0x00012b70       0x9c src/ASF/common2/boards/user_board/init.o
 .debug_macro   0x00012c0c       0x16 src/ASF/common2/boards/user_board/init.o
 .debug_macro   0x00012c22       0x35 src/ASF/common2/boards/user_board/init.o
 .debug_macro   0x00012c57      0x353 src/ASF/common2/boards/user_board/init.o
 .debug_macro   0x00012faa       0x10 src/ASF/common2/boards/user_board/init.o
 .debug_macro   0x00012fba       0x58 src/ASF/common2/boards/user_board/init.o
 .debug_macro   0x00013012       0x1f src/ASF/common2/boards/user_board/init.o
 .debug_macro   0x00013031       0x43 src/ASF/common2/boards/user_board/init.o
 .debug_macro   0x00013074       0x20 src/ASF/common2/boards/user_board/init.o
 .debug_macro   0x00013094      0x187 src/ASF/common2/boards/user_board/init.o
 .debug_macro   0x0001321b       0x10 src/ASF/common2/boards/user_board/init.o
 .debug_macro   0x0001322b       0x1c src/ASF/common2/boards/user_board/init.o
 .debug_macro   0x00013247       0x52 src/ASF/common2/boards/user_board/init.o
 .debug_macro   0x00013299       0x40 src/ASF/common2/boards/user_board/init.o
 .debug_macro   0x000132d9       0x10 src/ASF/common2/boards/user_board/init.o
 .debug_macro   0x000132e9       0x40 src/ASF/common2/boards/user_board/init.o
 .debug_macro   0x00013329       0xd7 src/ASF/common2/boards/user_board/init.o
 .debug_macro   0x00013400       0x16 src/ASF/common2/boards/user_board/init.o
 .debug_macro   0x00013416      0x18b src/ASF/common2/boards/user_board/init.o
 .debug_macro   0x000135a1       0x16 src/ASF/common2/boards/user_board/init.o
 .debug_macro   0x000135b7       0x16 src/ASF/common2/boards/user_board/init.o
 .debug_macro   0x000135cd       0x29 src/ASF/common2/boards/user_board/init.o
 .debug_macro   0x000135f6       0x51 src/ASF/common2/boards/user_board/init.o
 .debug_macro   0x00013647       0x3f src/ASF/common2/boards/user_board/init.o
 .debug_macro   0x00013686      0x3df src/ASF/common2/boards/user_board/init.o
 .debug_macro   0x00013a65      0x2c6 src/ASF/common2/boards/user_board/init.o
 .debug_macro   0x00013d2b       0x11 src/ASF/common2/boards/user_board/init.o
 .debug_macro   0x00013d3c       0x18 src/ASF/common2/boards/user_board/init.o
 .debug_macro   0x00013d54       0x16 src/ASF/common2/boards/user_board/init.o
 .debug_macro   0x00013d6a       0x2e src/ASF/common2/boards/user_board/init.o
 .debug_macro   0x00013d98       0xb2 src/ASF/common2/boards/user_board/init.o
 .debug_macro   0x00013e4a       0x10 src/ASF/common2/boards/user_board/init.o
 .debug_macro   0x00013e5a       0x57 src/ASF/common2/boards/user_board/init.o
 .debug_macro   0x00013eb1      0x4fe src/ASF/common/utils/interrupt/interrupt_sam_nvic.o
 .debug_macro   0x000143af      0x58b src/ASF/sam0/drivers/sercom/sercom.o
 .debug_macro   0x0001493a      0x588 src/ASF/sam0/drivers/sercom/sercom_interrupt.o
 .debug_macro   0x00014ec2      0x59c src/ASF/sam0/drivers/sercom/usart/usart.o
 .debug_macro   0x0001545e       0x51 src/ASF/sam0/drivers/sercom/usart/usart.o
 .debug_macro   0x000154af      0x59c src/ASF/sam0/drivers/sercom/usart/usart_interrupt.o
 .debug_macro   0x00015a4b      0x56f src/ASF/sam0/drivers/system/clock/clock_samd21_r21_da_ha1/clock.o
 .debug_macro   0x00015fba      0x29d src/ASF/sam0/drivers/system/clock/clock_samd21_r21_da_ha1/clock.o
 .debug_macro   0x00016257      0x534 src/ASF/sam0/drivers/system/clock/clock_samd21_r21_da_ha1/gclk.o
 .debug_macro   0x0001678b      0x50e src/ASF/sam0/drivers/system/pinmux/pinmux.o
 .debug_macro   0x00016c99       0x12 src/ASF/sam0/drivers/system/pinmux/pinmux.o
 .debug_macro   0x00016cab      0x541 src/ASF/sam0/drivers/system/system.o
 .debug_macro   0x000171ec      0x2e5 src/ASF/sam0/utils/cmsis/samd21/source/gcc/startup_samd21.o
 .debug_macro   0x000174d1       0x3a src/ASF/sam0/utils/cmsis/samd21/source/gcc/startup_samd21.o
 .debug_macro   0x0001750b      0x5ca src/main.o

.debug_line     0x00000000     0x83fb
 .debug_line    0x00000000      0xb90 src/ASF/common2/boards/user_board/init.o
 .debug_line    0x00000b90      0x8c6 src/ASF/common/utils/interrupt/interrupt_sam_nvic.o
 .debug_line    0x00001456      0xbcc src/ASF/sam0/drivers/sercom/sercom.o
 .debug_line    0x00002022      0xb6f src/ASF/sam0/drivers/sercom/sercom_interrupt.o
 .debug_line    0x00002b91      0xd36 src/ASF/sam0/drivers/sercom/usart/usart.o
 .debug_line    0x000038c7      0xcc4 src/ASF/sam0/drivers/sercom/usart/usart_interrupt.o
 .debug_line    0x0000458b      0xc47 src/ASF/sam0/drivers/system/clock/clock_samd21_r21_da_ha1/clock.o
 .debug_line    0x000051d2      0xc6e src/ASF/sam0/drivers/system/clock/clock_samd21_r21_da_ha1/gclk.o
 .debug_line    0x00005e40      0x93f src/ASF/sam0/drivers/system/pinmux/pinmux.o
 .debug_line    0x0000677f      0x9e9 src/ASF/sam0/drivers/system/system.o
 .debug_line    0x00007168      0x644 src/ASF/sam0/utils/cmsis/samd21/source/gcc/startup_samd21.o
 .debug_line    0x000077ac      0xc4f src/main.o

.debug_str      0x00000000    0x860a4
 .debug_str     0x00000000    0x7fcec src/ASF/common2/boards/user_board/init.o
                              0x80585 (size before relaxing)
 .debug_str     0x0007fcec       0x94 src/ASF/common/utils/interrupt/interrupt_sam_nvic.o
                              0x7f41d (size before relaxing)
 .debug_str     0x0007fd80      0xef8 src/ASF/sam0/drivers/sercom/sercom.o
                              0x80afe (size before relaxing)
 .debug_str     0x00080c78      0x533 src/ASF/sam0/drivers/sercom/sercom_interrupt.o
                              0x80961 (size before relaxing)
 .debug_str     0x000811ab      0xf62 src/ASF/sam0/drivers/sercom/usart/usart.o
                              0x818c9 (size before relaxing)
 .debug_str     0x0008210d      0x1e8 src/ASF/sam0/drivers/sercom/usart/usart_interrupt.o
                              0x80b0f (size before relaxing)
 .debug_str     0x000822f5     0x279e src/ASF/sam0/drivers/system/clock/clock_samd21_r21_da_ha1/clock.o
                              0x825b6 (size before relaxing)
 .debug_str     0x00084a93      0x1fa src/ASF/sam0/drivers/system/clock/clock_samd21_r21_da_ha1/gclk.o
                              0x800e0 (size before relaxing)
 .debug_str     0x00084c8d      0x340 src/ASF/sam0/drivers/system/pinmux/pinmux.o
                              0x7f8bf (size before relaxing)
 .debug_str     0x00084fcd       0x47 src/ASF/sam0/drivers/system/system.o
                              0x7f4fa (size before relaxing)
 .debug_str     0x00085014      0xf28 src/ASF/sam0/utils/cmsis/samd21/source/gcc/startup_samd21.o
                              0x6b2da (size before relaxing)
 .debug_str     0x00085f3c      0x168 src/main.o
                              0x81e3c (size before relaxing)

.debug_frame    0x00000000      0x864
 .debug_frame   0x00000000       0x20 src/ASF/common2/boards/user_board/init.o
 .debug_frame   0x00000020       0x30 src/ASF/common/utils/interrupt/interrupt_sam_nvic.o
 .debug_frame   0x00000050       0xbc src/ASF/sam0/drivers/sercom/sercom.o
 .debug_frame   0x0000010c       0xe8 src/ASF/sam0/drivers/sercom/sercom_interrupt.o
 .debug_frame   0x000001f4       0xac src/ASF/sam0/drivers/sercom/usart/usart.o
 .debug_frame   0x000002a0      0x110 src/ASF/sam0/drivers/sercom/usart/usart_interrupt.o
 .debug_frame   0x000003b0      0x14c src/ASF/sam0/drivers/system/clock/clock_samd21_r21_da_ha1/clock.o
 .debug_frame   0x000004fc      0x148 src/ASF/sam0/drivers/system/clock/clock_samd21_r21_da_ha1/gclk.o
 .debug_frame   0x00000644       0x98 src/ASF/sam0/drivers/system/pinmux/pinmux.o
 .debug_frame   0x000006dc       0x38 src/ASF/sam0/drivers/system/system.o
 .debug_frame   0x00000714       0x40 src/ASF/sam0/utils/cmsis/samd21/source/gcc/startup_samd21.o
 .debug_frame   0x00000754       0x90 src/main.o
 .debug_frame   0x000007e4       0x20 c:/program files (x86)/atmel/studio/7.0/toolchain/arm/arm-gnu-toolchain/bin/../lib/gcc/arm-none-eabi/6.3.1/thumb/v6-m\libgcc.a(_udivsi3.o)
 .debug_frame   0x00000804       0x34 c:/program files (x86)/atmel/studio/7.0/toolchain/arm/arm-gnu-toolchain/bin/../lib/gcc/arm-none-eabi/6.3.1/thumb/v6-m\libgcc.a(_muldi3.o)
 .debug_frame   0x00000838       0x2c c:/program files (x86)/atmel/studio/7.0/toolchain/arm/arm-gnu-toolchain/bin/../lib/gcc/arm-none-eabi/6.3.1/../../../../arm-none-eabi/lib/thumb/v6-m\libc_nano.a(lib_a-init.o)

.debug_loc      0x00000000     0x399d
 .debug_loc     0x00000000      0x9d5 src/ASF/sam0/drivers/sercom/sercom.o
 .debug_loc     0x000009d5      0x161 src/ASF/sam0/drivers/sercom/sercom_interrupt.o
 .debug_loc     0x00000b36      0xe2f src/ASF/sam0/drivers/sercom/usart/usart.o
 .debug_loc     0x00001965      0x711 src/ASF/sam0/drivers/sercom/usart/usart_interrupt.o
 .debug_loc     0x00002076      0xef0 src/ASF/sam0/drivers/system/clock/clock_samd21_r21_da_ha1/clock.o
 .debug_loc     0x00002f66      0x504 src/ASF/sam0/drivers/system/clock/clock_samd21_r21_da_ha1/gclk.o
 .debug_loc     0x0000346a      0x36d src/ASF/sam0/drivers/system/pinmux/pinmux.o
 .debug_loc     0x000037d7       0x20 src/ASF/sam0/drivers/system/system.o
 .debug_loc     0x000037f7       0x40 src/ASF/sam0/utils/cmsis/samd21/source/gcc/startup_samd21.o
 .debug_loc     0x00003837      0x166 src/main.o

Cross Reference Table

Symbol                                            File
AC_Handler                                        src/ASF/sam0/utils/cmsis/samd21/source/gcc/startup_samd21.o
ADC_Handler                                       src/ASF/sam0/utils/cmsis/samd21/source/gcc/startup_samd21.o
DAC_Handler                                       src/ASF/sam0/utils/cmsis/samd21/source/gcc/startup_samd21.o
DMAC_Handler                                      src/ASF/sam0/utils/cmsis/samd21/source/gcc/startup_samd21.o
Dummy_Handler                                     src/ASF/sam0/utils/cmsis/samd21/source/gcc/startup_samd21.o
EIC_Handler                                       src/ASF/sam0/utils/cmsis/samd21/source/gcc/startup_samd21.o
EVSYS_Handler                                     src/ASF/sam0/utils/cmsis/samd21/source/gcc/startup_samd21.o
HardFault_Handler                                 src/ASF/sam0/utils/cmsis/samd21/source/gcc/startup_samd21.o
I2S_Handler                                       src/ASF/sam0/utils/cmsis/samd21/source/gcc/startup_samd21.o
NMI_Handler                                       src/ASF/sam0/utils/cmsis/samd21/source/gcc/startup_samd21.o
NVMCTRL_Handler                                   src/ASF/sam0/utils/cmsis/samd21/source/gcc/startup_samd21.o
PM_Handler                                        src/ASF/sam0/utils/cmsis/samd21/source/gcc/startup_samd21.o
PTC_Handler                                       src/ASF/sam0/utils/cmsis/samd21/source/gcc/startup_samd21.o
PendSV_Handler                                    src/ASF/sam0/utils/cmsis/samd21/source/gcc/startup_samd21.o
RTC_Handler                                       src/ASF/sam0/utils/cmsis/samd21/source/gcc/startup_samd21.o
Reset_Handler                                     src/ASF/sam0/utils/cmsis/samd21/source/gcc/startup_samd21.o
SERCOM0_Handler                                   src/ASF/sam0/drivers/sercom/sercom_interrupt.o
SERCOM1_Handler                                   src/ASF/sam0/drivers/sercom/sercom_interrupt.o
SERCOM2_Handler                                   src/ASF/sam0/drivers/sercom/sercom_interrupt.o
SERCOM3_Handler                                   src/ASF/sam0/drivers/sercom/sercom_interrupt.o
SERCOM4_Handler                                   src/ASF/sam0/drivers/sercom/sercom_interrupt.o
SERCOM5_Handler                                   src/ASF/sam0/drivers/sercom/sercom_interrupt.o
SVC_Handler                                       src/ASF/sam0/utils/cmsis/samd21/source/gcc/startup_samd21.o
SYSCTRL_Handler                                   src/ASF/sam0/utils/cmsis/samd21/source/gcc/startup_samd21.o
SysTick_Handler                                   src/ASF/sam0/utils/cmsis/samd21/source/gcc/startup_samd21.o
SystemCoreClock                                   src/ASF/sam0/utils/cmsis/samd21/source/system_samd21.o
SystemCoreClockUpdate                             src/ASF/sam0/utils/cmsis/samd21/source/system_samd21.o
SystemInit                                        src/ASF/sam0/utils/cmsis/samd21/source/system_samd21.o
TC3_Handler                                       src/ASF/sam0/utils/cmsis/samd21/source/gcc/startup_samd21.o
TC4_Handler                                       src/ASF/sam0/utils/cmsis/samd21/source/gcc/startup_samd21.o
TC5_Handler                                       src/ASF/sam0/utils/cmsis/samd21/source/gcc/startup_samd21.o
TCC0_Handler                                      src/ASF/sam0/utils/cmsis/samd21/source/gcc/startup_samd21.o
TCC1_Handler                                      src/ASF/sam0/utils/cmsis/samd21/source/gcc/startup_samd21.o
TCC2_Handler                                      src/ASF/sam0/utils/cmsis/samd21/source/gcc/startup_samd21.o
USB_Handler                                       src/ASF/sam0/utils/cmsis/samd21/source/gcc/startup_samd21.o
WDT_Handler                                       src/ASF/sam0/utils/cmsis/samd21/source/gcc/startup_samd21.o
_Jv_RegisterClasses                               c:/program files (x86)/atmel/studio/7.0/toolchain/arm/arm-gnu-toolchain/bin/../lib/gcc/arm-none-eabi/6.3.1/thumb/v6-m/crtbegin.o
__aeabi_idiv0                                     c:/program files (x86)/atmel/studio/7.0/toolchain/arm/arm-gnu-toolchain/bin/../lib/gcc/arm-none-eabi/6.3.1/thumb/v6-m\libgcc.a(_dvmd_tls.o)
                                                  c:/program files (x86)/atmel/studio/7.0/toolchain/arm/arm-gnu-toolchain/bin/../lib/gcc/arm-none-eabi/6.3.1/thumb/v6-m\libgcc.a(_udivsi3.o)
__aeabi_ldiv0                                     c:/program files (x86)/atmel/studio/7.0/toolchain/arm/arm-gnu-toolchain/bin/../lib/gcc/arm-none-eabi/6.3.1/thumb/v6-m\libgcc.a(_dvmd_tls.o)
__aeabi_lmul                                      c:/program files (x86)/atmel/studio/7.0/toolchain/arm/arm-gnu-toolchain/bin/../lib/gcc/arm-none-eabi/6.3.1/thumb/v6-m\libgcc.a(_muldi3.o)
                                                  src/ASF/sam0/drivers/sercom/sercom.o
__aeabi_uidiv                                     c:/program files (x86)/atmel/studio/7.0/toolchain/arm/arm-gnu-toolchain/bin/../lib/gcc/arm-none-eabi/6.3.1/thumb/v6-m\libgcc.a(_udivsi3.o)
                                                  src/ASF/sam0/drivers/system/clock/clock_samd21_r21_da_ha1/gclk.o
                                                  src/ASF/sam0/drivers/system/clock/clock_samd21_r21_da_ha1/clock.o
__aeabi_uidivmod                                  c:/program files (x86)/atmel/studio/7.0/toolchain/arm/arm-gnu-toolchain/bin/../lib/gcc/arm-none-eabi/6.3.1/thumb/v6-m\libgcc.a(_udivsi3.o)
__bss_end__                                       c:/program files (x86)/atmel/studio/7.0/toolchain/arm/arm-gnu-toolchain/bin/../lib/gcc/arm-none-eabi/6.3.1/../../../../arm-none-eabi/lib/thumb/v6-m/crt0.o
__bss_start__                                     c:/program files (x86)/atmel/studio/7.0/toolchain/arm/arm-gnu-toolchain/bin/../lib/gcc/arm-none-eabi/6.3.1/../../../../arm-none-eabi/lib/thumb/v6-m/crt0.o
__call_exitprocs                                  c:/program files (x86)/atmel/studio/7.0/toolchain/arm/arm-gnu-toolchain/bin/../lib/gcc/arm-none-eabi/6.3.1/../../../../arm-none-eabi/lib/thumb/v6-m\libc_nano.a(lib_a-exit.o)
__deregister_frame_info                           c:/program files (x86)/atmel/studio/7.0/toolchain/arm/arm-gnu-toolchain/bin/../lib/gcc/arm-none-eabi/6.3.1/thumb/v6-m/crtbegin.o
__dso_handle                                      c:/program files (x86)/atmel/studio/7.0/toolchain/arm/arm-gnu-toolchain/bin/../lib/gcc/arm-none-eabi/6.3.1/thumb/v6-m/crtbegin.o
__init_array_end                                  c:/program files (x86)/atmel/studio/7.0/toolchain/arm/arm-gnu-toolchain/bin/../lib/gcc/arm-none-eabi/6.3.1/../../../../arm-none-eabi/lib/thumb/v6-m\libc_nano.a(lib_a-init.o)
__init_array_start                                c:/program files (x86)/atmel/studio/7.0/toolchain/arm/arm-gnu-toolchain/bin/../lib/gcc/arm-none-eabi/6.3.1/../../../../arm-none-eabi/lib/thumb/v6-m\libc_nano.a(lib_a-init.o)
__libc_fini_array                                 c:/program files (x86)/atmel/studio/7.0/toolchain/arm/arm-gnu-toolchain/bin/../lib/gcc/arm-none-eabi/6.3.1/../../../../arm-none-eabi/lib/thumb/v6-m/crt0.o
__libc_init_array                                 c:/program files (x86)/atmel/studio/7.0/toolchain/arm/arm-gnu-toolchain/bin/../lib/gcc/arm-none-eabi/6.3.1/../../../../arm-none-eabi/lib/thumb/v6-m\libc_nano.a(lib_a-init.o)
                                                  src/ASF/sam0/utils/cmsis/samd21/source/gcc/startup_samd21.o
                                                  c:/program files (x86)/atmel/studio/7.0/toolchain/arm/arm-gnu-toolchain/bin/../lib/gcc/arm-none-eabi/6.3.1/../../../../arm-none-eabi/lib/thumb/v6-m/crt0.o
__muldi3                                          c:/program files (x86)/atmel/studio/7.0/toolchain/arm/arm-gnu-toolchain/bin/../lib/gcc/arm-none-eabi/6.3.1/thumb/v6-m\libgcc.a(_muldi3.o)
__preinit_array_end                               c:/program files (x86)/atmel/studio/7.0/toolchain/arm/arm-gnu-toolchain/bin/../lib/gcc/arm-none-eabi/6.3.1/../../../../arm-none-eabi/lib/thumb/v6-m\libc_nano.a(lib_a-init.o)
__preinit_array_start                             c:/program files (x86)/atmel/studio/7.0/toolchain/arm/arm-gnu-toolchain/bin/../lib/gcc/arm-none-eabi/6.3.1/../../../../arm-none-eabi/lib/thumb/v6-m\libc_nano.a(lib_a-init.o)
__register_frame_info                             c:/program files (x86)/atmel/studio/7.0/toolchain/arm/arm-gnu-toolchain/bin/../lib/gcc/arm-none-eabi/6.3.1/thumb/v6-m/crtbegin.o
__sf_fake_stderr                                  c:/program files (x86)/atmel/studio/7.0/toolchain/arm/arm-gnu-toolchain/bin/../lib/gcc/arm-none-eabi/6.3.1/../../../../arm-none-eabi/lib/thumb/v6-m\libc_nano.a(lib_a-impure.o)
__sf_fake_stdin                                   c:/program files (x86)/atmel/studio/7.0/toolchain/arm/arm-gnu-toolchain/bin/../lib/gcc/arm-none-eabi/6.3.1/../../../../arm-none-eabi/lib/thumb/v6-m\libc_nano.a(lib_a-impure.o)
__sf_fake_stdout                                  c:/program files (x86)/atmel/studio/7.0/toolchain/arm/arm-gnu-toolchain/bin/../lib/gcc/arm-none-eabi/6.3.1/../../../../arm-none-eabi/lib/thumb/v6-m\libc_nano.a(lib_a-impure.o)
__stack                                           c:/program files (x86)/atmel/studio/7.0/toolchain/arm/arm-gnu-toolchain/bin/../lib/gcc/arm-none-eabi/6.3.1/../../../../arm-none-eabi/lib/thumb/v6-m/crt0.o
__udivsi3                                         c:/program files (x86)/atmel/studio/7.0/toolchain/arm/arm-gnu-toolchain/bin/../lib/gcc/arm-none-eabi/6.3.1/thumb/v6-m\libgcc.a(_udivsi3.o)
_close                                            src/ASF/sam0/utils/syscalls/gcc/syscalls.o
_end                                              src/ASF/sam0/utils/syscalls/gcc/syscalls.o
_erelocate                                        src/ASF/sam0/utils/cmsis/samd21/source/gcc/startup_samd21.o
_estack                                           src/ASF/sam0/utils/cmsis/samd21/source/gcc/startup_samd21.o
_etext                                            src/ASF/sam0/utils/cmsis/samd21/source/gcc/startup_samd21.o
_exit                                             src/ASF/sam0/utils/syscalls/gcc/syscalls.o
                                                  c:/program files (x86)/atmel/studio/7.0/toolchain/arm/arm-gnu-toolchain/bin/../lib/gcc/arm-none-eabi/6.3.1/../../../../arm-none-eabi/lib/thumb/v6-m\libc_nano.a(lib_a-exit.o)
_ezero                                            src/ASF/sam0/utils/cmsis/samd21/source/gcc/startup_samd21.o
_fini                                             c:/program files (x86)/atmel/studio/7.0/toolchain/arm/arm-gnu-toolchain/bin/../lib/gcc/arm-none-eabi/6.3.1/thumb/v6-m/crti.o
_fstat                                            src/ASF/sam0/utils/syscalls/gcc/syscalls.o
_getpid                                           src/ASF/sam0/utils/syscalls/gcc/syscalls.o
_global_impure_ptr                                c:/program files (x86)/atmel/studio/7.0/toolchain/arm/arm-gnu-toolchain/bin/../lib/gcc/arm-none-eabi/6.3.1/../../../../arm-none-eabi/lib/thumb/v6-m\libc_nano.a(lib_a-impure.o)
                                                  c:/program files (x86)/atmel/studio/7.0/toolchain/arm/arm-gnu-toolchain/bin/../lib/gcc/arm-none-eabi/6.3.1/../../../../arm-none-eabi/lib/thumb/v6-m\libc_nano.a(lib_a-exit.o)
_impure_ptr                                       c:/program files (x86)/atmel/studio/7.0/toolchain/arm/arm-gnu-toolchain/bin/../lib/gcc/arm-none-eabi/6.3.1/../../../../arm-none-eabi/lib/thumb/v6-m\libc_nano.a(lib_a-impure.o)
_init                                             c:/program files (x86)/atmel/studio/7.0/toolchain/arm/arm-gnu-toolchain/bin/../lib/gcc/arm-none-eabi/6.3.1/thumb/v6-m/crti.o
                                                  c:/program files (x86)/atmel/studio/7.0/toolchain/arm/arm-gnu-toolchain/bin/../lib/gcc/arm-none-eabi/6.3.1/../../../../arm-none-eabi/lib/thumb/v6-m\libc_nano.a(lib_a-init.o)
_isatty                                           src/ASF/sam0/utils/syscalls/gcc/syscalls.o
_kill                                             src/ASF/sam0/utils/syscalls/gcc/syscalls.o
_lseek                                            src/ASF/sam0/utils/syscalls/gcc/syscalls.o
_mainCRTStartup                                   c:/program files (x86)/atmel/studio/7.0/toolchain/arm/arm-gnu-toolchain/bin/../lib/gcc/arm-none-eabi/6.3.1/../../../../arm-none-eabi/lib/thumb/v6-m/crt0.o
_sbrk                                             src/ASF/sam0/utils/syscalls/gcc/syscalls.o
_sercom_get_async_baud_val                        src/ASF/sam0/drivers/sercom/sercom.o
                                                  src/ASF/sam0/drivers/sercom/usart/usart.o
_sercom_get_default_pad                           src/ASF/sam0/drivers/sercom/sercom.o
                                                  src/ASF/sam0/drivers/sercom/usart/usart.o
_sercom_get_interrupt_vector                      src/ASF/sam0/drivers/sercom/sercom_interrupt.o
                                                  src/main.o
_sercom_get_sercom_inst_index                     src/ASF/sam0/drivers/sercom/sercom.o
                                                  src/ASF/sam0/drivers/sercom/usart/usart.o
                                                  src/ASF/sam0/drivers/sercom/sercom_interrupt.o
_sercom_get_sync_baud_val                         src/ASF/sam0/drivers/sercom/sercom.o
                                                  src/ASF/sam0/drivers/sercom/usart/usart.o
_sercom_instances                                 src/ASF/sam0/drivers/sercom/sercom_interrupt.o
                                                  src/ASF/sam0/drivers/sercom/usart/usart_interrupt.o
                                                  src/ASF/sam0/drivers/sercom/usart/usart.o
_sercom_set_handler                               src/ASF/sam0/drivers/sercom/sercom_interrupt.o
                                                  src/ASF/sam0/drivers/sercom/usart/usart.o
_sfixed                                           src/ASF/sam0/utils/cmsis/samd21/source/gcc/startup_samd21.o
_srelocate                                        src/ASF/sam0/utils/cmsis/samd21/source/gcc/startup_samd21.o
_start                                            c:/program files (x86)/atmel/studio/7.0/toolchain/arm/arm-gnu-toolchain/bin/../lib/gcc/arm-none-eabi/6.3.1/../../../../arm-none-eabi/lib/thumb/v6-m/crt0.o
_system_divas_init                                src/ASF/sam0/drivers/system/system.o
_system_dummy_init                                src/ASF/sam0/drivers/system/system.o
_system_events_init                               src/ASF/sam0/drivers/system/system.o
_system_extint_init                               src/ASF/sam0/drivers/system/system.o
_szero                                            src/ASF/sam0/utils/cmsis/samd21/source/gcc/startup_samd21.o
_usart_interrupt_handler                          src/ASF/sam0/drivers/sercom/usart/usart_interrupt.o
                                                  src/ASF/sam0/drivers/sercom/usart/usart.o
_usart_read_buffer                                src/ASF/sam0/drivers/sercom/usart/usart_interrupt.o
_usart_write_buffer                               src/ASF/sam0/drivers/sercom/usart/usart_interrupt.o
atexit                                            c:/program files (x86)/atmel/studio/7.0/toolchain/arm/arm-gnu-toolchain/bin/../lib/gcc/arm-none-eabi/6.3.1/../../../../arm-none-eabi/lib/thumb/v6-m/crt0.o
board_init                                        src/ASF/common2/boards/user_board/init.o
configure_usart                                   src/main.o
configure_usart_callbacks                         src/main.o
cpu_irq_enter_critical                            src/ASF/common/utils/interrupt/interrupt_sam_nvic.o
                                                  src/ASF/sam0/drivers/system/clock/clock_samd21_r21_da_ha1/gclk.o
                                                  src/ASF/sam0/drivers/sercom/usart/usart_interrupt.o
cpu_irq_leave_critical                            src/ASF/common/utils/interrupt/interrupt_sam_nvic.o
                                                  src/ASF/sam0/drivers/system/clock/clock_samd21_r21_da_ha1/gclk.o
                                                  src/ASF/sam0/drivers/sercom/usart/usart_interrupt.o
exception_table                                   src/ASF/sam0/utils/cmsis/samd21/source/gcc/startup_samd21.o
exit                                              c:/program files (x86)/atmel/studio/7.0/toolchain/arm/arm-gnu-toolchain/bin/../lib/gcc/arm-none-eabi/6.3.1/../../../../arm-none-eabi/lib/thumb/v6-m\libc_nano.a(lib_a-exit.o)
                                                  c:/program files (x86)/atmel/studio/7.0/toolchain/arm/arm-gnu-toolchain/bin/../lib/gcc/arm-none-eabi/6.3.1/../../../../arm-none-eabi/lib/thumb/v6-m/crt0.o
g_interrupt_enabled                               src/ASF/common/utils/interrupt/interrupt_sam_nvic.o
                                                  src/main.o
hardware_init_hook                                c:/program files (x86)/atmel/studio/7.0/toolchain/arm/arm-gnu-toolchain/bin/../lib/gcc/arm-none-eabi/6.3.1/../../../../arm-none-eabi/lib/thumb/v6-m/crt0.o
link                                              src/ASF/sam0/utils/syscalls/gcc/syscalls.o
main                                              src/main.o
                                                  src/ASF/sam0/utils/cmsis/samd21/source/gcc/startup_samd21.o
                                                  c:/program files (x86)/atmel/studio/7.0/toolchain/arm/arm-gnu-toolchain/bin/../lib/gcc/arm-none-eabi/6.3.1/../../../../arm-none-eabi/lib/thumb/v6-m/crt0.o
memset                                            c:/program files (x86)/atmel/studio/7.0/toolchain/arm/arm-gnu-toolchain/bin/../lib/gcc/arm-none-eabi/6.3.1/../../../../arm-none-eabi/lib/thumb/v6-m\libc_nano.a(lib_a-memset.o)
                                                  c:/program files (x86)/atmel/studio/7.0/toolchain/arm/arm-gnu-toolchain/bin/../lib/gcc/arm-none-eabi/6.3.1/../../../../arm-none-eabi/lib/thumb/v6-m/crt0.o
rx_buffer                                         src/main.o
sercom_set_gclk_generator                         src/ASF/sam0/drivers/sercom/sercom.o
                                                  src/ASF/sam0/drivers/sercom/usart/usart.o
software_init_hook                                c:/program files (x86)/atmel/studio/7.0/toolchain/arm/arm-gnu-toolchain/bin/../lib/gcc/arm-none-eabi/6.3.1/../../../../arm-none-eabi/lib/thumb/v6-m/crt0.o
system_board_init                                 src/ASF/common2/boards/user_board/init.o
system_clock_init                                 src/ASF/sam0/drivers/system/clock/clock_samd21_r21_da_ha1/clock.o
system_clock_source_dfll_set_config               src/ASF/sam0/drivers/system/clock/clock_samd21_r21_da_ha1/clock.o
system_clock_source_disable                       src/ASF/sam0/drivers/system/clock/clock_samd21_r21_da_ha1/clock.o
system_clock_source_dpll_set_config               src/ASF/sam0/drivers/system/clock/clock_samd21_r21_da_ha1/clock.o
system_clock_source_enable                        src/ASF/sam0/drivers/system/clock/clock_samd21_r21_da_ha1/clock.o
system_clock_source_get_hz                        src/ASF/sam0/drivers/system/clock/clock_samd21_r21_da_ha1/clock.o
                                                  src/ASF/sam0/drivers/system/clock/clock_samd21_r21_da_ha1/gclk.o
system_clock_source_is_ready                      src/ASF/sam0/drivers/system/clock/clock_samd21_r21_da_ha1/clock.o
system_clock_source_osc32k_set_config             src/ASF/sam0/drivers/system/clock/clock_samd21_r21_da_ha1/clock.o
system_clock_source_osc8m_set_config              src/ASF/sam0/drivers/system/clock/clock_samd21_r21_da_ha1/clock.o
system_clock_source_write_calibration             src/ASF/sam0/drivers/system/clock/clock_samd21_r21_da_ha1/clock.o
system_clock_source_xosc32k_set_config            src/ASF/sam0/drivers/system/clock/clock_samd21_r21_da_ha1/clock.o
system_clock_source_xosc_set_config               src/ASF/sam0/drivers/system/clock/clock_samd21_r21_da_ha1/clock.o
system_gclk_chan_disable                          src/ASF/sam0/drivers/system/clock/clock_samd21_r21_da_ha1/gclk.o
system_gclk_chan_enable                           src/ASF/sam0/drivers/system/clock/clock_samd21_r21_da_ha1/gclk.o
                                                  src/ASF/sam0/drivers/sercom/usart/usart.o
                                                  src/ASF/sam0/drivers/sercom/sercom.o
system_gclk_chan_get_hz                           src/ASF/sam0/drivers/system/clock/clock_samd21_r21_da_ha1/gclk.o
                                                  src/ASF/sam0/drivers/system/clock/clock_samd21_r21_da_ha1/clock.o
                                                  src/ASF/sam0/drivers/sercom/usart/usart.o
system_gclk_chan_is_enabled                       src/ASF/sam0/drivers/system/clock/clock_samd21_r21_da_ha1/gclk.o
system_gclk_chan_is_locked                        src/ASF/sam0/drivers/system/clock/clock_samd21_r21_da_ha1/gclk.o
system_gclk_chan_lock                             src/ASF/sam0/drivers/system/clock/clock_samd21_r21_da_ha1/gclk.o
system_gclk_chan_set_config                       src/ASF/sam0/drivers/system/clock/clock_samd21_r21_da_ha1/gclk.o
                                                  src/ASF/sam0/drivers/system/clock/clock_samd21_r21_da_ha1/clock.o
                                                  src/ASF/sam0/drivers/sercom/usart/usart.o
                                                  src/ASF/sam0/drivers/sercom/sercom.o
system_gclk_gen_disable                           src/ASF/sam0/drivers/system/clock/clock_samd21_r21_da_ha1/gclk.o
system_gclk_gen_enable                            src/ASF/sam0/drivers/system/clock/clock_samd21_r21_da_ha1/gclk.o
                                                  src/ASF/sam0/drivers/system/clock/clock_samd21_r21_da_ha1/clock.o
system_gclk_gen_get_hz                            src/ASF/sam0/drivers/system/clock/clock_samd21_r21_da_ha1/gclk.o
system_gclk_gen_is_enabled                        src/ASF/sam0/drivers/system/clock/clock_samd21_r21_da_ha1/gclk.o
system_gclk_gen_set_config                        src/ASF/sam0/drivers/system/clock/clock_samd21_r21_da_ha1/gclk.o
                                                  src/ASF/sam0/drivers/system/clock/clock_samd21_r21_da_ha1/clock.o
system_gclk_init                                  src/ASF/sam0/drivers/system/clock/clock_samd21_r21_da_ha1/gclk.o
                                                  src/ASF/sam0/drivers/system/clock/clock_samd21_r21_da_ha1/clock.o
system_init                                       src/ASF/sam0/drivers/system/system.o
                                                  src/main.o
system_interrupt_clear_pending                    src/ASF/sam0/drivers/system/interrupt/system_interrupt.o
system_interrupt_get_priority                     src/ASF/sam0/drivers/system/interrupt/system_interrupt.o
system_interrupt_is_pending                       src/ASF/sam0/drivers/system/interrupt/system_interrupt.o
system_interrupt_set_pending                      src/ASF/sam0/drivers/system/interrupt/system_interrupt.o
system_interrupt_set_priority                     src/ASF/sam0/drivers/system/interrupt/system_interrupt.o
system_pinmux_group_set_config                    src/ASF/sam0/drivers/system/pinmux/pinmux.o
system_pinmux_group_set_input_sample_mode         src/ASF/sam0/drivers/system/pinmux/pinmux.o
system_pinmux_group_set_output_strength           src/ASF/sam0/drivers/system/pinmux/pinmux.o
system_pinmux_pin_set_config                      src/ASF/sam0/drivers/system/pinmux/pinmux.o
                                                  src/ASF/sam0/drivers/sercom/usart/usart.o
usart_abort_job                                   src/ASF/sam0/drivers/sercom/usart/usart_interrupt.o
usart_get_job_status                              src/ASF/sam0/drivers/sercom/usart/usart_interrupt.o
usart_init                                        src/ASF/sam0/drivers/sercom/usart/usart.o
                                                  src/main.o
usart_instance                                    src/main.o
usart_read_buffer_job                             src/ASF/sam0/drivers/sercom/usart/usart_interrupt.o
                                                  src/main.o
usart_read_buffer_wait                            src/ASF/sam0/drivers/sercom/usart/usart.o
usart_read_callback                               src/main.o
usart_read_job                                    src/ASF/sam0/drivers/sercom/usart/usart_interrupt.o
usart_read_wait                                   src/ASF/sam0/drivers/sercom/usart/usart.o
usart_register_callback                           src/ASF/sam0/drivers/sercom/usart/usart_interrupt.o
                                                  src/main.o
usart_unregister_callback                         src/ASF/sam0/drivers/sercom/usart/usart_interrupt.o
usart_write_buffer_job                            src/ASF/sam0/drivers/sercom/usart/usart_interrupt.o
                                                  src/main.o
usart_write_buffer_wait                           src/ASF/sam0/drivers/sercom/usart/usart.o
                                                  src/main.o
usart_write_callback                              src/main.o
usart_write_job                                   src/ASF/sam0/drivers/sercom/usart/usart_interrupt.o
usart_write_wait                                  src/ASF/sam0/drivers/sercom/usart/usart.o
