Archive member included to satisfy reference by file (symbol)

c:/program files (x86)/atmel/studio/7.0/toolchain/arm/arm-gnu-toolchain/bin/../lib/gcc/arm-none-eabi/6.2.1/thumb/v6-m\libgcc.a(_udivsi3.o)
                              src/ASF/common2/services/delay/sam0/systick_counter.o (__aeabi_uidiv)
c:/program files (x86)/atmel/studio/7.0/toolchain/arm/arm-gnu-toolchain/bin/../lib/gcc/arm-none-eabi/6.2.1/thumb/v6-m\libgcc.a(_divsi3.o)
                              src/ASF/sam0/drivers/sercom/i2c/i2c_sam0/i2c_master.o (__aeabi_idiv)
c:/program files (x86)/atmel/studio/7.0/toolchain/arm/arm-gnu-toolchain/bin/../lib/gcc/arm-none-eabi/6.2.1/thumb/v6-m\libgcc.a(_dvmd_tls.o)
                              c:/program files (x86)/atmel/studio/7.0/toolchain/arm/arm-gnu-toolchain/bin/../lib/gcc/arm-none-eabi/6.2.1/thumb/v6-m\libgcc.a(_udivsi3.o) (__aeabi_idiv0)
c:/program files (x86)/atmel/studio/7.0/toolchain/arm/arm-gnu-toolchain/bin/../lib/gcc/arm-none-eabi/6.2.1/thumb/v6-m\libgcc.a(_muldi3.o)
                              src/ASF/sam0/drivers/sercom/sercom.o (__aeabi_lmul)
c:/program files (x86)/atmel/studio/7.0/toolchain/arm/arm-gnu-toolchain/bin/../lib/gcc/arm-none-eabi/6.2.1/../../../../arm-none-eabi/lib/thumb/v6-m\libc_nano.a(lib_a-exit.o)
                              c:/program files (x86)/atmel/studio/7.0/toolchain/arm/arm-gnu-toolchain/bin/../lib/gcc/arm-none-eabi/6.2.1/../../../../arm-none-eabi/lib/thumb/v6-m/crt0.o (exit)
c:/program files (x86)/atmel/studio/7.0/toolchain/arm/arm-gnu-toolchain/bin/../lib/gcc/arm-none-eabi/6.2.1/../../../../arm-none-eabi/lib/thumb/v6-m\libc_nano.a(lib_a-impure.o)
                              c:/program files (x86)/atmel/studio/7.0/toolchain/arm/arm-gnu-toolchain/bin/../lib/gcc/arm-none-eabi/6.2.1/../../../../arm-none-eabi/lib/thumb/v6-m\libc_nano.a(lib_a-exit.o) (_global_impure_ptr)
c:/program files (x86)/atmel/studio/7.0/toolchain/arm/arm-gnu-toolchain/bin/../lib/gcc/arm-none-eabi/6.2.1/../../../../arm-none-eabi/lib/thumb/v6-m\libc_nano.a(lib_a-init.o)
                              c:/program files (x86)/atmel/studio/7.0/toolchain/arm/arm-gnu-toolchain/bin/../lib/gcc/arm-none-eabi/6.2.1/../../../../arm-none-eabi/lib/thumb/v6-m/crt0.o (__libc_init_array)
c:/program files (x86)/atmel/studio/7.0/toolchain/arm/arm-gnu-toolchain/bin/../lib/gcc/arm-none-eabi/6.2.1/../../../../arm-none-eabi/lib/thumb/v6-m\libc_nano.a(lib_a-memset.o)
                              c:/program files (x86)/atmel/studio/7.0/toolchain/arm/arm-gnu-toolchain/bin/../lib/gcc/arm-none-eabi/6.2.1/../../../../arm-none-eabi/lib/thumb/v6-m/crt0.o (memset)
c:/program files (x86)/atmel/studio/7.0/toolchain/arm/arm-gnu-toolchain/bin/../lib/gcc/arm-none-eabi/6.2.1/../../../../arm-none-eabi/lib/thumb/v6-m\libc_nano.a(lib_a-printf.o)
                              src/main.o (printf)
c:/program files (x86)/atmel/studio/7.0/toolchain/arm/arm-gnu-toolchain/bin/../lib/gcc/arm-none-eabi/6.2.1/../../../../arm-none-eabi/lib/thumb/v6-m\libc_nano.a(lib_a-setbuf.o)
                              src/main.o (setbuf)
c:/program files (x86)/atmel/studio/7.0/toolchain/arm/arm-gnu-toolchain/bin/../lib/gcc/arm-none-eabi/6.2.1/../../../../arm-none-eabi/lib/thumb/v6-m\libc_nano.a(lib_a-setvbuf.o)
                              c:/program files (x86)/atmel/studio/7.0/toolchain/arm/arm-gnu-toolchain/bin/../lib/gcc/arm-none-eabi/6.2.1/../../../../arm-none-eabi/lib/thumb/v6-m\libc_nano.a(lib_a-setbuf.o) (setvbuf)
c:/program files (x86)/atmel/studio/7.0/toolchain/arm/arm-gnu-toolchain/bin/../lib/gcc/arm-none-eabi/6.2.1/../../../../arm-none-eabi/lib/thumb/v6-m\libc_nano.a(lib_a-fflush.o)
                              c:/program files (x86)/atmel/studio/7.0/toolchain/arm/arm-gnu-toolchain/bin/../lib/gcc/arm-none-eabi/6.2.1/../../../../arm-none-eabi/lib/thumb/v6-m\libc_nano.a(lib_a-setvbuf.o) (_fflush_r)
c:/program files (x86)/atmel/studio/7.0/toolchain/arm/arm-gnu-toolchain/bin/../lib/gcc/arm-none-eabi/6.2.1/../../../../arm-none-eabi/lib/thumb/v6-m\libc_nano.a(lib_a-findfp.o)
                              c:/program files (x86)/atmel/studio/7.0/toolchain/arm/arm-gnu-toolchain/bin/../lib/gcc/arm-none-eabi/6.2.1/../../../../arm-none-eabi/lib/thumb/v6-m\libc_nano.a(lib_a-printf.o) (__sinit)
c:/program files (x86)/atmel/studio/7.0/toolchain/arm/arm-gnu-toolchain/bin/../lib/gcc/arm-none-eabi/6.2.1/../../../../arm-none-eabi/lib/thumb/v6-m\libc_nano.a(lib_a-fwalk.o)
                              c:/program files (x86)/atmel/studio/7.0/toolchain/arm/arm-gnu-toolchain/bin/../lib/gcc/arm-none-eabi/6.2.1/../../../../arm-none-eabi/lib/thumb/v6-m\libc_nano.a(lib_a-findfp.o) (_fwalk)
c:/program files (x86)/atmel/studio/7.0/toolchain/arm/arm-gnu-toolchain/bin/../lib/gcc/arm-none-eabi/6.2.1/../../../../arm-none-eabi/lib/thumb/v6-m\libc_nano.a(lib_a-makebuf.o)
[...]
Memory Configuration

Name             Origin             Length             Attributes
rom              0x00000000         0x00040000         xr
ram              0x20000000         0x00008000         xrw
*default*        0x00000000         0xffffffff

Linker script and memory map

LOAD c:/program files (x86)/atmel/studio/7.0/toolchain/arm/arm-gnu-toolchain/bin/../lib/gcc/arm-none-eabi/6.2.1/thumb/v6-m/crti.o
LOAD c:/program files (x86)/atmel/studio/7.0/toolchain/arm/arm-gnu-toolchain/bin/../lib/gcc/arm-none-eabi/6.2.1/thumb/v6-m/crtbegin.o
LOAD c:/program files (x86)/atmel/studio/7.0/toolchain/arm/arm-gnu-toolchain/bin/../lib/gcc/arm-none-eabi/6.2.1/../../../../arm-none-eabi/lib/thumb/v6-m/crt0.o
LOAD src/ASF/common2/boards/user_board/init.o
LOAD src/ASF/common2/services/delay/sam0/systick_counter.o
LOAD src/ASF/common/utils/interrupt/interrupt_sam_nvic.o
LOAD src/ASF/sam0/drivers/sercom/i2c/i2c_sam0/i2c_master.o
LOAD src/ASF/sam0/drivers/sercom/i2c/i2c_sam0/i2c_master_interrupt.o
LOAD src/ASF/sam0/drivers/sercom/i2c/i2c_sam0/i2c_slave.o
LOAD src/ASF/sam0/drivers/sercom/i2c/i2c_sam0/i2c_slave_interrupt.o
LOAD src/ASF/sam0/drivers/sercom/sercom.o
LOAD src/ASF/sam0/drivers/sercom/sercom_interrupt.o
LOAD src/ASF/sam0/drivers/sercom/usart/usart.o
LOAD src/ASF/sam0/drivers/sercom/usart/usart_interrupt.o
LOAD src/ASF/sam0/drivers/system/clock/clock_samd21_r21_da_ha1/clock.o
LOAD src/ASF/sam0/drivers/system/clock/clock_samd21_r21_da_ha1/gclk.o
LOAD src/ASF/sam0/drivers/system/interrupt/system_interrupt.o
LOAD src/ASF/sam0/drivers/system/pinmux/pinmux.o
LOAD src/ASF/sam0/drivers/system/system.o
LOAD src/ASF/sam0/utils/cmsis/samd21/source/gcc/startup_samd21.o
LOAD src/ASF/sam0/utils/cmsis/samd21/source/system_samd21.o
LOAD src/ASF/sam0/utils/stdio/read.o
LOAD src/ASF/sam0/utils/stdio/write.o
LOAD src/ASF/sam0/utils/syscalls/gcc/syscalls.o
LOAD src/main.o
START GROUP
LOAD ../src/ASF/thirdparty/CMSIS/Lib/GCC\libarm_cortexM0l_math.a
LOAD c:/program files (x86)/atmel/studio/7.0/toolchain/arm/arm-gnu-toolchain/bin/../lib/gcc/arm-none-eabi/6.2.1/../../../../arm-none-eabi/lib/thumb/v6-m\libm.a
END GROUP
START GROUP
LOAD c:/program files (x86)/atmel/studio/7.0/toolchain/arm/arm-gnu-toolchain/bin/../lib/gcc/arm-none-eabi/6.2.1/thumb/v6-m\libgcc.a
LOAD c:/program files (x86)/atmel/studio/7.0/toolchain/arm/arm-gnu-toolchain/bin/../lib/gcc/arm-none-eabi/6.2.1/../../../../arm-none-eabi/lib/thumb/v6-m\libc_nano.a
END GROUP
START GROUP
LOAD c:/program files (x86)/atmel/studio/7.0/toolchain/arm/arm-gnu-toolchain/bin/../lib/gcc/arm-none-eabi/6.2.1/thumb/v6-m\libgcc.a
LOAD c:/program files (x86)/atmel/studio/7.0/toolchain/arm/arm-gnu-toolchain/bin/../lib/gcc/arm-none-eabi/6.2.1/../../../../arm-none-eabi/lib/thumb/v6-m\libc_nano.a
END GROUP
LOAD c:/program files (x86)/atmel/studio/7.0/toolchain/arm/arm-gnu-toolchain/bin/../lib/gcc/arm-none-eabi/6.2.1/thumb/v6-m/crtend.o
LOAD c:/program files (x86)/atmel/studio/7.0/toolchain/arm/arm-gnu-toolchain/bin/../lib/gcc/arm-none-eabi/6.2.1/thumb/v6-m/crtn.o
                0x00002000                STACK_SIZE = DEFINED (STACK_SIZE)?STACK_SIZE:DEFINED (__stack_size__)?__stack_size__:0x2000

.text           0x00000000     0x3268
                0x00000000                . = ALIGN (0x4)
                0x00000000                _sfixed = .
 *(.vectors .vectors.*)
 .vectors       0x00000000       0xb4 src/ASF/sam0/utils/cmsis/samd21/source/gcc/startup_samd21.o
                0x00000000                exception_table
 *(.text .text.* .gnu.linkonce.t.*)
 .text          0x000000b4       0x60 c:/program files (x86)/atmel/studio/7.0/toolchain/arm/arm-gnu-toolchain/bin/../lib/gcc/arm-none-eabi/6.2.1/thumb/v6-m/crtbegin.o
 .text.system_board_init
                0x00000114        0x2 src/ASF/common2/boards/user_board/init.o
                0x00000114                board_init
                0x00000114                system_board_init
 *fill*         0x00000116        0x2 
 .text.delay_init
                0x00000118       0x40 src/ASF/common2/services/delay/sam0/systick_counter.o
                0x00000118                delay_init
 .text.delay_cycles_ms
                0x00000158       0x2c src/ASF/common2/services/delay/sam0/systick_counter.o
                0x00000158                delay_cycles_ms
 .text.cpu_irq_enter_critical
                0x00000184       0x40 src/ASF/common/utils/interrupt/interrupt_sam_nvic.o
                0x00000184                cpu_irq_enter_critical
 .text.cpu_irq_leave_critical
                0x000001c4       0x30 src/ASF/common/utils/interrupt/interrupt_sam_nvic.o
                0x000001c4                cpu_irq_leave_critical
 .text._i2c_master_wait_for_sync
                0x000001f4        0xc src/ASF/sam0/drivers/sercom/i2c/i2c_sam0/i2c_master.o
 .text.i2c_master_init
                0x00000200      0x210 src/ASF/sam0/drivers/sercom/i2c/i2c_sam0/i2c_master.o
                0x00000200                i2c_master_init
 .text._i2c_master_address_response
                0x00000410       0x30 src/ASF/sam0/drivers/sercom/i2c/i2c_sam0/i2c_master.o
                0x00000410                _i2c_master_address_response
 .text._i2c_master_wait_for_bus
                0x00000440       0x2c src/ASF/sam0/drivers/sercom/i2c/i2c_sam0/i2c_master.o
                0x00000440                _i2c_master_wait_for_bus
 .text._i2c_master_send_hs_master_code
                0x0000046c       0x20 src/ASF/sam0/drivers/sercom/i2c/i2c_sam0/i2c_master.o
                0x0000046c                _i2c_master_send_hs_master_code
 .text._i2c_master_write_packet
                0x0000048c       0xf4 src/ASF/sam0/drivers/sercom/i2c/i2c_sam0/i2c_master.o
 .text.i2c_master_write_packet_wait
                0x00000580       0x24 src/ASF/sam0/drivers/sercom/i2c/i2c_sam0/i2c_master.o
                0x00000580                i2c_master_write_packet_wait
 .text._i2c_master_wait_for_sync
                0x000005a4        0xc src/ASF/sam0/drivers/sercom/i2c/i2c_sam0/i2c_master_interrupt.o
 .text._i2c_master_read
                0x000005b0       0x88 src/ASF/sam0/drivers/sercom/i2c/i2c_sam0/i2c_master_interrupt.o
 .text._i2c_master_write
                0x00000638       0x3c src/ASF/sam0/drivers/sercom/i2c/i2c_sam0/i2c_master_interrupt.o
 .text._i2c_master_read_packet
                0x00000674       0xac src/ASF/sam0/drivers/sercom/i2c/i2c_sam0/i2c_master_interrupt.o
 .text.i2c_master_register_callback
                0x00000720       0x16 src/ASF/sam0/drivers/sercom/i2c/i2c_sam0/i2c_master_interrupt.o
                0x00000720                i2c_master_register_callback
 *fill*         0x00000736        0x2 
 .text.i2c_master_read_packet_job
                0x00000738       0x24 src/ASF/sam0/drivers/sercom/i2c/i2c_sam0/i2c_master_interrupt.o
                0x00000738                i2c_master_read_packet_job
 .text._i2c_master_interrupt_handler
                0x0000075c      0x1ec src/ASF/sam0/drivers/sercom/i2c/i2c_sam0/i2c_master_interrupt.o
                0x0000075c                _i2c_master_interrupt_handler
 .text.long_division
                0x00000948       0xba src/ASF/sam0/drivers/sercom/sercom.o
 .text._sercom_get_sync_baud_val
                0x00000a02       0x28 src/ASF/sam0/drivers/sercom/sercom.o
                0x00000a02                _sercom_get_sync_baud_val
 *fill*         0x00000a2a        0x2 
 .text._sercom_get_async_baud_val
                0x00000a2c       0x94 src/ASF/sam0/drivers/sercom/sercom.o
                0x00000a2c                _sercom_get_async_baud_val
 .text.sercom_set_gclk_generator
                0x00000ac0       0x4c src/ASF/sam0/drivers/sercom/sercom.o
                0x00000ac0                sercom_set_gclk_generator
 .text._sercom_get_default_pad
                0x00000b0c      0x178 src/ASF/sam0/drivers/sercom/sercom.o
                0x00000b0c                _sercom_get_default_pad
 .text._sercom_get_sercom_inst_index
                0x00000c84       0x38 src/ASF/sam0/drivers/sercom/sercom.o
                0x00000c84                _sercom_get_sercom_inst_index
 .text._sercom_default_handler
                0x00000cbc        0x2 src/ASF/sam0/drivers/sercom/sercom_interrupt.o
 *fill*         0x00000cbe        0x2 
 .text._sercom_set_handler
                0x00000cc0       0x3c src/ASF/sam0/drivers/sercom/sercom_interrupt.o
                0x00000cc0                _sercom_set_handler
 .text._sercom_get_interrupt_vector
                0x00000cfc       0x30 src/ASF/sam0/drivers/sercom/sercom_interrupt.o
                0x00000cfc                _sercom_get_interrupt_vector
 .text.SERCOM0_Handler
                0x00000d2c       0x10 src/ASF/sam0/drivers/sercom/sercom_interrupt.o
                0x00000d2c                SERCOM0_Handler
 .text.SERCOM1_Handler
                0x00000d3c       0x10 src/ASF/sam0/drivers/sercom/sercom_interrupt.o
                0x00000d3c                SERCOM1_Handler
 .text.SERCOM2_Handler
                0x00000d4c       0x10 src/ASF/sam0/drivers/sercom/sercom_interrupt.o
                0x00000d4c                SERCOM2_Handler
 .text.SERCOM3_Handler
                0x00000d5c       0x10 src/ASF/sam0/drivers/sercom/sercom_interrupt.o
                0x00000d5c                SERCOM3_Handler
 .text.SERCOM4_Handler
                0x00000d6c       0x10 src/ASF/sam0/drivers/sercom/sercom_interrupt.o
                0x00000d6c                SERCOM4_Handler
 .text.SERCOM5_Handler
                0x00000d7c       0x10 src/ASF/sam0/drivers/sercom/sercom_interrupt.o
                0x00000d7c                SERCOM5_Handler
 .text.usart_init
                0x00000d8c      0x344 src/ASF/sam0/drivers/sercom/usart/usart.o
                0x00000d8c                usart_init
 .text.usart_write_wait
                0x000010d0       0x2c src/ASF/sam0/drivers/sercom/usart/usart.o
                0x000010d0                usart_write_wait
 .text.usart_read_wait
                0x000010fc       0x70 src/ASF/sam0/drivers/sercom/usart/usart.o
                0x000010fc                usart_read_wait
 .text._usart_write_buffer
                0x0000116c       0x3c src/ASF/sam0/drivers/sercom/usart/usart_interrupt.o
                0x0000116c                _usart_write_buffer
 .text.usart_register_callback
                0x000011a8       0x18 src/ASF/sam0/drivers/sercom/usart/usart_interrupt.o
                0x000011a8                usart_register_callback
 .text.usart_write_buffer_job
                0x000011c0       0x20 src/ASF/sam0/drivers/sercom/usart/usart_interrupt.o
                0x000011c0                usart_write_buffer_job
 .text._usart_interrupt_handler
                0x000011e0      0x194 src/ASF/sam0/drivers/sercom/usart/usart_interrupt.o
                0x000011e0                _usart_interrupt_handler
 .text.system_clock_source_get_hz
                0x00001374       0x90 src/ASF/sam0/drivers/system/clock/clock_samd21_r21_da_ha1/clock.o
                0x00001374                system_clock_source_get_hz
 .text.system_clock_source_osc8m_set_config
                0x00001404       0x3c src/ASF/sam0/drivers/system/clock/clock_samd21_r21_da_ha1/clock.o
                0x00001404                system_clock_source_osc8m_set_config
 .text.system_clock_source_enable
                0x00001440       0xa8 src/ASF/sam0/drivers/system/clock/clock_samd21_r21_da_ha1/clock.o
                0x00001440                system_clock_source_enable
 .text.system_clock_init
                0x000014e8       0x98 src/ASF/sam0/drivers/system/clock/clock_samd21_r21_da_ha1/clock.o
                0x000014e8                system_clock_init
 .text.system_gclk_init
                0x00001580       0x24 src/ASF/sam0/drivers/system/clock/clock_samd21_r21_da_ha1/gclk.o
                0x00001580                system_gclk_init
 .text.system_gclk_gen_set_config
                0x000015a4       0xb8 src/ASF/sam0/drivers/system/clock/clock_samd21_r21_da_ha1/gclk.o
                0x000015a4                system_gclk_gen_set_config
 .text.system_gclk_gen_enable
                0x0000165c       0x44 src/ASF/sam0/drivers/system/clock/clock_samd21_r21_da_ha1/gclk.o
                0x0000165c                system_gclk_gen_enable
 .text.system_gclk_gen_get_hz
                0x000016a0       0x8c src/ASF/sam0/drivers/system/clock/clock_samd21_r21_da_ha1/gclk.o
                0x000016a0                system_gclk_gen_get_hz
 .text.system_gclk_chan_enable
                0x0000172c       0x30 src/ASF/sam0/drivers/system/clock/clock_samd21_r21_da_ha1/gclk.o
                0x0000172c                system_gclk_chan_enable
 .text.system_gclk_chan_disable
                0x0000175c       0x5c src/ASF/sam0/drivers/system/clock/clock_samd21_r21_da_ha1/gclk.o
                0x0000175c                system_gclk_chan_disable
 .text.system_gclk_chan_set_config
                0x000017b8       0x1c src/ASF/sam0/drivers/system/clock/clock_samd21_r21_da_ha1/gclk.o
                0x000017b8                system_gclk_chan_set_config
 .text.system_gclk_chan_get_hz
                0x000017d4       0x34 src/ASF/sam0/drivers/system/clock/clock_samd21_r21_da_ha1/gclk.o
                0x000017d4                system_gclk_chan_get_hz
 .text._system_pinmux_config
                0x00001808       0xa8 src/ASF/sam0/drivers/system/pinmux/pinmux.o
 .text.system_pinmux_pin_set_config
                0x000018b0       0x30 src/ASF/sam0/drivers/system/pinmux/pinmux.o
                0x000018b0                system_pinmux_pin_set_config
 .text._system_dummy_init
                0x000018e0        0x2 src/ASF/sam0/drivers/system/system.o
                0x000018e0                _system_extint_init
                0x000018e0                _system_events_init
                0x000018e0                _system_dummy_init
                0x000018e0                _system_divas_init
 *fill*         0x000018e2        0x2 
 .text.system_init
                0x000018e4       0x2c src/ASF/sam0/drivers/system/system.o
                0x000018e4                system_init
 .text.Dummy_Handler
                0x00001910        0x2 src/ASF/sam0/utils/cmsis/samd21/source/gcc/startup_samd21.o
                0x00001910                DMAC_Handler
                0x00001910                HardFault_Handler
                0x00001910                AC_Handler
                0x00001910                SysTick_Handler
                0x00001910                PendSV_Handler
                0x00001910                NMI_Handler
                0x00001910                ADC_Handler
                0x00001910                TCC1_Handler
                0x00001910                TCC0_Handler
                0x00001910                RTC_Handler
                0x00001910                EIC_Handler
                0x00001910                WDT_Handler
                0x00001910                TC4_Handler
                0x00001910                USB_Handler
                0x00001910                TC3_Handler
                0x00001910                Dummy_Handler
                0x00001910                PM_Handler
                0x00001910                SVC_Handler
                0x00001910                TCC2_Handler
                0x00001910                EVSYS_Handler
                0x00001910                I2S_Handler
                0x00001910                NVMCTRL_Handler
                0x00001910                DAC_Handler
                0x00001910                PTC_Handler
                0x00001910                TC5_Handler
                0x00001910                SYSCTRL_Handler
 *fill*         0x00001912        0x2 
 .text.Reset_Handler
                0x00001914       0xe4 src/ASF/sam0/utils/cmsis/samd21/source/gcc/startup_samd21.o
                0x00001914                Reset_Handler
 .text._read    0x000019f8       0x44 src/ASF/sam0/utils/stdio/read.o
                0x000019f8                _read
 .text._write   0x00001a3c       0x50 src/ASF/sam0/utils/stdio/write.o
                0x00001a3c                _write
 .text._sbrk    0x00001a8c       0x24 src/ASF/sam0/utils/syscalls/gcc/syscalls.o
                0x00001a8c                _sbrk
 .text._close   0x00001ab0        0x6 src/ASF/sam0/utils/syscalls/gcc/syscalls.o
                0x00001ab0                _close
 .text._fstat   0x00001ab6        0xa src/ASF/sam0/utils/syscalls/gcc/syscalls.o
                0x00001ab6                _fstat
 .text._isatty  0x00001ac0        0x4 src/ASF/sam0/utils/syscalls/gcc/syscalls.o
                0x00001ac0                _isatty
 .text._lseek   0x00001ac4        0x4 src/ASF/sam0/utils/syscalls/gcc/syscalls.o
                0x00001ac4                _lseek
 .text.usart_write_callback
                0x00001ac8        0x2 src/main.o
                0x00001ac8                usart_write_callback
 *fill*         0x00001aca        0x2 
 .text.usart_read_callback
                0x00001acc       0x1c src/main.o
                0x00001acc                usart_read_callback
 .text.usart_serial_getchar
                0x00001ae8       0x2c src/main.o
 .text.usart_serial_putchar
                0x00001b14       0x18 src/main.o
 .text.i2c_write_complete_callback
                0x00001b2c       0x18 src/main.o
                0x00001b2c                i2c_write_complete_callback
 .text.configure_usart
                0x00001b44       0xf0 src/main.o
                0x00001b44                configure_usart
 .text.configure_usart_callbacks
                0x00001c34       0x34 src/main.o
                0x00001c34                configure_usart_callbacks
 .text.configure_i2c
                0x00001c68       0xa8 src/main.o
                0x00001c68                configure_i2c
 .text.configure_i2c_callbacks
                0x00001d10       0x24 src/main.o
                0x00001d10                configure_i2c_callbacks
 .text.main     0x00001d34       0x9c src/main.o
                0x00001d34                main
 .text          0x00001dd0      0x114 c:/program files (x86)/atmel/studio/7.0/toolchain/arm/arm-gnu-toolchain/bin/../lib/gcc/arm-none-eabi/6.2.1/thumb/v6-m\libgcc.a(_udivsi3.o)
                0x00001dd0                __aeabi_uidiv
                0x00001dd0                __udivsi3
                0x00001edc                __aeabi_uidivmod
 .text          0x00001ee4      0x1d4 c:/program files (x86)/atmel/studio/7.0/toolchain/arm/arm-gnu-toolchain/bin/../lib/gcc/arm-none-eabi/6.2.1/thumb/v6-m\libgcc.a(_divsi3.o)
                0x00001ee4                __divsi3
                0x00001ee4                __aeabi_idiv
                0x000020b0                __aeabi_idivmod
 .text          0x000020b8        0x4 c:/program files (x86)/atmel/studio/7.0/toolchain/arm/arm-gnu-toolchain/bin/../lib/gcc/arm-none-eabi/6.2.1/thumb/v6-m\libgcc.a(_dvmd_tls.o)
                0x000020b8                __aeabi_idiv0
                0x000020b8                __aeabi_ldiv0
 .text          0x000020bc       0x54 c:/program files (x86)/atmel/studio/7.0/toolchain/arm/arm-gnu-toolchain/bin/../lib/gcc/arm-none-eabi/6.2.1/thumb/v6-m\libgcc.a(_muldi3.o)
                0x000020bc                __muldi3
                0x000020bc                __aeabi_lmul
 .text.__libc_init_array
                0x00002110       0x48 c:/program files (x86)/atmel/studio/7.0/toolchain/arm/arm-gnu-toolchain/bin/../lib/gcc/arm-none-eabi/6.2.1/../../../../arm-none-eabi/lib/thumb/v6-m\libc_nano.a(lib_a-init.o)
                0x00002110                __libc_init_array
 .text.memset   0x00002158       0x10 c:/program files (x86)/atmel/studio/7.0/toolchain/arm/arm-gnu-toolchain/bin/../lib/gcc/arm-none-eabi/6.2.1/../../../../arm-none-eabi/lib/thumb/v6-m\libc_nano.a(lib_a-memset.o)
                0x00002158                memset
 .text.printf   0x00002168       0x34 c:/program files (x86)/atmel/studio/7.0/toolchain/arm/arm-gnu-toolchain/bin/../lib/gcc/arm-none-eabi/6.2.1/../../../../arm-none-eabi/lib/thumb/v6-m\libc_nano.a(lib_a-printf.o)
                0x00002168                iprintf
                0x00002168                printf
 .text.setbuf   0x0000219c       0x12 c:/program files (x86)/atmel/studio/7.0/toolchain/arm/arm-gnu-toolchain/bin/../lib/gcc/arm-none-eabi/6.2.1/../../../../arm-none-eabi/lib/thumb/v6-m\libc_nano.a(lib_a-setbuf.o)
                0x0000219c                setbuf
 *fill*         0x000021ae        0x2 
 .text.setvbuf  0x000021b0      0x158 c:/program files (x86)/atmel/studio/7.0/toolchain/arm/arm-gnu-toolchain/bin/../lib/gcc/arm-none-eabi/6.2.1/../../../../arm-none-eabi/lib/thumb/v6-m\libc_nano.a(lib_a-setvbuf.o)
                0x000021b0                setvbuf
 .text.__sflush_r
                0x00002308      0x114 c:/program files (x86)/atmel/studio/7.0/toolchain/arm/arm-gnu-toolchain/bin/../lib/gcc/arm-none-eabi/6.2.1/../../../../arm-none-eabi/lib/thumb/v6-m\libc_nano.a(lib_a-fflush.o)
                0x00002308                __sflush_r
 .text._fflush_r
                0x0000241c       0x58 c:/program files (x86)/atmel/studio/7.0/toolchain/arm/arm-gnu-toolchain/bin/../lib/gcc/arm-none-eabi/6.2.1/../../../../arm-none-eabi/lib/thumb/v6-m\libc_nano.a(lib_a-fflush.o)
                0x0000241c                _fflush_r
 .text._cleanup_r
                0x00002474       0x10 c:/program files (x86)/atmel/studio/7.0/toolchain/arm/arm-gnu-toolchain/bin/../lib/gcc/arm-none-eabi/6.2.1/../../../../arm-none-eabi/lib/thumb/v6-m\libc_nano.a(lib_a-findfp.o)
                0x00002474                _cleanup_r
 .text.std.isra.0
                0x00002484       0x48 c:/program files (x86)/atmel/studio/7.0/toolchain/arm/arm-gnu-toolchain/bin/../lib/gcc/arm-none-eabi/6.2.1/../../../../arm-none-eabi/lib/thumb/v6-m\libc_nano.a(lib_a-findfp.o)
 .text.__sfmoreglue
                0x000024cc       0x2c c:/program files (x86)/atmel/studio/7.0/toolchain/arm/arm-gnu-toolchain/bin/../lib/gcc/arm-none-eabi/6.2.1/../../../../arm-none-eabi/lib/thumb/v6-m\libc_nano.a(lib_a-findfp.o)
                0x000024cc                __sfmoreglue
 .text.__sinit  0x000024f8       0x68 c:/program files (x86)/atmel/studio/7.0/toolchain/arm/arm-gnu-toolchain/bin/../lib/gcc/arm-none-eabi/6.2.1/../../../../arm-none-eabi/lib/thumb/v6-m\libc_nano.a(lib_a-findfp.o)
                0x000024f8                __sinit
 .text.__sfp    0x00002560       0x80 c:/program files (x86)/atmel/studio/7.0/toolchain/arm/arm-gnu-toolchain/bin/../lib/gcc/arm-none-eabi/6.2.1/../../../../arm-none-eabi/lib/thumb/v6-m\libc_nano.a(lib_a-findfp.o)
                0x00002560                __sfp
 .text._fwalk_reent
                0x000025e0       0x42 c:/program files (x86)/atmel/studio/7.0/toolchain/arm/arm-gnu-toolchain/bin/../lib/gcc/arm-none-eabi/6.2.1/../../../../arm-none-eabi/lib/thumb/v6-m\libc_nano.a(lib_a-fwalk.o)
                0x000025e0                _fwalk_reent
 *fill*         0x00002622        0x2 
 .text.__swhatbuf_r
                0x00002624       0x50 c:/program files (x86)/atmel/studio/7.0/toolchain/arm/arm-gnu-toolchain/bin/../lib/gcc/arm-none-eabi/6.2.1/../../../../arm-none-eabi/lib/thumb/v6-m\libc_nano.a(lib_a-makebuf.o)
                0x00002624                __swhatbuf_r
 .text.__smakebuf_r
                0x00002674       0x7c c:/program files (x86)/atmel/studio/7.0/toolchain/arm/arm-gnu-toolchain/bin/../lib/gcc/arm-none-eabi/6.2.1/../../../../arm-none-eabi/lib/thumb/v6-m\libc_nano.a(lib_a-makebuf.o)
                0x00002674                __smakebuf_r
 .text.malloc   0x000026f0       0x14 c:/program files (x86)/atmel/studio/7.0/toolchain/arm/arm-gnu-toolchain/bin/../lib/gcc/arm-none-eabi/6.2.1/../../../../arm-none-eabi/lib/thumb/v6-m\libc_nano.a(lib_a-malloc.o)
                0x000026f0                malloc
 .text._free_r  0x00002704       0x94 c:/program files (x86)/atmel/studio/7.0/toolchain/arm/arm-gnu-toolchain/bin/../lib/gcc/arm-none-eabi/6.2.1/../../../../arm-none-eabi/lib/thumb/v6-m\libc_nano.a(lib_a-nano-freer.o)
                0x00002704                _free_r
 .text._malloc_r
                0x00002798       0xbc c:/program files (x86)/atmel/studio/7.0/toolchain/arm/arm-gnu-toolchain/bin/../lib/gcc/arm-none-eabi/6.2.1/../../../../arm-none-eabi/lib/thumb/v6-m\libc_nano.a(lib_a-nano-mallocr.o)
                0x00002798                _malloc_r
 .text.__sfputc_r
                0x00002854       0x2a c:/program files (x86)/atmel/studio/7.0/toolchain/arm/arm-gnu-toolchain/bin/../lib/gcc/arm-none-eabi/6.2.1/../../../../arm-none-eabi/lib/thumb/v6-m\libc_nano.a(lib_a-nano-vfprintf.o)
 .text.__sfputs_r
                0x0000287e       0x24 c:/program files (x86)/atmel/studio/7.0/toolchain/arm/arm-gnu-toolchain/bin/../lib/gcc/arm-none-eabi/6.2.1/../../../../arm-none-eabi/lib/thumb/v6-m\libc_nano.a(lib_a-nano-vfprintf.o)
                0x0000287e                __sfputs_r
 *fill*         0x000028a2        0x2 
 .text._vfprintf_r
                0x000028a4      0x238 c:/program files (x86)/atmel/studio/7.0/toolchain/arm/arm-gnu-toolchain/bin/../lib/gcc/arm-none-eabi/6.2.1/../../../../arm-none-eabi/lib/thumb/v6-m\libc_nano.a(lib_a-nano-vfprintf.o)
                0x000028a4                _vfprintf_r
                0x000028a4                _vfiprintf_r
 .text._printf_common
                0x00002adc       0xda c:/program files (x86)/atmel/studio/7.0/toolchain/arm/arm-gnu-toolchain/bin/../lib/gcc/arm-none-eabi/6.2.1/../../../../arm-none-eabi/lib/thumb/v6-m\libc_nano.a(lib_a-nano-vfprintf_i.o)
                0x00002adc                _printf_common
 *fill*         0x00002bb6        0x2 
 .text._printf_i
                0x00002bb8      0x234 c:/program files (x86)/atmel/studio/7.0/toolchain/arm/arm-gnu-toolchain/bin/../lib/gcc/arm-none-eabi/6.2.1/../../../../arm-none-eabi/lib/thumb/v6-m\libc_nano.a(lib_a-nano-vfprintf_i.o)
                0x00002bb8                _printf_i
 .text._sbrk_r  0x00002dec       0x24 c:/program files (x86)/atmel/studio/7.0/toolchain/arm/arm-gnu-toolchain/bin/../lib/gcc/arm-none-eabi/6.2.1/../../../../arm-none-eabi/lib/thumb/v6-m\libc_nano.a(lib_a-sbrkr.o)
                0x00002dec                _sbrk_r
 .text.__sread  0x00002e10       0x28 c:/program files (x86)/atmel/studio/7.0/toolchain/arm/arm-gnu-toolchain/bin/../lib/gcc/arm-none-eabi/6.2.1/../../../../arm-none-eabi/lib/thumb/v6-m\libc_nano.a(lib_a-stdio.o)
                0x00002e10                __sread
 .text.__swrite
                0x00002e38       0x38 c:/program files (x86)/atmel/studio/7.0/toolchain/arm/arm-gnu-toolchain/bin/../lib/gcc/arm-none-eabi/6.2.1/../../../../arm-none-eabi/lib/thumb/v6-m\libc_nano.a(lib_a-stdio.o)
                0x00002e38                __swrite
 .text.__sseek  0x00002e70       0x2c c:/program files (x86)/atmel/studio/7.0/toolchain/arm/arm-gnu-toolchain/bin/../lib/gcc/arm-none-eabi/6.2.1/../../../../arm-none-eabi/lib/thumb/v6-m\libc_nano.a(lib_a-stdio.o)
                0x00002e70                __sseek
 .text.__sclose
                0x00002e9c        0xc c:/program files (x86)/atmel/studio/7.0/toolchain/arm/arm-gnu-toolchain/bin/../lib/gcc/arm-none-eabi/6.2.1/../../../../arm-none-eabi/lib/thumb/v6-m\libc_nano.a(lib_a-stdio.o)
                0x00002e9c                __sclose
 .text.__swbuf_r
                0x00002ea8       0xac c:/program files (x86)/atmel/studio/7.0/toolchain/arm/arm-gnu-toolchain/bin/../lib/gcc/arm-none-eabi/6.2.1/../../../../arm-none-eabi/lib/thumb/v6-m\libc_nano.a(lib_a-wbuf.o)
                0x00002ea8                __swbuf_r
 .text._write_r
                0x00002f54       0x28 c:/program files (x86)/atmel/studio/7.0/toolchain/arm/arm-gnu-toolchain/bin/../lib/gcc/arm-none-eabi/6.2.1/../../../../arm-none-eabi/lib/thumb/v6-m\libc_nano.a(lib_a-writer.o)
                0x00002f54                _write_r
 .text.__swsetup_r
                0x00002f7c       0xec c:/program files (x86)/atmel/studio/7.0/toolchain/arm/arm-gnu-toolchain/bin/../lib/gcc/arm-none-eabi/6.2.1/../../../../arm-none-eabi/lib/thumb/v6-m\libc_nano.a(lib_a-wsetup.o)
                0x00002f7c                __swsetup_r
 .text._close_r
                0x00003068       0x24 c:/program files (x86)/atmel/studio/7.0/toolchain/arm/arm-gnu-toolchain/bin/../lib/gcc/arm-none-eabi/6.2.1/../../../../arm-none-eabi/lib/thumb/v6-m\libc_nano.a(lib_a-closer.o)
                0x00003068                _close_r
 .text._fstat_r
                0x0000308c       0x24 c:/program files (x86)/atmel/studio/7.0/toolchain/arm/arm-gnu-toolchain/bin/../lib/gcc/arm-none-eabi/6.2.1/../../../../arm-none-eabi/lib/thumb/v6-m\libc_nano.a(lib_a-fstatr.o)
                0x0000308c                _fstat_r
 .text._isatty_r
                0x000030b0       0x24 c:/program files (x86)/atmel/studio/7.0/toolchain/arm/arm-gnu-toolchain/bin/../lib/gcc/arm-none-eabi/6.2.1/../../../../arm-none-eabi/lib/thumb/v6-m\libc_nano.a(lib_a-isattyr.o)
                0x000030b0                _isatty_r
 .text._lseek_r
                0x000030d4       0x28 c:/program files (x86)/atmel/studio/7.0/toolchain/arm/arm-gnu-toolchain/bin/../lib/gcc/arm-none-eabi/6.2.1/../../../../arm-none-eabi/lib/thumb/v6-m\libc_nano.a(lib_a-lseekr.o)
                0x000030d4                _lseek_r
 .text.memchr   0x000030fc       0x16 c:/program files (x86)/atmel/studio/7.0/toolchain/arm/arm-gnu-toolchain/bin/../lib/gcc/arm-none-eabi/6.2.1/../../../../arm-none-eabi/lib/thumb/v6-m\libc_nano.a(lib_a-memchr-stub.o)
                0x000030fc                memchr
 .text.__malloc_lock
                0x00003112        0x2 c:/program files (x86)/atmel/studio/7.0/toolchain/arm/arm-gnu-toolchain/bin/../lib/gcc/arm-none-eabi/6.2.1/../../../../arm-none-eabi/lib/thumb/v6-m\libc_nano.a(lib_a-mlock.o)
                0x00003112                __malloc_lock
 .text.__malloc_unlock
                0x00003114        0x2 c:/program files (x86)/atmel/studio/7.0/toolchain/arm/arm-gnu-toolchain/bin/../lib/gcc/arm-none-eabi/6.2.1/../../../../arm-none-eabi/lib/thumb/v6-m\libc_nano.a(lib_a-mlock.o)
                0x00003114                __malloc_unlock
 *fill*         0x00003116        0x2 
 .text._read_r  0x00003118       0x28 c:/program files (x86)/atmel/studio/7.0/toolchain/arm/arm-gnu-toolchain/bin/../lib/gcc/arm-none-eabi/6.2.1/../../../../arm-none-eabi/lib/thumb/v6-m\libc_nano.a(lib_a-readr.o)
                0x00003118                _read_r
 *(.glue_7t)
 .glue_7t       0x00003140        0x0 linker stubs
 *(.glue_7)
 .glue_7        0x00003140        0x0 linker stubs
 *(.rodata .rodata* .gnu.linkonce.r.*)
 .rodata        0x00003140       0x18 src/ASF/sam0/drivers/sercom/sercom.o
 .rodata.system_clock_source_get_hz
                0x00003158       0x24 src/ASF/sam0/drivers/system/clock/clock_samd21_r21_da_ha1/clock.o
 .rodata.system_clock_source_enable
                0x0000317c       0x24 src/ASF/sam0/drivers/system/clock/clock_samd21_r21_da_ha1/clock.o
 .rodata.main.str1.4
                0x000031a0       0x10 src/main.o
                                  0xd (size before relaxing)
 .rodata._global_impure_ptr
                0x000031b0        0x4 c:/program files (x86)/atmel/studio/7.0/toolchain/arm/arm-gnu-toolchain/bin/../lib/gcc/arm-none-eabi/6.2.1/../../../../arm-none-eabi/lib/thumb/v6-m\libc_nano.a(lib_a-impure.o)
                0x000031b0                _global_impure_ptr
 .rodata.__sf_fake_stderr
                0x000031b4       0x20 c:/program files (x86)/atmel/studio/7.0/toolchain/arm/arm-gnu-toolchain/bin/../lib/gcc/arm-none-eabi/6.2.1/../../../../arm-none-eabi/lib/thumb/v6-m\libc_nano.a(lib_a-findfp.o)
                0x000031b4                __sf_fake_stderr
 .rodata.__sf_fake_stdin
                0x000031d4       0x20 c:/program files (x86)/atmel/studio/7.0/toolchain/arm/arm-gnu-toolchain/bin/../lib/gcc/arm-none-eabi/6.2.1/../../../../arm-none-eabi/lib/thumb/v6-m\libc_nano.a(lib_a-findfp.o)
                0x000031d4                __sf_fake_stdin
 .rodata.__sf_fake_stdout
                0x000031f4       0x20 c:/program files (x86)/atmel/studio/7.0/toolchain/arm/arm-gnu-toolchain/bin/../lib/gcc/arm-none-eabi/6.2.1/../../../../arm-none-eabi/lib/thumb/v6-m\libc_nano.a(lib_a-findfp.o)
                0x000031f4                __sf_fake_stdout
 .rodata._vfprintf_r.str1.1
                0x00003214       0x11 c:/program files (x86)/atmel/studio/7.0/toolchain/arm/arm-gnu-toolchain/bin/../lib/gcc/arm-none-eabi/6.2.1/../../../../arm-none-eabi/lib/thumb/v6-m\libc_nano.a(lib_a-nano-vfprintf.o)
 .rodata._printf_i.str1.1
                0x00003225       0x22 c:/program files (x86)/atmel/studio/7.0/toolchain/arm/arm-gnu-toolchain/bin/../lib/gcc/arm-none-eabi/6.2.1/../../../../arm-none-eabi/lib/thumb/v6-m\libc_nano.a(lib_a-nano-vfprintf_i.o)
 *(.ARM.extab* .gnu.linkonce.armextab.*)
                0x00003248                . = ALIGN (0x4)
 *fill*         0x00003247        0x1 
 *(.init)
 .init          0x00003248        0x4 c:/program files (x86)/atmel/studio/7.0/toolchain/arm/arm-gnu-toolchain/bin/../lib/gcc/arm-none-eabi/6.2.1/thumb/v6-m/crti.o
                0x00003248                _init
 .init          0x0000324c        0x8 c:/program files (x86)/atmel/studio/7.0/toolchain/arm/arm-gnu-toolchain/bin/../lib/gcc/arm-none-eabi/6.2.1/thumb/v6-m/crtn.o
                0x00003254                . = ALIGN (0x4)
                0x00003254                __preinit_array_start = .
 *(.preinit_array)
                0x00003254                __preinit_array_end = .
                0x00003254                . = ALIGN (0x4)
                0x00003254                __init_array_start = .
 *(SORT(.init_array.*))
 *(.init_array)
 .init_array    0x00003254        0x4 c:/program files (x86)/atmel/studio/7.0/toolchain/arm/arm-gnu-toolchain/bin/../lib/gcc/arm-none-eabi/6.2.1/thumb/v6-m/crtbegin.o
                0x00003258                __init_array_end = .
                0x00003258                . = ALIGN (0x4)
 *crtbegin.o(.ctors)
 *(EXCLUDE_FILE(*crtend.o) .ctors)
 *(SORT(.ctors.*))
 *crtend.o(.ctors)
                0x00003258                . = ALIGN (0x4)
 *(.fini)
 .fini          0x00003258        0x4 c:/program files (x86)/atmel/studio/7.0/toolchain/arm/arm-gnu-toolchain/bin/../lib/gcc/arm-none-eabi/6.2.1/thumb/v6-m/crti.o
                0x00003258                _fini
 .fini          0x0000325c        0x8 c:/program files (x86)/atmel/studio/7.0/toolchain/arm/arm-gnu-toolchain/bin/../lib/gcc/arm-none-eabi/6.2.1/thumb/v6-m/crtn.o
                0x00003264                . = ALIGN (0x4)
                0x00003264                __fini_array_start = .
 *(.fini_array)
 .fini_array    0x00003264        0x4 c:/program files (x86)/atmel/studio/7.0/toolchain/arm/arm-gnu-toolchain/bin/../lib/gcc/arm-none-eabi/6.2.1/thumb/v6-m/crtbegin.o
 *(SORT(.fini_array.*))
                0x00003268                __fini_array_end = .
 *crtbegin.o(.dtors)
 *(EXCLUDE_FILE(*crtend.o) .dtors)
 *(SORT(.dtors.*))
 *crtend.o(.dtors)
                0x00003268                . = ALIGN (0x4)
                0x00003268                _efixed = .
                [!provide]                PROVIDE (__exidx_start, .)

.vfp11_veneer   0x00003268        0x0
 .vfp11_veneer  0x00003268        0x0 linker stubs

.v4_bx          0x00003268        0x0
 .v4_bx         0x00003268        0x0 linker stubs

.iplt           0x00003268        0x0
 .iplt          0x00003268        0x0 c:/program files (x86)/atmel/studio/7.0/toolchain/arm/arm-gnu-toolchain/bin/../lib/gcc/arm-none-eabi/6.2.1/thumb/v6-m/crtbegin.o

.eh_frame       0x00003268        0x0
 .eh_frame      0x00003268        0x0 c:/program files (x86)/atmel/studio/7.0/toolchain/arm/arm-gnu-toolchain/bin/../lib/gcc/arm-none-eabi/6.2.1/thumb/v6-m/crtbegin.o

.rel.dyn        0x00003268        0x0
 .rel.iplt      0x00003268        0x0 c:/program files (x86)/atmel/studio/7.0/toolchain/arm/arm-gnu-toolchain/bin/../lib/gcc/arm-none-eabi/6.2.1/thumb/v6-m/crtbegin.o

.jcr            0x00003268        0x0
 .jcr           0x00003268        0x0 c:/program files (x86)/atmel/studio/7.0/toolchain/arm/arm-gnu-toolchain/bin/../lib/gcc/arm-none-eabi/6.2.1/thumb/v6-m/crtbegin.o

.igot.plt       0x00003268        0x0
 .igot.plt      0x00003268        0x0 c:/program files (x86)/atmel/studio/7.0/toolchain/arm/arm-gnu-toolchain/bin/../lib/gcc/arm-none-eabi/6.2.1/thumb/v6-m/crtbegin.o

.ARM.exidx
 *(.ARM.exidx* .gnu.linkonce.armexidx.*)
                [!provide]                PROVIDE (__exidx_end, .)
                0x00003268                . = ALIGN (0x4)
                0x00003268                _etext = .

.relocate       0x20000000       0x70 load address 0x00003268
                0x20000000                . = ALIGN (0x4)
                0x20000000                _srelocate = .
 *(.ramfunc .ramfunc.*)
 *(.data .data.*)
 .data.cycles_per_ms
                0x20000000        0x4 src/ASF/common2/services/delay/sam0/systick_counter.o
 .data.cycles_per_us
                0x20000004        0x4 src/ASF/common2/services/delay/sam0/systick_counter.o
 .data.g_interrupt_enabled
                0x20000008        0x1 src/ASF/common/utils/interrupt/interrupt_sam_nvic.o
                0x20000008                g_interrupt_enabled
 *fill*         0x20000009        0x3 
 .data._impure_ptr
                0x2000000c        0x4 c:/program files (x86)/atmel/studio/7.0/toolchain/arm/arm-gnu-toolchain/bin/../lib/gcc/arm-none-eabi/6.2.1/../../../../arm-none-eabi/lib/thumb/v6-m\libc_nano.a(lib_a-impure.o)
                0x2000000c                _impure_ptr
 .data.impure_data
                0x20000010       0x60 c:/program files (x86)/atmel/studio/7.0/toolchain/arm/arm-gnu-toolchain/bin/../lib/gcc/arm-none-eabi/6.2.1/../../../../arm-none-eabi/lib/thumb/v6-m\libc_nano.a(lib_a-impure.o)
                0x20000070                . = ALIGN (0x4)
                0x20000070                _erelocate = .

.bss            0x20000070      0x10c load address 0x000032d8
                0x20000070                . = ALIGN (0x4)
                0x20000070                _sbss = .
                0x20000070                _szero = .
 *(.bss .bss.*)
 .bss           0x20000070       0x1c c:/program files (x86)/atmel/studio/7.0/toolchain/arm/arm-gnu-toolchain/bin/../lib/gcc/arm-none-eabi/6.2.1/thumb/v6-m/crtbegin.o
 .bss.cpu_irq_critical_section_counter
                0x2000008c        0x4 src/ASF/common/utils/interrupt/interrupt_sam_nvic.o
 .bss.cpu_irq_prev_interrupt_state
                0x20000090        0x1 src/ASF/common/utils/interrupt/interrupt_sam_nvic.o
 *fill*         0x20000091        0x3 
 .bss._sercom_config
                0x20000094        0x2 src/ASF/sam0/drivers/sercom/sercom.o
 .bss._handler_table_initialized
                0x20000096        0x1 src/ASF/sam0/drivers/sercom/sercom_interrupt.o
 *fill*         0x20000097        0x1 
 .bss._sercom_interrupt_handlers
                0x20000098       0x18 src/ASF/sam0/drivers/sercom/sercom_interrupt.o
 .bss._system_clock_inst
                0x200000b0       0x18 src/ASF/sam0/drivers/system/clock/clock_samd21_r21_da_ha1/clock.o
 .bss.heap.5276
                0x200000c8        0x4 src/ASF/sam0/utils/syscalls/gcc/syscalls.o
 .bss.wr_buffer
                0x200000cc        0x1 src/main.o
 *fill*         0x200000cd        0x3 
 .bss.__malloc_free_list
                0x200000d0        0x4 c:/program files (x86)/atmel/studio/7.0/toolchain/arm/arm-gnu-toolchain/bin/../lib/gcc/arm-none-eabi/6.2.1/../../../../arm-none-eabi/lib/thumb/v6-m\libc_nano.a(lib_a-nano-mallocr.o)
                0x200000d0                __malloc_free_list
 .bss.__malloc_sbrk_start
                0x200000d4        0x4 c:/program files (x86)/atmel/studio/7.0/toolchain/arm/arm-gnu-toolchain/bin/../lib/gcc/arm-none-eabi/6.2.1/../../../../arm-none-eabi/lib/thumb/v6-m\libc_nano.a(lib_a-nano-mallocr.o)
                0x200000d4                __malloc_sbrk_start
 *(COMMON)
 COMMON         0x200000d8       0x18 src/ASF/sam0/drivers/sercom/sercom_interrupt.o
                0x200000d8                _sercom_instances
 COMMON         0x200000f0        0x4 src/ASF/sam0/utils/stdio/read.o
                0x200000f0                ptr_get
 COMMON         0x200000f4        0x8 src/ASF/sam0/utils/stdio/write.o
                0x200000f4                ptr_put
                0x200000f8                stdio_base
 COMMON         0x200000fc       0x7c src/main.o
                0x200000fc                usart_instance
                0x20000130                rx_buffer
                0x20000138                wr_packet
                0x20000144                i2c_master_instance
                0x2000016c                rd_packet
 COMMON         0x20000178        0x4 c:/program files (x86)/atmel/studio/7.0/toolchain/arm/arm-gnu-toolchain/bin/../lib/gcc/arm-none-eabi/6.2.1/../../../../arm-none-eabi/lib/thumb/v6-m\libc_nano.a(lib_a-reent.o)
                0x20000178                errno
                0x2000017c                . = ALIGN (0x4)
                0x2000017c                _ebss = .
                0x2000017c                _ezero = .

.stack          0x2000017c     0x2004 load address 0x000033e4
                0x20000180                . = ALIGN (0x8)
 *fill*         0x2000017c        0x4 
                0x20000180                _sstack = .
                0x20002180                . = (. + STACK_SIZE)
 *fill*         0x20000180     0x2000 
                0x20002180                . = ALIGN (0x8)
                0x20002180                _estack = .
                0x20002180                . = ALIGN (0x4)
                0x20002180                _end = .
OUTPUT(roadwatcher_bootloader.elf elf32-littlearm)

.ARM.attributes
                0x00000000       0x28
 .ARM.attributes
                0x00000000       0x1e c:/program files (x86)/atmel/studio/7.0/toolchain/arm/arm-gnu-toolchain/bin/../lib/gcc/arm-none-eabi/6.2.1/thumb/v6-m/crti.o
 .ARM.attributes
                0x0000001e       0x2c c:/program files (x86)/atmel/studio/7.0/toolchain/arm/arm-gnu-toolchain/bin/../lib/gcc/arm-none-eabi/6.2.1/thumb/v6-m/crtbegin.o
 .ARM.attributes
                0x0000004a       0x32 src/ASF/common2/boards/user_board/init.o
 .ARM.attributes
                0x0000007c       0x32 src/ASF/common2/services/delay/sam0/systick_counter.o
 .ARM.attributes
                0x000000ae       0x32 src/ASF/common/utils/interrupt/interrupt_sam_nvic.o
 .ARM.attributes
                0x000000e0       0x32 src/ASF/sam0/drivers/sercom/i2c/i2c_sam0/i2c_master.o
 .ARM.attributes
                0x00000112       0x32 src/ASF/sam0/drivers/sercom/i2c/i2c_sam0/i2c_master_interrupt.o
 .ARM.attributes
                0x00000144       0x32 src/ASF/sam0/drivers/sercom/sercom.o
 .ARM.attributes
                0x00000176       0x32 src/ASF/sam0/drivers/sercom/sercom_interrupt.o
 .ARM.attributes
                0x000001a8       0x32 src/ASF/sam0/drivers/sercom/usart/usart.o
 .ARM.attributes
                0x000001da       0x32 src/ASF/sam0/drivers/sercom/usart/usart_interrupt.o
 .ARM.attributes
                0x0000020c       0x32 src/ASF/sam0/drivers/system/clock/clock_samd21_r21_da_ha1/clock.o
 .ARM.attributes
                0x0000023e       0x32 src/ASF/sam0/drivers/system/clock/clock_samd21_r21_da_ha1/gclk.o
 .ARM.attributes
                0x00000270       0x32 src/ASF/sam0/drivers/system/pinmux/pinmux.o
 .ARM.attributes
                0x000002a2       0x32 src/ASF/sam0/drivers/system/system.o
 .ARM.attributes
                0x000002d4       0x32 src/ASF/sam0/utils/cmsis/samd21/source/gcc/startup_samd21.o
 .ARM.attributes
                0x00000306       0x32 src/ASF/sam0/utils/stdio/read.o
 .ARM.attributes
                0x00000338       0x32 src/ASF/sam0/utils/stdio/write.o
 .ARM.attributes
                0x0000036a       0x32 src/ASF/sam0/utils/syscalls/gcc/syscalls.o
 .ARM.attributes
                0x0000039c       0x32 src/main.o
 .ARM.attributes
                0x000003ce       0x1e c:/program files (x86)/atmel/studio/7.0/toolchain/arm/arm-gnu-toolchain/bin/../lib/gcc/arm-none-eabi/6.2.1/thumb/v6-m\libgcc.a(_udivsi3.o)
 .ARM.attributes
                0x000003ec       0x1e c:/program files (x86)/atmel/studio/7.0/toolchain/arm/arm-gnu-toolchain/bin/../lib/gcc/arm-none-eabi/6.2.1/thumb/v6-m\libgcc.a(_divsi3.o)
 .ARM.attributes
                0x0000040a       0x1e c:/program files (x86)/atmel/studio/7.0/toolchain/arm/arm-gnu-toolchain/bin/../lib/gcc/arm-none-eabi/6.2.1/thumb/v6-m\libgcc.a(_dvmd_tls.o)
 .ARM.attributes
                0x00000428       0x2c c:/program files (x86)/atmel/studio/7.0/toolchain/arm/arm-gnu-toolchain/bin/../lib/gcc/arm-none-eabi/6.2.1/thumb/v6-m\libgcc.a(_muldi3.o)
 .ARM.attributes
                0x00000454       0x2c c:/program files (x86)/atmel/studio/7.0/toolchain/arm/arm-gnu-toolchain/bin/../lib/gcc/arm-none-eabi/6.2.1/../../../../arm-none-eabi/lib/thumb/v6-m\libc_nano.a(lib_a-impure.o)
 .ARM.attributes
                0x00000480       0x2c c:/program files (x86)/atmel/studio/7.0/toolchain/arm/arm-gnu-toolchain/bin/../lib/gcc/arm-none-eabi/6.2.1/../../../../arm-none-eabi/lib/thumb/v6-m\libc_nano.a(lib_a-init.o)
 .ARM.attributes
                0x000004ac       0x2c c:/program files (x86)/atmel/studio/7.0/toolchain/arm/arm-gnu-toolchain/bin/../lib/gcc/arm-none-eabi/6.2.1/../../../../arm-none-eabi/lib/thumb/v6-m\libc_nano.a(lib_a-memset.o)
 .ARM.attributes
                0x000004d8       0x2c c:/program files (x86)/atmel/studio/7.0/toolchain/arm/arm-gnu-toolchain/bin/../lib/gcc/arm-none-eabi/6.2.1/../../../../arm-none-eabi/lib/thumb/v6-m\libc_nano.a(lib_a-printf.o)
 .ARM.attributes
                0x00000504       0x2c c:/program files (x86)/atmel/studio/7.0/toolchain/arm/arm-gnu-toolchain/bin/../lib/gcc/arm-none-eabi/6.2.1/../../../../arm-none-eabi/lib/thumb/v6-m\libc_nano.a(lib_a-setbuf.o)
 .ARM.attributes
                0x00000530       0x2c c:/program files (x86)/atmel/studio/7.0/toolchain/arm/arm-gnu-toolchain/bin/../lib/gcc/arm-none-eabi/6.2.1/../../../../arm-none-eabi/lib/thumb/v6-m\libc_nano.a(lib_a-setvbuf.o)
 .ARM.attributes
                0x0000055c       0x2c c:/program files (x86)/atmel/studio/7.0/toolchain/arm/arm-gnu-toolchain/bin/../lib/gcc/arm-none-eabi/6.2.1/../../../../arm-none-eabi/lib/thumb/v6-m\libc_nano.a(lib_a-fflush.o)
 .ARM.attributes
                0x00000588       0x2c c:/program files (x86)/atmel/studio/7.0/toolchain/arm/arm-gnu-toolchain/bin/../lib/gcc/arm-none-eabi/6.2.1/../../../../arm-none-eabi/lib/thumb/v6-m\libc_nano.a(lib_a-findfp.o)
 .ARM.attributes
                0x000005b4       0x2c c:/program files (x86)/atmel/studio/7.0/toolchain/arm/arm-gnu-toolchain/bin/../lib/gcc/arm-none-eabi/6.2.1/../../../../arm-none-eabi/lib/thumb/v6-m\libc_nano.a(lib_a-fwalk.o)
 .ARM.attributes
                0x000005e0       0x2c c:/program files (x86)/atmel/studio/7.0/toolchain/arm/arm-gnu-toolchain/bin/../lib/gcc/arm-none-eabi/6.2.1/../../../../arm-none-eabi/lib/thumb/v6-m\libc_nano.a(lib_a-makebuf.o)
 .ARM.attributes
                0x0000060c       0x2c c:/program files (x86)/atmel/studio/7.0/toolchain/arm/arm-gnu-toolchain/bin/../lib/gcc/arm-none-eabi/6.2.1/../../../../arm-none-eabi/lib/thumb/v6-m\libc_nano.a(lib_a-malloc.o)
 .ARM.attributes
                0x00000638       0x2c c:/program files (x86)/atmel/studio/7.0/toolchain/arm/arm-gnu-toolchain/bin/../lib/gcc/arm-none-eabi/6.2.1/../../../../arm-none-eabi/lib/thumb/v6-m\libc_nano.a(lib_a-nano-freer.o)
 .ARM.attributes
                0x00000664       0x2c c:/program files (x86)/atmel/studio/7.0/toolchain/arm/arm-gnu-toolchain/bin/../lib/gcc/arm-none-eabi/6.2.1/../../../../arm-none-eabi/lib/thumb/v6-m\libc_nano.a(lib_a-nano-mallocr.o)
 .ARM.attributes
                0x00000690       0x2c c:/program files (x86)/atmel/studio/7.0/toolchain/arm/arm-gnu-toolchain/bin/../lib/gcc/arm-none-eabi/6.2.1/../../../../arm-none-eabi/lib/thumb/v6-m\libc_nano.a(lib_a-nano-vfprintf.o)
 .ARM.attributes
                0x000006bc       0x2c c:/program files (x86)/atmel/studio/7.0/toolchain/arm/arm-gnu-toolchain/bin/../lib/gcc/arm-none-eabi/6.2.1/../../../../arm-none-eabi/lib/thumb/v6-m\libc_nano.a(lib_a-nano-vfprintf_i.o)
 .ARM.attributes
                0x000006e8       0x2c c:/program files (x86)/atmel/studio/7.0/toolchain/arm/arm-gnu-toolchain/bin/../lib/gcc/arm-none-eabi/6.2.1/../../../../arm-none-eabi/lib/thumb/v6-m\libc_nano.a(lib_a-sbrkr.o)
 .ARM.attributes
                0x00000714       0x2c c:/program files (x86)/atmel/studio/7.0/toolchain/arm/arm-gnu-toolchain/bin/../lib/gcc/arm-none-eabi/6.2.1/../../../../arm-none-eabi/lib/thumb/v6-m\libc_nano.a(lib_a-stdio.o)
 .ARM.attributes
                0x00000740       0x2c c:/program files (x86)/atmel/studio/7.0/toolchain/arm/arm-gnu-toolchain/bin/../lib/gcc/arm-none-eabi/6.2.1/../../../../arm-none-eabi/lib/thumb/v6-m\libc_nano.a(lib_a-wbuf.o)
 .ARM.attributes
                0x0000076c       0x2c c:/program files (x86)/atmel/studio/7.0/toolchain/arm/arm-gnu-toolchain/bin/../lib/gcc/arm-none-eabi/6.2.1/../../../../arm-none-eabi/lib/thumb/v6-m\libc_nano.a(lib_a-writer.o)
 .ARM.attributes
                0x00000798       0x2c c:/program files (x86)/atmel/studio/7.0/toolchain/arm/arm-gnu-toolchain/bin/../lib/gcc/arm-none-eabi/6.2.1/../../../../arm-none-eabi/lib/thumb/v6-m\libc_nano.a(lib_a-wsetup.o)
 .ARM.attributes
                0x000007c4       0x2c c:/program files (x86)/atmel/studio/7.0/toolchain/arm/arm-gnu-toolchain/bin/../lib/gcc/arm-none-eabi/6.2.1/../../../../arm-none-eabi/lib/thumb/v6-m\libc_nano.a(lib_a-closer.o)
 .ARM.attributes
                0x000007f0       0x2c c:/program files (x86)/atmel/studio/7.0/toolchain/arm/arm-gnu-toolchain/bin/../lib/gcc/arm-none-eabi/6.2.1/../../../../arm-none-eabi/lib/thumb/v6-m\libc_nano.a(lib_a-fstatr.o)
 .ARM.attributes
                0x0000081c       0x2c c:/program files (x86)/atmel/studio/7.0/toolchain/arm/arm-gnu-toolchain/bin/../lib/gcc/arm-none-eabi/6.2.1/../../../../arm-none-eabi/lib/thumb/v6-m\libc_nano.a(lib_a-isattyr.o)
 .ARM.attributes
                0x00000848       0x2c c:/program files (x86)/atmel/studio/7.0/toolchain/arm/arm-gnu-toolchain/bin/../lib/gcc/arm-none-eabi/6.2.1/../../../../arm-none-eabi/lib/thumb/v6-m\libc_nano.a(lib_a-lseekr.o)
 .ARM.attributes
                0x00000874       0x2c c:/program files (x86)/atmel/studio/7.0/toolchain/arm/arm-gnu-toolchain/bin/../lib/gcc/arm-none-eabi/6.2.1/../../../../arm-none-eabi/lib/thumb/v6-m\libc_nano.a(lib_a-memchr-stub.o)
 .ARM.attributes
                0x000008a0       0x2c c:/program files (x86)/atmel/studio/7.0/toolchain/arm/arm-gnu-toolchain/bin/../lib/gcc/arm-none-eabi/6.2.1/../../../../arm-none-eabi/lib/thumb/v6-m\libc_nano.a(lib_a-mlock.o)
 .ARM.attributes
                0x000008cc       0x2c c:/program files (x86)/atmel/studio/7.0/toolchain/arm/arm-gnu-toolchain/bin/../lib/gcc/arm-none-eabi/6.2.1/../../../../arm-none-eabi/lib/thumb/v6-m\libc_nano.a(lib_a-readr.o)
 .ARM.attributes
                0x000008f8       0x2c c:/program files (x86)/atmel/studio/7.0/toolchain/arm/arm-gnu-toolchain/bin/../lib/gcc/arm-none-eabi/6.2.1/../../../../arm-none-eabi/lib/thumb/v6-m\libc_nano.a(lib_a-reent.o)
 .ARM.attributes
                0x00000924       0x1e c:/program files (x86)/atmel/studio/7.0/toolchain/arm/arm-gnu-toolchain/bin/../lib/gcc/arm-none-eabi/6.2.1/thumb/v6-m/crtn.o

.comment        0x00000000       0x59
 .comment       0x00000000       0x59 src/ASF/common2/boards/user_board/init.o
                                 0x5a (size before relaxing)
 .comment       0x00000059       0x5a src/ASF/common2/services/delay/sam0/systick_counter.o
 .comment       0x00000059       0x5a src/ASF/common/utils/interrupt/interrupt_sam_nvic.o
 .comment       0x00000059       0x5a src/ASF/sam0/drivers/sercom/i2c/i2c_sam0/i2c_master.o
 .comment       0x00000059       0x5a src/ASF/sam0/drivers/sercom/i2c/i2c_sam0/i2c_master_interrupt.o
 .comment       0x00000059       0x5a src/ASF/sam0/drivers/sercom/sercom.o
 .comment       0x00000059       0x5a src/ASF/sam0/drivers/sercom/sercom_interrupt.o
 .comment       0x00000059       0x5a src/ASF/sam0/drivers/sercom/usart/usart.o
 .comment       0x00000059       0x5a src/ASF/sam0/drivers/sercom/usart/usart_interrupt.o
 .comment       0x00000059       0x5a src/ASF/sam0/drivers/system/clock/clock_samd21_r21_da_ha1/clock.o
 .comment       0x00000059       0x5a src/ASF/sam0/drivers/system/clock/clock_samd21_r21_da_ha1/gclk.o
 .comment       0x00000059       0x5a src/ASF/sam0/drivers/system/pinmux/pinmux.o
 .comment       0x00000059       0x5a src/ASF/sam0/drivers/system/system.o
 .comment       0x00000059       0x5a src/ASF/sam0/utils/cmsis/samd21/source/gcc/startup_samd21.o
 .comment       0x00000059       0x5a src/ASF/sam0/utils/stdio/read.o
 .comment       0x00000059       0x5a src/ASF/sam0/utils/stdio/write.o
 .comment       0x00000059       0x5a src/ASF/sam0/utils/syscalls/gcc/syscalls.o
 .comment       0x00000059       0x5a src/main.o

.debug_info     0x00000000    0x28626
 .debug_info    0x00000000      0xab5 src/ASF/common2/boards/user_board/init.o
 .debug_info    0x00000ab5      0xb81 src/ASF/common2/services/delay/sam0/systick_counter.o
 .debug_info    0x00001636      0xafb src/ASF/common/utils/interrupt/interrupt_sam_nvic.o
 .debug_info    0x00002131     0x4eec src/ASF/sam0/drivers/sercom/i2c/i2c_sam0/i2c_master.o
 .debug_info    0x0000701d     0x311b src/ASF/sam0/drivers/sercom/i2c/i2c_sam0/i2c_master_interrupt.o
 .debug_info    0x0000a138     0x2dcc src/ASF/sam0/drivers/sercom/sercom.o
 .debug_info    0x0000cf04     0x2bc6 src/ASF/sam0/drivers/sercom/sercom_interrupt.o
 .debug_info    0x0000faca     0x4ab4 src/ASF/sam0/drivers/sercom/usart/usart.o
 .debug_info    0x0001457e     0x303f src/ASF/sam0/drivers/sercom/usart/usart_interrupt.o
 .debug_info    0x000175bd     0x37b3 src/ASF/sam0/drivers/system/clock/clock_samd21_r21_da_ha1/clock.o
 .debug_info    0x0001ad70     0x1ec5 src/ASF/sam0/drivers/system/clock/clock_samd21_r21_da_ha1/gclk.o
 .debug_info    0x0001cc35     0x13e9 src/ASF/sam0/drivers/system/pinmux/pinmux.o
 .debug_info    0x0001e01e      0xa67 src/ASF/sam0/drivers/system/system.o
 .debug_info    0x0001ea85     0x3a49 src/ASF/sam0/utils/cmsis/samd21/source/gcc/startup_samd21.o
 .debug_info    0x000224ce      0xac3 src/ASF/sam0/utils/stdio/read.o
 .debug_info    0x00022f91      0xac0 src/ASF/sam0/utils/stdio/write.o
 .debug_info    0x00023a51      0xd8c src/ASF/sam0/utils/syscalls/gcc/syscalls.o
 .debug_info    0x000247dd     0x3e49 src/main.o

.debug_abbrev   0x00000000     0x394a
 .debug_abbrev  0x00000000      0x1c3 src/ASF/common2/boards/user_board/init.o
 .debug_abbrev  0x000001c3      0x24b src/ASF/common2/services/delay/sam0/systick_counter.o
 .debug_abbrev  0x0000040e      0x22c src/ASF/common/utils/interrupt/interrupt_sam_nvic.o
 .debug_abbrev  0x0000063a      0x4ef src/ASF/sam0/drivers/sercom/i2c/i2c_sam0/i2c_master.o
 .debug_abbrev  0x00000b29      0x427 src/ASF/sam0/drivers/sercom/i2c/i2c_sam0/i2c_master_interrupt.o
 .debug_abbrev  0x00000f50      0x378 src/ASF/sam0/drivers/sercom/sercom.o
 .debug_abbrev  0x000012c8      0x2d8 src/ASF/sam0/drivers/sercom/sercom_interrupt.o
 .debug_abbrev  0x000015a0      0x477 src/ASF/sam0/drivers/sercom/usart/usart.o
 .debug_abbrev  0x00001a17      0x416 src/ASF/sam0/drivers/sercom/usart/usart_interrupt.o
 .debug_abbrev  0x00001e2d      0x465 src/ASF/sam0/drivers/system/clock/clock_samd21_r21_da_ha1/clock.o
 .debug_abbrev  0x00002292      0x3f1 src/ASF/sam0/drivers/system/clock/clock_samd21_r21_da_ha1/gclk.o
 .debug_abbrev  0x00002683      0x37b src/ASF/sam0/drivers/system/pinmux/pinmux.o
 .debug_abbrev  0x000029fe      0x1e1 src/ASF/sam0/drivers/system/system.o
 .debug_abbrev  0x00002bdf      0x234 src/ASF/sam0/utils/cmsis/samd21/source/gcc/startup_samd21.o
 .debug_abbrev  0x00002e13      0x218 src/ASF/sam0/utils/stdio/read.o
 .debug_abbrev  0x0000302b      0x203 src/ASF/sam0/utils/stdio/write.o
 .debug_abbrev  0x0000322e      0x257 src/ASF/sam0/utils/syscalls/gcc/syscalls.o
 .debug_abbrev  0x00003485      0x4c5 src/main.o

.debug_aranges  0x00000000      0x590
 .debug_aranges
                0x00000000       0x20 src/ASF/common2/boards/user_board/init.o
 .debug_aranges
                0x00000020       0x30 src/ASF/common2/services/delay/sam0/systick_counter.o
 .debug_aranges
                0x00000050       0x28 src/ASF/common/utils/interrupt/interrupt_sam_nvic.o
 .debug_aranges
                0x00000078       0xa0 src/ASF/sam0/drivers/sercom/i2c/i2c_sam0/i2c_master.o
 .debug_aranges
                0x00000118       0x90 src/ASF/sam0/drivers/sercom/i2c/i2c_sam0/i2c_master_interrupt.o
 .debug_aranges
                0x000001a8       0x48 src/ASF/sam0/drivers/sercom/sercom.o
 .debug_aranges
                0x000001f0       0x60 src/ASF/sam0/drivers/sercom/sercom_interrupt.o
 .debug_aranges
                0x00000250       0x40 src/ASF/sam0/drivers/sercom/usart/usart.o
 .debug_aranges
                0x00000290       0x70 src/ASF/sam0/drivers/sercom/usart/usart_interrupt.o
 .debug_aranges
                0x00000300       0x78 src/ASF/sam0/drivers/system/clock/clock_samd21_r21_da_ha1/clock.o
 .debug_aranges
                0x00000378       0x80 src/ASF/sam0/drivers/system/clock/clock_samd21_r21_da_ha1/gclk.o
 .debug_aranges
                0x000003f8       0x40 src/ASF/sam0/drivers/system/pinmux/pinmux.o
 .debug_aranges
                0x00000438       0x28 src/ASF/sam0/drivers/system/system.o
 .debug_aranges
                0x00000460       0x28 src/ASF/sam0/utils/cmsis/samd21/source/gcc/startup_samd21.o
 .debug_aranges
                0x00000488       0x20 src/ASF/sam0/utils/stdio/read.o
 .debug_aranges
                0x000004a8       0x20 src/ASF/sam0/utils/stdio/write.o
 .debug_aranges
                0x000004c8       0x60 src/ASF/sam0/utils/syscalls/gcc/syscalls.o
 .debug_aranges
                0x00000528       0x68 src/main.o

.debug_ranges   0x00000000      0x630
 .debug_ranges  0x00000000       0x10 src/ASF/common2/boards/user_board/init.o
 .debug_ranges  0x00000010       0x50 src/ASF/common2/services/delay/sam0/systick_counter.o
 .debug_ranges  0x00000060       0x18 src/ASF/common/utils/interrupt/interrupt_sam_nvic.o
 .debug_ranges  0x00000078       0xa8 src/ASF/sam0/drivers/sercom/i2c/i2c_sam0/i2c_master.o
 .debug_ranges  0x00000120       0x98 src/ASF/sam0/drivers/sercom/i2c/i2c_sam0/i2c_master_interrupt.o
 .debug_ranges  0x000001b8       0x50 src/ASF/sam0/drivers/sercom/sercom.o
 .debug_ranges  0x00000208       0x50 src/ASF/sam0/drivers/sercom/sercom_interrupt.o
 .debug_ranges  0x00000258      0x140 src/ASF/sam0/drivers/sercom/usart/usart.o
 .debug_ranges  0x00000398       0x60 src/ASF/sam0/drivers/sercom/usart/usart_interrupt.o
 .debug_ranges  0x000003f8       0x68 src/ASF/sam0/drivers/system/clock/clock_samd21_r21_da_ha1/clock.o
 .debug_ranges  0x00000460       0x88 src/ASF/sam0/drivers/system/clock/clock_samd21_r21_da_ha1/gclk.o
 .debug_ranges  0x000004e8       0x30 src/ASF/sam0/drivers/system/pinmux/pinmux.o
 .debug_ranges  0x00000518       0x18 src/ASF/sam0/drivers/system/system.o
 .debug_ranges  0x00000530       0x18 src/ASF/sam0/utils/cmsis/samd21/source/gcc/startup_samd21.o
 .debug_ranges  0x00000548       0x10 src/ASF/sam0/utils/stdio/read.o
 .debug_ranges  0x00000558       0x10 src/ASF/sam0/utils/stdio/write.o
 .debug_ranges  0x00000568       0x50 src/ASF/sam0/utils/syscalls/gcc/syscalls.o
 .debug_ranges  0x000005b8       0x78 src/main.o

.debug_macro    0x00000000    0x19dbc
 .debug_macro   0x00000000      0x64f src/ASF/common2/boards/user_board/init.o
 .debug_macro   0x0000064f      0x8bc src/ASF/common2/boards/user_board/init.o
 .debug_macro   0x00000f0b      0x16d src/ASF/common2/boards/user_board/init.o
 .debug_macro   0x00001078      0x64b src/ASF/common2/boards/user_board/init.o
 .debug_macro   0x000016c3       0x22 src/ASF/common2/boards/user_board/init.o
 .debug_macro   0x000016e5       0x87 src/ASF/common2/boards/user_board/init.o
 .debug_macro   0x0000176c       0x51 src/ASF/common2/boards/user_board/init.o
 .debug_macro   0x000017bd       0xef src/ASF/common2/boards/user_board/init.o
 .debug_macro   0x000018ac       0x6a src/ASF/common2/boards/user_board/init.o
 .debug_macro   0x00001916      0x1df src/ASF/common2/boards/user_board/init.o
 .debug_macro   0x00001af5       0x10 src/ASF/common2/boards/user_board/init.o
 .debug_macro   0x00001b05       0x76 src/ASF/common2/boards/user_board/init.o
 .debug_macro   0x00001b7b       0x16 src/ASF/common2/boards/user_board/init.o
 .debug_macro   0x00001b91      0x6e5 src/ASF/common2/boards/user_board/init.o
 .debug_macro   0x00002276      0xde2 src/ASF/common2/boards/user_board/init.o
 .debug_macro   0x00003058       0x22 src/ASF/common2/boards/user_board/init.o
 .debug_macro   0x0000307a       0x40 src/ASF/common2/boards/user_board/init.o
 .debug_macro   0x000030ba       0x3a src/ASF/common2/boards/user_board/init.o
 .debug_macro   0x000030f4       0x1f src/ASF/common2/boards/user_board/init.o
 .debug_macro   0x00003113      0x250 src/ASF/common2/boards/user_board/init.o
 .debug_macro   0x00003363      0x682 src/ASF/common2/boards/user_board/init.o
 .debug_macro   0x000039e5      0x8bf src/ASF/common2/boards/user_board/init.o
 .debug_macro   0x000042a4      0x235 src/ASF/common2/boards/user_board/init.o
 .debug_macro   0x000044d9      0xd6a src/ASF/common2/boards/user_board/init.o
 .debug_macro   0x00005243      0x4ce src/ASF/common2/boards/user_board/init.o
 .debug_macro   0x00005711      0x9f8 src/ASF/common2/boards/user_board/init.o
 .debug_macro   0x00006109      0x82b src/ASF/common2/boards/user_board/init.o
 .debug_macro   0x00006934      0x45f src/ASF/common2/boards/user_board/init.o
 .debug_macro   0x00006d93       0x5e src/ASF/common2/boards/user_board/init.o
 .debug_macro   0x00006df1      0x906 src/ASF/common2/boards/user_board/init.o
 .debug_macro   0x000076f7      0x225 src/ASF/common2/boards/user_board/init.o
 .debug_macro   0x0000791c      0x963 src/ASF/common2/boards/user_board/init.o
 .debug_macro   0x0000827f       0x5e src/ASF/common2/boards/user_board/init.o
 .debug_macro   0x000082dd      0x671 src/ASF/common2/boards/user_board/init.o
 .debug_macro   0x0000894e      0x3af src/ASF/common2/boards/user_board/init.o
 .debug_macro   0x00008cfd      0xc7f src/ASF/common2/boards/user_board/init.o
 .debug_macro   0x0000997c     0x1092 src/ASF/common2/boards/user_board/init.o
 .debug_macro   0x0000aa0e      0xc4a src/ASF/common2/boards/user_board/init.o
 .debug_macro   0x0000b658      0x6bf src/ASF/common2/boards/user_board/init.o
 .debug_macro   0x0000bd17     0x1bc9 src/ASF/common2/boards/user_board/init.o
 .debug_macro   0x0000d8e0     0x144a src/ASF/common2/boards/user_board/init.o
 .debug_macro   0x0000ed2a      0x34e src/ASF/common2/boards/user_board/init.o
 .debug_macro   0x0000f078       0x7c src/ASF/common2/boards/user_board/init.o
 .debug_macro   0x0000f0f4       0xa0 src/ASF/common2/boards/user_board/init.o
 .debug_macro   0x0000f194       0x4c src/ASF/common2/boards/user_board/init.o
 .debug_macro   0x0000f1e0       0xca src/ASF/common2/boards/user_board/init.o
 .debug_macro   0x0000f2aa       0x94 src/ASF/common2/boards/user_board/init.o
 .debug_macro   0x0000f33e       0x58 src/ASF/common2/boards/user_board/init.o
 .debug_macro   0x0000f396      0x387 src/ASF/common2/boards/user_board/init.o
 .debug_macro   0x0000f71d       0x82 src/ASF/common2/boards/user_board/init.o
 .debug_macro   0x0000f79f      0x197 src/ASF/common2/boards/user_board/init.o
 .debug_macro   0x0000f936       0xb8 src/ASF/common2/boards/user_board/init.o
 .debug_macro   0x0000f9ee       0xa0 src/ASF/common2/boards/user_board/init.o
 .debug_macro   0x0000fa8e       0xb8 src/ASF/common2/boards/user_board/init.o
 .debug_macro   0x0000fb46       0x1c src/ASF/common2/boards/user_board/init.o
 .debug_macro   0x0000fb62       0x1c src/ASF/common2/boards/user_board/init.o
 .debug_macro   0x0000fb7e       0x1c src/ASF/common2/boards/user_board/init.o
 .debug_macro   0x0000fb9a       0x82 src/ASF/common2/boards/user_board/init.o
 .debug_macro   0x0000fc1c      0x161 src/ASF/common2/boards/user_board/init.o
 .debug_macro   0x0000fd7d       0xdc src/ASF/common2/boards/user_board/init.o
 .debug_macro   0x0000fe59      0x12f src/ASF/common2/boards/user_board/init.o
 .debug_macro   0x0000ff88      0x12f src/ASF/common2/boards/user_board/init.o
 .debug_macro   0x000100b7      0x12f src/ASF/common2/boards/user_board/init.o
 .debug_macro   0x000101e6      0x12f src/ASF/common2/boards/user_board/init.o
 .debug_macro   0x00010315      0x12f src/ASF/common2/boards/user_board/init.o
 .debug_macro   0x00010444      0x12f src/ASF/common2/boards/user_board/init.o
 .debug_macro   0x00010573      0x124 src/ASF/common2/boards/user_board/init.o
 .debug_macro   0x00010697       0xe2 src/ASF/common2/boards/user_board/init.o
 .debug_macro   0x00010779       0xe2 src/ASF/common2/boards/user_board/init.o
 .debug_macro   0x0001085b       0xe2 src/ASF/common2/boards/user_board/init.o
 .debug_macro   0x0001093d      0x133 src/ASF/common2/boards/user_board/init.o
 .debug_macro   0x00010a70      0x106 src/ASF/common2/boards/user_board/init.o
 .debug_macro   0x00010b76       0xfa src/ASF/common2/boards/user_board/init.o
 .debug_macro   0x00010c70      0x40f src/ASF/common2/boards/user_board/init.o
 .debug_macro   0x0001107f       0x40 src/ASF/common2/boards/user_board/init.o
 .debug_macro   0x000110bf      0x361 src/ASF/common2/boards/user_board/init.o
 .debug_macro   0x00011420     0x16ed src/ASF/common2/boards/user_board/init.o
 .debug_macro   0x00012b0d       0x6d src/ASF/common2/boards/user_board/init.o
 .debug_macro   0x00012b7a       0x52 src/ASF/common2/boards/user_board/init.o
 .debug_macro   0x00012bcc       0x35 src/ASF/common2/boards/user_board/init.o
 .debug_macro   0x00012c01       0x9c src/ASF/common2/boards/user_board/init.o
 .debug_macro   0x00012c9d       0x16 src/ASF/common2/boards/user_board/init.o
 .debug_macro   0x00012cb3       0x35 src/ASF/common2/boards/user_board/init.o
 .debug_macro   0x00012ce8      0x330 src/ASF/common2/boards/user_board/init.o
 .debug_macro   0x00013018       0x10 src/ASF/common2/boards/user_board/init.o
 .debug_macro   0x00013028       0x52 src/ASF/common2/boards/user_board/init.o
 .debug_macro   0x0001307a       0x1f src/ASF/common2/boards/user_board/init.o
 .debug_macro   0x00013099       0x43 src/ASF/common2/boards/user_board/init.o
 .debug_macro   0x000130dc       0x20 src/ASF/common2/boards/user_board/init.o
 .debug_macro   0x000130fc      0x187 src/ASF/common2/boards/user_board/init.o
 .debug_macro   0x00013283       0x10 src/ASF/common2/boards/user_board/init.o
 .debug_macro   0x00013293       0x1c src/ASF/common2/boards/user_board/init.o
 .debug_macro   0x000132af       0x52 src/ASF/common2/boards/user_board/init.o
 .debug_macro   0x00013301       0x40 src/ASF/common2/boards/user_board/init.o
 .debug_macro   0x00013341       0x10 src/ASF/common2/boards/user_board/init.o
 .debug_macro   0x00013351       0x40 src/ASF/common2/boards/user_board/init.o
 .debug_macro   0x00013391       0xd7 src/ASF/common2/boards/user_board/init.o
 .debug_macro   0x00013468       0x16 src/ASF/common2/boards/user_board/init.o
 .debug_macro   0x0001347e      0x18b src/ASF/common2/boards/user_board/init.o
 .debug_macro   0x00013609       0x16 src/ASF/common2/boards/user_board/init.o
 .debug_macro   0x0001361f       0x16 src/ASF/common2/boards/user_board/init.o
 .debug_macro   0x00013635       0x29 src/ASF/common2/boards/user_board/init.o
 .debug_macro   0x0001365e       0x51 src/ASF/common2/boards/user_board/init.o
 .debug_macro   0x000136af       0x3f src/ASF/common2/boards/user_board/init.o
 .debug_macro   0x000136ee      0x3df src/ASF/common2/boards/user_board/init.o
 .debug_macro   0x00013acd       0x11 src/ASF/common2/boards/user_board/init.o
 .debug_macro   0x00013ade       0x16 src/ASF/common2/boards/user_board/init.o
 .debug_macro   0x00013af4       0x16 src/ASF/common2/boards/user_board/init.o
 .debug_macro   0x00013b0a      0x2c6 src/ASF/common2/boards/user_board/init.o
 .debug_macro   0x00013dd0       0x18 src/ASF/common2/boards/user_board/init.o
 .debug_macro   0x00013de8       0x16 src/ASF/common2/boards/user_board/init.o
 .debug_macro   0x00013dfe       0x2e src/ASF/common2/boards/user_board/init.o
 .debug_macro   0x00013e2c       0xb2 src/ASF/common2/boards/user_board/init.o
 .debug_macro   0x00013ede       0x10 src/ASF/common2/boards/user_board/init.o
 .debug_macro   0x00013eee       0x2d src/ASF/common2/boards/user_board/init.o
 .debug_macro   0x00013f1b       0x40 src/ASF/common2/boards/user_board/init.o
 .debug_macro   0x00013f5b       0x50 src/ASF/common2/boards/user_board/init.o
 .debug_macro   0x00013fab      0x539 src/ASF/common2/services/delay/sam0/systick_counter.o
 .debug_macro   0x000144e4      0x4fe src/ASF/common/utils/interrupt/interrupt_sam_nvic.o
 .debug_macro   0x000149e2      0x5ad src/ASF/sam0/drivers/sercom/i2c/i2c_sam0/i2c_master.o
 .debug_macro   0x00014f8f       0x27 src/ASF/sam0/drivers/sercom/i2c/i2c_sam0/i2c_master.o
 .debug_macro   0x00014fb6      0x5a9 src/ASF/sam0/drivers/sercom/i2c/i2c_sam0/i2c_master_interrupt.o
 .debug_macro   0x0001555f      0x58b src/ASF/sam0/drivers/sercom/sercom.o
 .debug_macro   0x00015aea      0x588 src/ASF/sam0/drivers/sercom/sercom_interrupt.o
 .debug_macro   0x00016072      0x59c src/ASF/sam0/drivers/sercom/usart/usart.o
 .debug_macro   0x0001660e       0x51 src/ASF/sam0/drivers/sercom/usart/usart.o
 .debug_macro   0x0001665f      0x59c src/ASF/sam0/drivers/sercom/usart/usart_interrupt.o
 .debug_macro   0x00016bfb      0x56f src/ASF/sam0/drivers/system/clock/clock_samd21_r21_da_ha1/clock.o
 .debug_macro   0x0001716a      0x29d src/ASF/sam0/drivers/system/clock/clock_samd21_r21_da_ha1/clock.o
 .debug_macro   0x00017407      0x534 src/ASF/sam0/drivers/system/clock/clock_samd21_r21_da_ha1/gclk.o
 .debug_macro   0x0001793b      0x50e src/ASF/sam0/drivers/system/pinmux/pinmux.o
 .debug_macro   0x00017e49       0x12 src/ASF/sam0/drivers/system/pinmux/pinmux.o
 .debug_macro   0x00017e5b      0x541 src/ASF/sam0/drivers/system/system.o
 .debug_macro   0x0001839c      0x2e5 src/ASF/sam0/utils/cmsis/samd21/source/gcc/startup_samd21.o
 .debug_macro   0x00018681       0x3a src/ASF/sam0/utils/cmsis/samd21/source/gcc/startup_samd21.o
 .debug_macro   0x000186bb      0x4fe src/ASF/sam0/utils/stdio/read.o
 .debug_macro   0x00018bb9      0x4fe src/ASF/sam0/utils/stdio/write.o
 .debug_macro   0x000190b7      0x1d6 src/ASF/sam0/utils/syscalls/gcc/syscalls.o
 .debug_macro   0x0001928d       0x4c src/ASF/sam0/utils/syscalls/gcc/syscalls.o
 .debug_macro   0x000192d9       0x8d src/ASF/sam0/utils/syscalls/gcc/syscalls.o
 .debug_macro   0x00019366       0x57 src/ASF/sam0/utils/syscalls/gcc/syscalls.o
 .debug_macro   0x000193bd       0x97 src/ASF/sam0/utils/syscalls/gcc/syscalls.o
 .debug_macro   0x00019454       0xf6 src/ASF/sam0/utils/syscalls/gcc/syscalls.o
 .debug_macro   0x0001954a       0x4c src/ASF/sam0/utils/syscalls/gcc/syscalls.o
 .debug_macro   0x00019596       0x16 src/ASF/sam0/utils/syscalls/gcc/syscalls.o
 .debug_macro   0x000195ac       0x10 src/ASF/sam0/utils/syscalls/gcc/syscalls.o
 .debug_macro   0x000195bc       0x10 src/ASF/sam0/utils/syscalls/gcc/syscalls.o
 .debug_macro   0x000195cc       0x35 src/ASF/sam0/utils/syscalls/gcc/syscalls.o
 .debug_macro   0x00019601      0x122 src/ASF/sam0/utils/syscalls/gcc/syscalls.o
 .debug_macro   0x00019723      0x683 src/main.o
 .debug_macro   0x00019da6       0x16 src/main.o

.debug_line     0x00000000     0xc31f
 .debug_line    0x00000000      0xd26 src/ASF/common2/boards/user_board/init.o
 .debug_line    0x00000d26      0x9bc src/ASF/common2/services/delay/sam0/systick_counter.o
 .debug_line    0x000016e2      0x8c6 src/ASF/common/utils/interrupt/interrupt_sam_nvic.o
 .debug_line    0x00001fa8      0xe2b src/ASF/sam0/drivers/sercom/i2c/i2c_sam0/i2c_master.o
 .debug_line    0x00002dd3      0xdbb src/ASF/sam0/drivers/sercom/i2c/i2c_sam0/i2c_master_interrupt.o
 .debug_line    0x00003b8e      0xbcc src/ASF/sam0/drivers/sercom/sercom.o
 .debug_line    0x0000475a      0xb6f src/ASF/sam0/drivers/sercom/sercom_interrupt.o
 .debug_line    0x000052c9      0xd36 src/ASF/sam0/drivers/sercom/usart/usart.o
 .debug_line    0x00005fff      0xcc4 src/ASF/sam0/drivers/sercom/usart/usart_interrupt.o
 .debug_line    0x00006cc3      0xc47 src/ASF/sam0/drivers/system/clock/clock_samd21_r21_da_ha1/clock.o
 .debug_line    0x0000790a      0xc6e src/ASF/sam0/drivers/system/clock/clock_samd21_r21_da_ha1/gclk.o
 .debug_line    0x00008578      0x93f src/ASF/sam0/drivers/system/pinmux/pinmux.o
 .debug_line    0x00008eb7      0x9e9 src/ASF/sam0/drivers/system/system.o
 .debug_line    0x000098a0      0x644 src/ASF/sam0/utils/cmsis/samd21/source/gcc/startup_samd21.o
 .debug_line    0x00009ee4      0x8a3 src/ASF/sam0/utils/stdio/read.o
 .debug_line    0x0000a787      0x897 src/ASF/sam0/utils/stdio/write.o
 .debug_line    0x0000b01e      0x40a src/ASF/sam0/utils/syscalls/gcc/syscalls.o
 .debug_line    0x0000b428      0xef7 src/main.o

.debug_str      0x00000000    0x87735
 .debug_str     0x00000000    0x7ff69 src/ASF/common2/boards/user_board/init.o
                              0x80830 (size before relaxing)
 .debug_str     0x0007ff69       0xbc src/ASF/common2/services/delay/sam0/systick_counter.o
                              0x7f476 (size before relaxing)
 .debug_str     0x00080025       0x94 src/ASF/common/utils/interrupt/interrupt_sam_nvic.o
                              0x7f2c0 (size before relaxing)
 .debug_str     0x000800b9     0x1c23 src/ASF/sam0/drivers/sercom/i2c/i2c_sam0/i2c_master.o
                              0x81909 (size before relaxing)
 .debug_str     0x00081cdc      0x264 src/ASF/sam0/drivers/sercom/i2c/i2c_sam0/i2c_master_interrupt.o
                              0x808e2 (size before relaxing)
 .debug_str     0x00081f40      0x4b8 src/ASF/sam0/drivers/sercom/sercom.o
                              0x809a1 (size before relaxing)
 .debug_str     0x000823f8      0x158 src/ASF/sam0/drivers/sercom/sercom_interrupt.o
                              0x80804 (size before relaxing)
 .debug_str     0x00082550      0x854 src/ASF/sam0/drivers/sercom/usart/usart.o
                              0x8176c (size before relaxing)
 .debug_str     0x00082da4      0x18a src/ASF/sam0/drivers/sercom/usart/usart_interrupt.o
                              0x809b2 (size before relaxing)
 .debug_str     0x00082f2e     0x2793 src/ASF/sam0/drivers/system/clock/clock_samd21_r21_da_ha1/clock.o
                              0x82459 (size before relaxing)
 .debug_str     0x000856c1      0x1e3 src/ASF/sam0/drivers/system/clock/clock_samd21_r21_da_ha1/gclk.o
                              0x7ff83 (size before relaxing)
 .debug_str     0x000858a4      0x340 src/ASF/sam0/drivers/system/pinmux/pinmux.o
                              0x7f762 (size before relaxing)
 .debug_str     0x00085be4       0x47 src/ASF/sam0/drivers/system/system.o
                              0x7f39d (size before relaxing)
 .debug_str     0x00085c2b      0xf28 src/ASF/sam0/utils/cmsis/samd21/source/gcc/startup_samd21.o
                              0x6b2ec (size before relaxing)
 .debug_str     0x00086b53       0x2a src/ASF/sam0/utils/stdio/read.o
                              0x7f267 (size before relaxing)
 .debug_str     0x00086b7d       0x24 src/ASF/sam0/utils/stdio/write.o
                              0x7f268 (size before relaxing)
 .debug_str     0x00086ba1      0x76b src/ASF/sam0/utils/syscalls/gcc/syscalls.o
                               0x723d (size before relaxing)
 .debug_str     0x0008730c      0x429 src/main.o
                              0x82979 (size before relaxing)

.debug_frame    0x00000000     0x1548
 .debug_frame   0x00000000       0x20 src/ASF/common2/boards/user_board/init.o
 .debug_frame   0x00000020       0x64 src/ASF/common2/services/delay/sam0/systick_counter.o
 .debug_frame   0x00000084       0x30 src/ASF/common/utils/interrupt/interrupt_sam_nvic.o
 .debug_frame   0x000000b4      0x1e8 src/ASF/sam0/drivers/sercom/i2c/i2c_sam0/i2c_master.o
 .debug_frame   0x0000029c      0x16c src/ASF/sam0/drivers/sercom/i2c/i2c_sam0/i2c_master_interrupt.o
 .debug_frame   0x00000408       0xbc src/ASF/sam0/drivers/sercom/sercom.o
 .debug_frame   0x000004c4       0xe8 src/ASF/sam0/drivers/sercom/sercom_interrupt.o
 .debug_frame   0x000005ac       0xac src/ASF/sam0/drivers/sercom/usart/usart.o
 .debug_frame   0x00000658      0x110 src/ASF/sam0/drivers/sercom/usart/usart_interrupt.o
 .debug_frame   0x00000768      0x14c src/ASF/sam0/drivers/system/clock/clock_samd21_r21_da_ha1/clock.o
 .debug_frame   0x000008b4      0x148 src/ASF/sam0/drivers/system/clock/clock_samd21_r21_da_ha1/gclk.o
 .debug_frame   0x000009fc       0x98 src/ASF/sam0/drivers/system/pinmux/pinmux.o
 .debug_frame   0x00000a94       0x38 src/ASF/sam0/drivers/system/system.o
 .debug_frame   0x00000acc       0x40 src/ASF/sam0/utils/cmsis/samd21/source/gcc/startup_samd21.o
 .debug_frame   0x00000b0c       0x34 src/ASF/sam0/utils/stdio/read.o
 .debug_frame   0x00000b40       0x34 src/ASF/sam0/utils/stdio/write.o
 .debug_frame   0x00000b74       0xa0 src/ASF/sam0/utils/syscalls/gcc/syscalls.o
 .debug_frame   0x00000c14      0x120 src/main.o
 .debug_frame   0x00000d34       0x20 c:/program files (x86)/atmel/studio/7.0/toolchain/arm/arm-gnu-toolchain/bin/../lib/gcc/arm-none-eabi/6.2.1/thumb/v6-m\libgcc.a(_udivsi3.o)
 .debug_frame   0x00000d54       0x20 c:/program files (x86)/atmel/studio/7.0/toolchain/arm/arm-gnu-toolchain/bin/../lib/gcc/arm-none-eabi/6.2.1/thumb/v6-m\libgcc.a(_divsi3.o)
 .debug_frame   0x00000d74       0x34 c:/program files (x86)/atmel/studio/7.0/toolchain/arm/arm-gnu-toolchain/bin/../lib/gcc/arm-none-eabi/6.2.1/thumb/v6-m\libgcc.a(_muldi3.o)
 .debug_frame   0x00000da8       0x2c c:/program files (x86)/atmel/studio/7.0/toolchain/arm/arm-gnu-toolchain/bin/../lib/gcc/arm-none-eabi/6.2.1/../../../../arm-none-eabi/lib/thumb/v6-m\libc_nano.a(lib_a-init.o)
 .debug_frame   0x00000dd4       0x20 c:/program files (x86)/atmel/studio/7.0/toolchain/arm/arm-gnu-toolchain/bin/../lib/gcc/arm-none-eabi/6.2.1/../../../../arm-none-eabi/lib/thumb/v6-m\libc_nano.a(lib_a-memset.o)
 .debug_frame   0x00000df4       0x50 c:/program files (x86)/atmel/studio/7.0/toolchain/arm/arm-gnu-toolchain/bin/../lib/gcc/arm-none-eabi/6.2.1/../../../../arm-none-eabi/lib/thumb/v6-m\libc_nano.a(lib_a-printf.o)
 .debug_frame   0x00000e44       0x28 c:/program files (x86)/atmel/studio/7.0/toolchain/arm/arm-gnu-toolchain/bin/../lib/gcc/arm-none-eabi/6.2.1/../../../../arm-none-eabi/lib/thumb/v6-m\libc_nano.a(lib_a-setbuf.o)
 .debug_frame   0x00000e6c       0x30 c:/program files (x86)/atmel/studio/7.0/toolchain/arm/arm-gnu-toolchain/bin/../lib/gcc/arm-none-eabi/6.2.1/../../../../arm-none-eabi/lib/thumb/v6-m\libc_nano.a(lib_a-setvbuf.o)
 .debug_frame   0x00000e9c       0x68 c:/program files (x86)/atmel/studio/7.0/toolchain/arm/arm-gnu-toolchain/bin/../lib/gcc/arm-none-eabi/6.2.1/../../../../arm-none-eabi/lib/thumb/v6-m\libc_nano.a(lib_a-fflush.o)
 .debug_frame   0x00000f04      0x140 c:/program files (x86)/atmel/studio/7.0/toolchain/arm/arm-gnu-toolchain/bin/../lib/gcc/arm-none-eabi/6.2.1/../../../../arm-none-eabi/lib/thumb/v6-m\libc_nano.a(lib_a-findfp.o)
 .debug_frame   0x00001044       0x58 c:/program files (x86)/atmel/studio/7.0/toolchain/arm/arm-gnu-toolchain/bin/../lib/gcc/arm-none-eabi/6.2.1/../../../../arm-none-eabi/lib/thumb/v6-m\libc_nano.a(lib_a-fwalk.o)
 .debug_frame   0x0000109c       0x54 c:/program files (x86)/atmel/studio/7.0/toolchain/arm/arm-gnu-toolchain/bin/../lib/gcc/arm-none-eabi/6.2.1/../../../../arm-none-eabi/lib/thumb/v6-m\libc_nano.a(lib_a-makebuf.o)
 .debug_frame   0x000010f0       0x40 c:/program files (x86)/atmel/studio/7.0/toolchain/arm/arm-gnu-toolchain/bin/../lib/gcc/arm-none-eabi/6.2.1/../../../../arm-none-eabi/lib/thumb/v6-m\libc_nano.a(lib_a-malloc.o)
 .debug_frame   0x00001130       0x2c c:/program files (x86)/atmel/studio/7.0/toolchain/arm/arm-gnu-toolchain/bin/../lib/gcc/arm-none-eabi/6.2.1/../../../../arm-none-eabi/lib/thumb/v6-m\libc_nano.a(lib_a-nano-freer.o)
 .debug_frame   0x0000115c       0x2c c:/program files (x86)/atmel/studio/7.0/toolchain/arm/arm-gnu-toolchain/bin/../lib/gcc/arm-none-eabi/6.2.1/../../../../arm-none-eabi/lib/thumb/v6-m\libc_nano.a(lib_a-nano-mallocr.o)
 .debug_frame   0x00001188       0x9c c:/program files (x86)/atmel/studio/7.0/toolchain/arm/arm-gnu-toolchain/bin/../lib/gcc/arm-none-eabi/6.2.1/../../../../arm-none-eabi/lib/thumb/v6-m\libc_nano.a(lib_a-nano-vfprintf.o)
 .debug_frame   0x00001224       0x54 c:/program files (x86)/atmel/studio/7.0/toolchain/arm/arm-gnu-toolchain/bin/../lib/gcc/arm-none-eabi/6.2.1/../../../../arm-none-eabi/lib/thumb/v6-m\libc_nano.a(lib_a-nano-vfprintf_i.o)
 .debug_frame   0x00001278       0x2c c:/program files (x86)/atmel/studio/7.0/toolchain/arm/arm-gnu-toolchain/bin/../lib/gcc/arm-none-eabi/6.2.1/../../../../arm-none-eabi/lib/thumb/v6-m\libc_nano.a(lib_a-sbrkr.o)
 .debug_frame   0x000012a4       0x90 c:/program files (x86)/atmel/studio/7.0/toolchain/arm/arm-gnu-toolchain/bin/../lib/gcc/arm-none-eabi/6.2.1/../../../../arm-none-eabi/lib/thumb/v6-m\libc_nano.a(lib_a-stdio.o)
 .debug_frame   0x00001334       0x48 c:/program files (x86)/atmel/studio/7.0/toolchain/arm/arm-gnu-toolchain/bin/../lib/gcc/arm-none-eabi/6.2.1/../../../../arm-none-eabi/lib/thumb/v6-m\libc_nano.a(lib_a-wbuf.o)
 .debug_frame   0x0000137c       0x2c c:/program files (x86)/atmel/studio/7.0/toolchain/arm/arm-gnu-toolchain/bin/../lib/gcc/arm-none-eabi/6.2.1/../../../../arm-none-eabi/lib/thumb/v6-m\libc_nano.a(lib_a-writer.o)
 .debug_frame   0x000013a8       0x2c c:/program files (x86)/atmel/studio/7.0/toolchain/arm/arm-gnu-toolchain/bin/../lib/gcc/arm-none-eabi/6.2.1/../../../../arm-none-eabi/lib/thumb/v6-m\libc_nano.a(lib_a-wsetup.o)
 .debug_frame   0x000013d4       0x2c c:/program files (x86)/atmel/studio/7.0/toolchain/arm/arm-gnu-toolchain/bin/../lib/gcc/arm-none-eabi/6.2.1/../../../../arm-none-eabi/lib/thumb/v6-m\libc_nano.a(lib_a-closer.o)
 .debug_frame   0x00001400       0x2c c:/program files (x86)/atmel/studio/7.0/toolchain/arm/arm-gnu-toolchain/bin/../lib/gcc/arm-none-eabi/6.2.1/../../../../arm-none-eabi/lib/thumb/v6-m\libc_nano.a(lib_a-fstatr.o)
 .debug_frame   0x0000142c       0x2c c:/program files (x86)/atmel/studio/7.0/toolchain/arm/arm-gnu-toolchain/bin/../lib/gcc/arm-none-eabi/6.2.1/../../../../arm-none-eabi/lib/thumb/v6-m\libc_nano.a(lib_a-isattyr.o)
 .debug_frame   0x00001458       0x2c c:/program files (x86)/atmel/studio/7.0/toolchain/arm/arm-gnu-toolchain/bin/../lib/gcc/arm-none-eabi/6.2.1/../../../../arm-none-eabi/lib/thumb/v6-m\libc_nano.a(lib_a-lseekr.o)
 .debug_frame   0x00001484       0x20 c:/program files (x86)/atmel/studio/7.0/toolchain/arm/arm-gnu-toolchain/bin/../lib/gcc/arm-none-eabi/6.2.1/../../../../arm-none-eabi/lib/thumb/v6-m\libc_nano.a(lib_a-memchr-stub.o)
 .debug_frame   0x000014a4       0x30 c:/program files (x86)/atmel/studio/7.0/toolchain/arm/arm-gnu-toolchain/bin/../lib/gcc/arm-none-eabi/6.2.1/../../../../arm-none-eabi/lib/thumb/v6-m\libc_nano.a(lib_a-mlock.o)
 .debug_frame   0x000014d4       0x2c c:/program files (x86)/atmel/studio/7.0/toolchain/arm/arm-gnu-toolchain/bin/../lib/gcc/arm-none-eabi/6.2.1/../../../../arm-none-eabi/lib/thumb/v6-m\libc_nano.a(lib_a-readr.o)
 .debug_frame   0x00001500       0x48 c:/program files (x86)/atmel/studio/7.0/toolchain/arm/arm-gnu-toolchain/bin/../lib/gcc/arm-none-eabi/6.2.1/../../../../arm-none-eabi/lib/thumb/v6-m\libc_nano.a(lib_a-reent.o)

.debug_loc      0x00000000     0x579d
 .debug_loc     0x00000000       0xe4 src/ASF/common2/services/delay/sam0/systick_counter.o
 .debug_loc     0x000000e4      0xf2b src/ASF/sam0/drivers/sercom/i2c/i2c_sam0/i2c_master.o
 .debug_loc     0x0000100f      0x7ec src/ASF/sam0/drivers/sercom/i2c/i2c_sam0/i2c_master_interrupt.o
 .debug_loc     0x000017fb      0x9d5 src/ASF/sam0/drivers/sercom/sercom.o
 .debug_loc     0x000021d0      0x161 src/ASF/sam0/drivers/sercom/sercom_interrupt.o
 .debug_loc     0x00002331      0xe2f src/ASF/sam0/drivers/sercom/usart/usart.o
 .debug_loc     0x00003160      0x711 src/ASF/sam0/drivers/sercom/usart/usart_interrupt.o
 .debug_loc     0x00003871      0xef5 src/ASF/sam0/drivers/system/clock/clock_samd21_r21_da_ha1/clock.o
 .debug_loc     0x00004766      0x504 src/ASF/sam0/drivers/system/clock/clock_samd21_r21_da_ha1/gclk.o
 .debug_loc     0x00004c6a      0x36d src/ASF/sam0/drivers/system/pinmux/pinmux.o
 .debug_loc     0x00004fd7       0x20 src/ASF/sam0/drivers/system/system.o
 .debug_loc     0x00004ff7       0x40 src/ASF/sam0/utils/cmsis/samd21/source/gcc/startup_samd21.o
 .debug_loc     0x00005037       0xca src/ASF/sam0/utils/stdio/read.o
 .debug_loc     0x00005101      0x130 src/ASF/sam0/utils/stdio/write.o
 .debug_loc     0x00005231       0xef src/ASF/sam0/utils/syscalls/gcc/syscalls.o
 .debug_loc     0x00005320      0x47d src/main.o

Cross Reference Table

Symbol                                            File
AC_Handler                                        src/ASF/sam0/utils/cmsis/samd21/source/gcc/startup_samd21.o
ADC_Handler                                       src/ASF/sam0/utils/cmsis/samd21/source/gcc/startup_samd21.o
DAC_Handler                                       src/ASF/sam0/utils/cmsis/samd21/source/gcc/startup_samd21.o
DMAC_Handler                                      src/ASF/sam0/utils/cmsis/samd21/source/gcc/startup_samd21.o
Dummy_Handler                                     src/ASF/sam0/utils/cmsis/samd21/source/gcc/startup_samd21.o
EIC_Handler                                       src/ASF/sam0/utils/cmsis/samd21/source/gcc/startup_samd21.o
EVSYS_Handler                                     src/ASF/sam0/utils/cmsis/samd21/source/gcc/startup_samd21.o
HardFault_Handler                                 src/ASF/sam0/utils/cmsis/samd21/source/gcc/startup_samd21.o
I2S_Handler                                       src/ASF/sam0/utils/cmsis/samd21/source/gcc/startup_samd21.o
NMI_Handler                                       src/ASF/sam0/utils/cmsis/samd21/source/gcc/startup_samd21.o
NVMCTRL_Handler                                   src/ASF/sam0/utils/cmsis/samd21/source/gcc/startup_samd21.o
PM_Handler                                        src/ASF/sam0/utils/cmsis/samd21/source/gcc/startup_samd21.o
PTC_Handler                                       src/ASF/sam0/utils/cmsis/samd21/source/gcc/startup_samd21.o
PendSV_Handler                                    src/ASF/sam0/utils/cmsis/samd21/source/gcc/startup_samd21.o
RTC_Handler                                       src/ASF/sam0/utils/cmsis/samd21/source/gcc/startup_samd21.o
Reset_Handler                                     src/ASF/sam0/utils/cmsis/samd21/source/gcc/startup_samd21.o
SERCOM0_Handler                                   src/ASF/sam0/drivers/sercom/sercom_interrupt.o
SERCOM1_Handler                                   src/ASF/sam0/drivers/sercom/sercom_interrupt.o
SERCOM2_Handler                                   src/ASF/sam0/drivers/sercom/sercom_interrupt.o
SERCOM3_Handler                                   src/ASF/sam0/drivers/sercom/sercom_interrupt.o
SERCOM4_Handler                                   src/ASF/sam0/drivers/sercom/sercom_interrupt.o
SERCOM5_Handler                                   src/ASF/sam0/drivers/sercom/sercom_interrupt.o
SVC_Handler                                       src/ASF/sam0/utils/cmsis/samd21/source/gcc/startup_samd21.o
SYSCTRL_Handler                                   src/ASF/sam0/utils/cmsis/samd21/source/gcc/startup_samd21.o
SysTick_Handler                                   src/ASF/sam0/utils/cmsis/samd21/source/gcc/startup_samd21.o
SystemCoreClock                                   src/ASF/sam0/utils/cmsis/samd21/source/system_samd21.o
SystemCoreClockUpdate                             src/ASF/sam0/utils/cmsis/samd21/source/system_samd21.o
SystemInit                                        src/ASF/sam0/utils/cmsis/samd21/source/system_samd21.o
TC3_Handler                                       src/ASF/sam0/utils/cmsis/samd21/source/gcc/startup_samd21.o
TC4_Handler                                       src/ASF/sam0/utils/cmsis/samd21/source/gcc/startup_samd21.o
TC5_Handler                                       src/ASF/sam0/utils/cmsis/samd21/source/gcc/startup_samd21.o
TCC0_Handler                                      src/ASF/sam0/utils/cmsis/samd21/source/gcc/startup_samd21.o
TCC1_Handler                                      src/ASF/sam0/utils/cmsis/samd21/source/gcc/startup_samd21.o
TCC2_Handler                                      src/ASF/sam0/utils/cmsis/samd21/source/gcc/startup_samd21.o
USB_Handler                                       src/ASF/sam0/utils/cmsis/samd21/source/gcc/startup_samd21.o
WDT_Handler                                       src/ASF/sam0/utils/cmsis/samd21/source/gcc/startup_samd21.o
_Jv_RegisterClasses                               c:/program files (x86)/atmel/studio/7.0/toolchain/arm/arm-gnu-toolchain/bin/../lib/gcc/arm-none-eabi/6.2.1/thumb/v6-m/crtbegin.o
__aeabi_idiv                                      c:/program files (x86)/atmel/studio/7.0/toolchain/arm/arm-gnu-toolchain/bin/../lib/gcc/arm-none-eabi/6.2.1/thumb/v6-m\libgcc.a(_divsi3.o)
                                                  c:/program files (x86)/atmel/studio/7.0/toolchain/arm/arm-gnu-toolchain/bin/../lib/gcc/arm-none-eabi/6.2.1/../../../../arm-none-eabi/lib/thumb/v6-m\libc_nano.a(lib_a-fvwrite.o)
                                                  src/ASF/sam0/drivers/sercom/i2c/i2c_sam0/i2c_master.o
__aeabi_idiv0                                     c:/program files (x86)/atmel/studio/7.0/toolchain/arm/arm-gnu-toolchain/bin/../lib/gcc/arm-none-eabi/6.2.1/thumb/v6-m\libgcc.a(_dvmd_tls.o)
                                                  c:/program files (x86)/atmel/studio/7.0/toolchain/arm/arm-gnu-toolchain/bin/../lib/gcc/arm-none-eabi/6.2.1/thumb/v6-m\libgcc.a(_divsi3.o)
                                                  c:/program files (x86)/atmel/studio/7.0/toolchain/arm/arm-gnu-toolchain/bin/../lib/gcc/arm-none-eabi/6.2.1/thumb/v6-m\libgcc.a(_udivsi3.o)
__aeabi_idivmod                                   c:/program files (x86)/atmel/studio/7.0/toolchain/arm/arm-gnu-toolchain/bin/../lib/gcc/arm-none-eabi/6.2.1/thumb/v6-m\libgcc.a(_divsi3.o)
__aeabi_ldiv0                                     c:/program files (x86)/atmel/studio/7.0/toolchain/arm/arm-gnu-toolchain/bin/../lib/gcc/arm-none-eabi/6.2.1/thumb/v6-m\libgcc.a(_dvmd_tls.o)
__aeabi_lmul                                      c:/program files (x86)/atmel/studio/7.0/toolchain/arm/arm-gnu-toolchain/bin/../lib/gcc/arm-none-eabi/6.2.1/thumb/v6-m\libgcc.a(_muldi3.o)
                                                  src/ASF/sam0/drivers/sercom/sercom.o
__aeabi_uidiv                                     c:/program files (x86)/atmel/studio/7.0/toolchain/arm/arm-gnu-toolchain/bin/../lib/gcc/arm-none-eabi/6.2.1/thumb/v6-m\libgcc.a(_udivsi3.o)
                                                  c:/program files (x86)/atmel/studio/7.0/toolchain/arm/arm-gnu-toolchain/bin/../lib/gcc/arm-none-eabi/6.2.1/../../../../arm-none-eabi/lib/thumb/v6-m\libc_nano.a(lib_a-nano-vfprintf_i.o)
                                                  src/ASF/sam0/drivers/system/clock/clock_samd21_r21_da_ha1/gclk.o
                                                  src/ASF/sam0/drivers/system/clock/clock_samd21_r21_da_ha1/clock.o
                                                  src/ASF/sam0/drivers/sercom/i2c/i2c_sam0/i2c_master.o
                                                  src/ASF/common2/services/delay/sam0/systick_counter.o
__aeabi_uidivmod                                  c:/program files (x86)/atmel/studio/7.0/toolchain/arm/arm-gnu-toolchain/bin/../lib/gcc/arm-none-eabi/6.2.1/thumb/v6-m\libgcc.a(_udivsi3.o)
                                                  c:/program files (x86)/atmel/studio/7.0/toolchain/arm/arm-gnu-toolchain/bin/../lib/gcc/arm-none-eabi/6.2.1/../../../../arm-none-eabi/lib/thumb/v6-m\libc_nano.a(lib_a-nano-vfprintf_i.o)
__bss_end__                                       c:/program files (x86)/atmel/studio/7.0/toolchain/arm/arm-gnu-toolchain/bin/../lib/gcc/arm-none-eabi/6.2.1/../../../../arm-none-eabi/lib/thumb/v6-m/crt0.o
__bss_start__                                     c:/program files (x86)/atmel/studio/7.0/toolchain/arm/arm-gnu-toolchain/bin/../lib/gcc/arm-none-eabi/6.2.1/../../../../arm-none-eabi/lib/thumb/v6-m/crt0.o
__call_exitprocs                                  c:/program files (x86)/atmel/studio/7.0/toolchain/arm/arm-gnu-toolchain/bin/../lib/gcc/arm-none-eabi/6.2.1/../../../../arm-none-eabi/lib/thumb/v6-m\libc_nano.a(lib_a-exit.o)
__deregister_frame_info                           c:/program files (x86)/atmel/studio/7.0/toolchain/arm/arm-gnu-toolchain/bin/../lib/gcc/arm-none-eabi/6.2.1/thumb/v6-m/crtbegin.o
__divsi3                                          c:/program files (x86)/atmel/studio/7.0/toolchain/arm/arm-gnu-toolchain/bin/../lib/gcc/arm-none-eabi/6.2.1/thumb/v6-m\libgcc.a(_divsi3.o)
__dso_handle                                      c:/program files (x86)/atmel/studio/7.0/toolchain/arm/arm-gnu-toolchain/bin/../lib/gcc/arm-none-eabi/6.2.1/thumb/v6-m/crtbegin.o
__fp_lock_all                                     c:/program files (x86)/atmel/studio/7.0/toolchain/arm/arm-gnu-toolchain/bin/../lib/gcc/arm-none-eabi/6.2.1/../../../../arm-none-eabi/lib/thumb/v6-m\libc_nano.a(lib_a-findfp.o)
__fp_unlock_all                                   c:/program files (x86)/atmel/studio/7.0/toolchain/arm/arm-gnu-toolchain/bin/../lib/gcc/arm-none-eabi/6.2.1/../../../../arm-none-eabi/lib/thumb/v6-m\libc_nano.a(lib_a-findfp.o)
__init_array_end                                  c:/program files (x86)/atmel/studio/7.0/toolchain/arm/arm-gnu-toolchain/bin/../lib/gcc/arm-none-eabi/6.2.1/../../../../arm-none-eabi/lib/thumb/v6-m\libc_nano.a(lib_a-init.o)
__init_array_start                                c:/program files (x86)/atmel/studio/7.0/toolchain/arm/arm-gnu-toolchain/bin/../lib/gcc/arm-none-eabi/6.2.1/../../../../arm-none-eabi/lib/thumb/v6-m\libc_nano.a(lib_a-init.o)
__libc_fini_array                                 c:/program files (x86)/atmel/studio/7.0/toolchain/arm/arm-gnu-toolchain/bin/../lib/gcc/arm-none-eabi/6.2.1/../../../../arm-none-eabi/lib/thumb/v6-m/crt0.o
__libc_init_array                                 c:/program files (x86)/atmel/studio/7.0/toolchain/arm/arm-gnu-toolchain/bin/../lib/gcc/arm-none-eabi/6.2.1/../../../../arm-none-eabi/lib/thumb/v6-m\libc_nano.a(lib_a-init.o)
                                                  src/ASF/sam0/utils/cmsis/samd21/source/gcc/startup_samd21.o